Archive member included to satisfy reference by file (symbol)

c:/program files/microchip/xc8/v2.31/avr/bin/../lib/gcc/avr/5.4.0/../../../../avr/lib/avr5/memx-const\libm.a(addsf3.o)
                              MODULES/ADC_module/ADC_module.o (__subsf3)
c:/program files/microchip/xc8/v2.31/avr/bin/../lib/gcc/avr/5.4.0/../../../../avr/lib/avr5/memx-const\libm.a(addsf3x.o)
                              c:/program files/microchip/xc8/v2.31/avr/bin/../lib/gcc/avr/5.4.0/../../../../avr/lib/avr5/memx-const\libm.a(addsf3.o) (__addsf3x)
c:/program files/microchip/xc8/v2.31/avr/bin/../lib/gcc/avr/5.4.0/../../../../avr/lib/avr5/memx-const\libm.a(divsf3.o)
                              MODULES/ADC_module/ADC_module.o (__divsf3)
c:/program files/microchip/xc8/v2.31/avr/bin/../lib/gcc/avr/5.4.0/../../../../avr/lib/avr5/memx-const\libm.a(divsf3x.o)
                              c:/program files/microchip/xc8/v2.31/avr/bin/../lib/gcc/avr/5.4.0/../../../../avr/lib/avr5/memx-const\libm.a(divsf3.o) (__divsf3x)
c:/program files/microchip/xc8/v2.31/avr/bin/../lib/gcc/avr/5.4.0/../../../../avr/lib/avr5/memx-const\libm.a(fixunssfsi.o)
                              MODULES/ADC_module/ADC_module.o (__fixunssfsi)
c:/program files/microchip/xc8/v2.31/avr/bin/../lib/gcc/avr/5.4.0/../../../../avr/lib/avr5/memx-const\libm.a(floatsisf.o)
                              MODULES/ADC_module/ADC_module.o (__floatunsisf)
c:/program files/microchip/xc8/v2.31/avr/bin/../lib/gcc/avr/5.4.0/../../../../avr/lib/avr5/memx-const\libm.a(fp_inf.o)
                              c:/program files/microchip/xc8/v2.31/avr/bin/../lib/gcc/avr/5.4.0/../../../../avr/lib/avr5/memx-const\libm.a(addsf3x.o) (__fp_inf)
c:/program files/microchip/xc8/v2.31/avr/bin/../lib/gcc/avr/5.4.0/../../../../avr/lib/avr5/memx-const\libm.a(fp_nan.o)
                              c:/program files/microchip/xc8/v2.31/avr/bin/../lib/gcc/avr/5.4.0/../../../../avr/lib/avr5/memx-const\libm.a(addsf3x.o) (__fp_nan)
c:/program files/microchip/xc8/v2.31/avr/bin/../lib/gcc/avr/5.4.0/../../../../avr/lib/avr5/memx-const\libm.a(fp_pscA.o)
                              c:/program files/microchip/xc8/v2.31/avr/bin/../lib/gcc/avr/5.4.0/../../../../avr/lib/avr5/memx-const\libm.a(addsf3x.o) (__fp_pscA)
c:/program files/microchip/xc8/v2.31/avr/bin/../lib/gcc/avr/5.4.0/../../../../avr/lib/avr5/memx-const\libm.a(fp_pscB.o)
                              c:/program files/microchip/xc8/v2.31/avr/bin/../lib/gcc/avr/5.4.0/../../../../avr/lib/avr5/memx-const\libm.a(addsf3x.o) (__fp_pscB)
c:/program files/microchip/xc8/v2.31/avr/bin/../lib/gcc/avr/5.4.0/../../../../avr/lib/avr5/memx-const\libm.a(fp_round.o)
                              c:/program files/microchip/xc8/v2.31/avr/bin/../lib/gcc/avr/5.4.0/../../../../avr/lib/avr5/memx-const\libm.a(addsf3.o) (__fp_round)
c:/program files/microchip/xc8/v2.31/avr/bin/../lib/gcc/avr/5.4.0/../../../../avr/lib/avr5/memx-const\libm.a(fp_split3.o)
                              c:/program files/microchip/xc8/v2.31/avr/bin/../lib/gcc/avr/5.4.0/../../../../avr/lib/avr5/memx-const\libm.a(addsf3x.o) (__fp_split3)
c:/program files/microchip/xc8/v2.31/avr/bin/../lib/gcc/avr/5.4.0/../../../../avr/lib/avr5/memx-const\libm.a(fp_zero.o)
                              c:/program files/microchip/xc8/v2.31/avr/bin/../lib/gcc/avr/5.4.0/../../../../avr/lib/avr5/memx-const\libm.a(addsf3x.o) (__fp_zero)
c:/program files/microchip/xc8/v2.31/avr/bin/../lib/gcc/avr/5.4.0/../../../../avr/lib/avr5/memx-const\libm.a(mulsf3.o)
                              MODULES/ADC_module/ADC_module.o (__mulsf3)
c:/program files/microchip/xc8/v2.31/avr/bin/../lib/gcc/avr/5.4.0/../../../../avr/lib/avr5/memx-const\libm.a(mulsf3x.o)
                              c:/program files/microchip/xc8/v2.31/avr/bin/../lib/gcc/avr/5.4.0/../../../../avr/lib/avr5/memx-const\libm.a(mulsf3.o) (__mulsf3x)
c:/program files/microchip/xc8/v2.31/avr/bin/../lib/gcc/avr/5.4.0/../../../../avr/lib/avr5/memx-const\libprintf_flt.a(vfprintf_flt.o)
                              (vfprintf)
c:/program files/microchip/xc8/v2.31/avr/bin/../lib/gcc/avr/5.4.0/avr5/memx-const\libgcc.a(_exit.o)
                              C:/Program Files (x86)/Atmel/Studio/7.0/Packs/atmel/ATmega_DFP/1.6.364/xc8/avr/lib/avr5/memx-const/crtatmega644pa.o (exit)
c:/program files/microchip/xc8/v2.31/avr/bin/../lib/gcc/avr/5.4.0/avr5/memx-const\libgcc.a(_tablejump2.o)
                              MODULES/LORA_module/join_network/join_network.o (__tablejump2__)
c:/program files/microchip/xc8/v2.31/avr/bin/../lib/gcc/avr/5.4.0/avr5/memx-const\libgcc.a(_copy_data.o)
                              MODULES/ADC_module/ADC_module.o (__do_copy_data)
c:/program files/microchip/xc8/v2.31/avr/bin/../lib/gcc/avr/5.4.0/avr5/memx-const\libgcc.a(_umulhisi3.o)
                              MODULES/MRPP_module/util/mrpp_state.o (__umulhisi3)
c:/program files/microchip/xc8/v2.31/avr/bin/../lib/gcc/avr/5.4.0/avr5/memx-const\libgcc.a(_prologue.o)
[...]
Memory Configuration

Name             Origin             Length             Attributes
text             0x0000000000000000 0x0000000000010000 xr
data             0x0000000000800100 0x0000000000001000 rw !x
eeprom           0x0000000000810000 0x0000000000000800 rw !x
fuse             0x0000000000820000 0x0000000000000003 rw !x
lock             0x0000000000830000 0x0000000000000400 rw !x
signature        0x0000000000840000 0x0000000000000400 rw !x
user_signatures  0x0000000000850000 0x0000000000000400 rw !x
*default*        0x0000000000000000 0xffffffffffffffff

Linker script and memory map

Address of section .data set to 0x800100
LOAD C:/Program Files (x86)/Atmel/Studio/7.0/Packs/atmel/ATmega_DFP/1.6.364/xc8/avr/lib/avr5/memx-const/crtatmega644pa.o
LOAD HAL/PM/PM_HAL.o
LOAD HAL/RN2483/RN2483_HAL.o
LOAD HAL/SCD30/SCD30_HAL.o
LOAD HAL/TC0/TC0_HAL.o
LOAD HAL/TC1/TC1_HAL.o
LOAD HAL/TC2/TC2_HAL.o
LOAD HAL/TWI/TWI_API.o
LOAD HAL/TWI/TWI_HAL.o
LOAD HAL/UART0/UART0_HAL.o
LOAD HAL/UART1/UART1_HAL.o
LOAD HAL/UI/UI_HAL.o
LOAD main.o
LOAD MODULES/ADC_module/ADC_module.o
LOAD MODULES/EEPROM_module/EEPROM_module.o
LOAD MODULES/LED_module/LED_module.o
LOAD MODULES/LORA_module/join_network/join_network.o
LOAD MODULES/LORA_module/lora_module.o
LOAD MODULES/LORA_module/RN2483_protocol/RN2483_protocol.o
LOAD MODULES/LORA_module/send_uplink/send_uplink.o
LOAD MODULES/LORA_module/sleep_controller/sleep_controller.o
LOAD MODULES/LORA_module/util/util.o
LOAD MODULES/MRPP_module/mrpp.o
LOAD MODULES/MRPP_module/util/mrpp_data.o
LOAD MODULES/MRPP_module/util/mrpp_state.o
LOAD MODULES/PUMP_module/PUMP_module.o
LOAD MODULES/RTC_module/RTC_module.o
LOAD MODULES/SCD30_module/SCD30_module.o
LOAD PROGRAMS/CONFIG_MODE/CONFIG_MODE.o
LOAD PROGRAMS/CONFIG_MODE/CONNECT/CONNECT.o
LOAD PROGRAMS/CONFIG_MODE/RW/RW.o
LOAD PROGRAMS/CONFIG_MODE/SAMPLE/SAMPLE.o
LOAD PROGRAMS/CONFIG_MODE/UTIL/util.o
LOAD PROGRAMS/MAINPG/MAINPG.o
LOAD TEST/ADC_module/test_ADC_module.o
LOAD TEST/EEPROM_module/test_EEPROM_module.o
LOAD TEST/LED_module/test_LED_module.o
LOAD TEST/LORA_module/test_lora_module.o
LOAD TEST/MRPP_module/helpers/util.o
LOAD TEST/MRPP_module/test_MRPP_module.o
LOAD TEST/PUMP_module/test_PUMP_module.o
LOAD TEST/RTC_module/test_RTC_module.o
LOAD TEST/SCD30_module/test_SCD30_module.o
LOAD TEST/PM_HAL/test_PM_HAL.o
LOAD TEST/TC0_HAL/test_TC0_HAL.o
LOAD TEST/TC1_HAL/test_TC1_HAL.o
LOAD TEST/TC2_HAL/test_TC2_HAL.o
LOAD TEST/test_runner.o
LOAD TEST/UART0_HAL/test_UART0_HAL.o
LOAD util/CRC8/CRC8.o
LOAD util/str2float/str2float.o
START GROUP
LOAD c:/program files/microchip/xc8/v2.31/avr/bin/../lib/gcc/avr/5.4.0/../../../../avr/lib/avr5/memx-const\libm.a
END GROUP
LOAD c:/program files/microchip/xc8/v2.31/avr/bin/../lib/gcc/avr/5.4.0/../../../../avr/lib/avr5/memx-const\libprintf_flt.a
LOAD c:/program files/microchip/xc8/v2.31/avr/bin/../lib/gcc/avr/5.4.0/../../../../avr/lib/avr5/memx-const\libm.a
START GROUP
LOAD c:/program files/microchip/xc8/v2.31/avr/bin/../lib/gcc/avr/5.4.0/avr5/memx-const\libgcc.a
LOAD c:/program files/microchip/xc8/v2.31/avr/bin/../lib/gcc/avr/5.4.0/../../../../avr/lib/avr5/memx-const\libm.a
LOAD c:/program files/microchip/xc8/v2.31/avr/bin/../lib/gcc/avr/5.4.0/../../../../avr/lib/avr5/memx-const\libc.a
LOAD C:/Program Files (x86)/Atmel/Studio/7.0/Packs/atmel/ATmega_DFP/1.6.364/xc8/avr/lib/avr5/memx-const\libatmega644pa.a
END GROUP
                0x0000000000000000                __TEXT_REGION_ORIGIN__ = DEFINED (__TEXT_REGION_ORIGIN__)?__TEXT_REGION_ORIGIN__:0x0
                [0x0000000000800100]                __DATA_REGION_ORIGIN__ = DEFINED (__DATA_REGION_ORIGIN__)?__DATA_REGION_ORIGIN__:0x800060
                [0x0000000000010000]                __TEXT_REGION_LENGTH__ = DEFINED (__TEXT_REGION_LENGTH__)?__TEXT_REGION_LENGTH__:0x20000
                [0x0000000000001000]                __DATA_REGION_LENGTH__ = DEFINED (__DATA_REGION_LENGTH__)?__DATA_REGION_LENGTH__:0xffa0
                [0x0000000000000800]                __EEPROM_REGION_LENGTH__ = DEFINED (__EEPROM_REGION_LENGTH__)?__EEPROM_REGION_LENGTH__:0x10000
                [0x0000000000000003]                __FUSE_REGION_LENGTH__ = DEFINED (__FUSE_REGION_LENGTH__)?__FUSE_REGION_LENGTH__:0x400
                0x0000000000000400                __LOCK_REGION_LENGTH__ = DEFINED (__LOCK_REGION_LENGTH__)?__LOCK_REGION_LENGTH__:0x400
                0x0000000000000400                __SIGNATURE_REGION_LENGTH__ = DEFINED (__SIGNATURE_REGION_LENGTH__)?__SIGNATURE_REGION_LENGTH__:0x400
                0x0000000000000400                __USER_SIGNATURE_REGION_LENGTH__ = DEFINED (__USER_SIGNATURE_REGION_LENGTH__)?__USER_SIGNATURE_REGION_LENGTH__:0x400

.hash
 *(.hash)

.dynsym
 *(.dynsym)

.dynstr
 *(.dynstr)

.gnu.version
 *(.gnu.version)

.gnu.version_d
 *(.gnu.version_d)

.gnu.version_r
 *(.gnu.version_r)

.rel.init
 *(.rel.init)

.rela.init
 *(.rela.init)

.rel.text
 *(.rel.text)
 *(.rel.text.*)
 *(.rel.gnu.linkonce.t*)

.rela.text
 *(.rela.text)
 *(.rela.text.*)
 *(.rela.gnu.linkonce.t*)

.rel.fini
 *(.rel.fini)

.rela.fini
 *(.rela.fini)

.rel.rodata
 *(.rel.rodata)
 *(.rel.rodata.*)
 *(.rel.gnu.linkonce.r*)

.rela.rodata
 *(.rela.rodata)
 *(.rela.rodata.*)
 *(.rela.gnu.linkonce.r*)

.rel.data
 *(.rel.data)
 *(.rel.data.*)
 *(.rel.gnu.linkonce.d*)

.rela.data
 *(.rela.data)
 *(.rela.data.*)
 *(.rela.gnu.linkonce.d*)

.rel.ctors
 *(.rel.ctors)

.rela.ctors
 *(.rela.ctors)

.rel.dtors
 *(.rel.dtors)

.rela.dtors
 *(.rela.dtors)

.rel.got
 *(.rel.got)

.rela.got
 *(.rela.got)

.rel.bss
 *(.rel.bss)

.rela.bss
 *(.rela.bss)

.rel.plt
 *(.rel.plt)

.rela.plt
 *(.rela.plt)

.text           0x0000000000000000      0x264
 *(.vectors)
 .vectors       0x0000000000000000       0x7c C:/Program Files (x86)/Atmel/Studio/7.0/Packs/atmel/ATmega_DFP/1.6.364/xc8/avr/lib/avr5/memx-const/crtatmega644pa.o
                0x0000000000000000                __vector_default
                0x0000000000000000                __vectors
 *(.vectors)
 *(.progmem.gcc*)
 .progmem.gcc_sw_table.JN_join_network
                0x000000000000007c       0x1a MODULES/LORA_module/join_network/join_network.o
 .progmem.gcc_sw_table.CONF_enter
                0x0000000000000096       0x18 PROGRAMS/CONFIG_MODE/CONFIG_MODE.o
 .progmem.gcc_sw_table.CON_RN2483
                0x00000000000000ae        0xe PROGRAMS/CONFIG_MODE/CONNECT/CONNECT.o
 .progmem.gcc_sw_table.MAINPG_start
                0x00000000000000bc       0x30 PROGRAMS/MAINPG/MAINPG.o
 *(.dinit)
 .dinit         0x00000000000000ec       0x29 data_init
                0x0000000000000116                . = ALIGN (0x2)
 *fill*         0x0000000000000115        0x1 
                0x0000000000000116                __trampolines_start = .
 *(.trampolines)
 .trampolines   0x0000000000000116        0x0 linker stubs
 *(.trampolines*)
                0x0000000000000116                __trampolines_end = .
 *libprintf_flt.a:*(.progmem.data)
 *libc.a:*(.progmem.data)
 .progmem.data  0x0000000000000116       0xfa c:/program files/microchip/xc8/v2.31/avr/bin/../lib/gcc/avr/5.4.0/../../../../avr/lib/avr5/memx-const\libc.a(ftoa_engine.o)
                0x0000000000000210                . = ALIGN (0x2)
 *(.jumptables)
 *(.jumptables*)
 *(.lowtext)
 *(.lowtext*)
                0x0000000000000210                __ctors_start = .
 *(.ctors)
                0x0000000000000210                __ctors_end = .
                0x0000000000000210                __dtors_start = .
 *(.dtors)
                0x0000000000000210                __dtors_end = .
 SORT(*)(.ctors)
 SORT(*)(.dtors)
 *(.init0)
 .init0         0x0000000000000210        0x0 C:/Program Files (x86)/Atmel/Studio/7.0/Packs/atmel/ATmega_DFP/1.6.364/xc8/avr/lib/avr5/memx-const/crtatmega644pa.o
                0x0000000000000210                __init
 *(.init0)
 *(.init1)
 *(.init1)
 *(.init2)
 .init2         0x0000000000000210        0xc C:/Program Files (x86)/Atmel/Studio/7.0/Packs/atmel/ATmega_DFP/1.6.364/xc8/avr/lib/avr5/memx-const/crtatmega644pa.o
 *(.init2)
 *(.init3)
 *(.init3)
 *(.init4)
 .init4         0x000000000000021c       0x3c c:/program files/microchip/xc8/v2.31/avr/bin/../lib/gcc/avr/5.4.0/avr5/memx-const\libgcc.a(_copy_data.o)
                0x000000000000021c                __do_copy_data
                0x000000000000024a                __do_clear_bss
 *(.init4)
 *(.init5)
 *(.init5)
 *(.init6)
 *(.init6)
 *(.init7)
 *(.init7)
 *(.init8)
 *(.init8)
 *(.init9)
 .init9         0x0000000000000258        0x8 C:/Program Files (x86)/Atmel/Studio/7.0/Packs/atmel/ATmega_DFP/1.6.364/xc8/avr/lib/avr5/memx-const/crtatmega644pa.o
 *(.init9)
                0x0000000000000260                . = ALIGN (0x2)
 *(.fini9)
 .fini9         0x0000000000000260        0x0 c:/program files/microchip/xc8/v2.31/avr/bin/../lib/gcc/avr/5.4.0/avr5/memx-const\libgcc.a(_exit.o)
                0x0000000000000260                _exit
                0x0000000000000260                exit
 *(.fini9)
 *(.fini8)
 *(.fini8)
 *(.fini7)
 *(.fini7)
 *(.fini6)
 *(.fini6)
 *(.fini5)
 *(.fini5)
 *(.fini4)
 *(.fini4)
 *(.fini3)
 *(.fini3)
 *(.fini2)
 *(.fini2)
 *(.fini1)
 *(.fini1)
 *(.fini0)
 .fini0         0x0000000000000260        0x4 c:/program files/microchip/xc8/v2.31/avr/bin/../lib/gcc/avr/5.4.0/avr5/memx-const\libgcc.a(_exit.o)
 *(.fini0)
                0x0000000000000264                _etext = .

.data           0x0000000000800100        0x0 load address 0x0000000000000264
                [!provide]                        PROVIDE (__data_start, .)
 *(.gnu.linkonce.d*)
 *(.gnu.linkonce.r*)
                0x0000000000800100                . = ALIGN (0x2)
                0x0000000000800100                _edata = .
                [!provide]                        PROVIDE (__data_end, .)

.bss            0x0000000000800100      0x772
                [!provide]                        PROVIDE (__bss_start, .)
 *(COMMON)
 COMMON         0x0000000000800100      0x15e HAL/UART0/UART0_HAL.o
                0x0000000000800100                rx_buffer
                0x0000000000800196                tx_buffer
 COMMON         0x000000000080025e       0xc8 MODULES/LORA_module/util/util.o
                0x000000000080025e                lm_msg
 COMMON         0x0000000000800326       0x9a MODULES/MRPP_module/mrpp.o
                0x0000000000800326                state
 COMMON         0x00000000008003c0      0x320 MODULES/MRPP_module/util/mrpp_data.o
                0x00000000008003c0                storage
 COMMON         0x00000000008006e0      0x190 PROGRAMS/CONFIG_MODE/CONFIG_MODE.o
                0x00000000008006e0                cnf_reply
                0x00000000008007a8                cnf_rx_cmd
 COMMON         0x0000000000800870        0x2 c:/program files/microchip/xc8/v2.31/avr/bin/../lib/gcc/avr/5.4.0/../../../../avr/lib/avr5/memx-const\libc.a(errno.o)
                0x0000000000800870                errno
                [!provide]                        PROVIDE (__bss_end, .)
                0x0000000000000264                __data_load_start = LOADADDR (.data)
                0x0000000000000264                __data_load_end = (__data_load_start + SIZEOF (.data))

.noinit         0x0000000000800872        0x0
                [!provide]                        PROVIDE (__noinit_start, .)
 *(.noinit*)
                [!provide]                        PROVIDE (__noinit_end, .)
                0x0000000000800872                _end = .

.eeprom         0x0000000000810000        0x0
 *(.eeprom*)
                0x0000000000810000                __eeprom_end = .

.fuse
 *(.fuse)
 *(.lfuse)
 *(.hfuse)
 *(.efuse)

.lock
 *(.lock*)

.signature
 *(.signature*)

.user_signatures
 *(.user_signatures*)

.stab
 *(.stab)

.stabstr
 *(.stabstr)

.stab.excl
 *(.stab.excl)

.stab.exclstr
 *(.stab.exclstr)

.stab.index
 *(.stab.index)

.stab.indexstr
 *(.stab.indexstr)

.comment        0x0000000000000000       0x5b
 *(.comment)
 .comment       0x0000000000000000       0x2f HAL/PM/PM_HAL.o
                                         0x30 (size before relaxing)
 .comment       0x000000000000002f       0x30 HAL/RN2483/RN2483_HAL.o
 .comment       0x000000000000002f       0x30 HAL/SCD30/SCD30_HAL.o
 .comment       0x000000000000002f       0x30 HAL/TC0/TC0_HAL.o
 .comment       0x000000000000002f       0x30 HAL/TC1/TC1_HAL.o
 .comment       0x000000000000002f       0x30 HAL/TC2/TC2_HAL.o
 .comment       0x000000000000002f       0x30 HAL/TWI/TWI_API.o
 .comment       0x000000000000002f       0x30 HAL/TWI/TWI_HAL.o
 .comment       0x000000000000002f       0x30 HAL/UART0/UART0_HAL.o
 .comment       0x000000000000002f       0x30 HAL/UART1/UART1_HAL.o
 .comment       0x000000000000002f       0x30 HAL/UI/UI_HAL.o
 .comment       0x000000000000002f       0x30 main.o
 .comment       0x000000000000002f       0x30 MODULES/ADC_module/ADC_module.o
 .comment       0x000000000000002f       0x30 MODULES/EEPROM_module/EEPROM_module.o
 .comment       0x000000000000002f       0x30 MODULES/LED_module/LED_module.o
 .comment       0x000000000000002f       0x30 MODULES/LORA_module/join_network/join_network.o
 .comment       0x000000000000002f       0x30 MODULES/LORA_module/lora_module.o
 .comment       0x000000000000002f       0x30 MODULES/LORA_module/RN2483_protocol/RN2483_protocol.o
 .comment       0x000000000000002f       0x30 MODULES/LORA_module/send_uplink/send_uplink.o
 .comment       0x000000000000002f       0x30 MODULES/LORA_module/sleep_controller/sleep_controller.o
 .comment       0x000000000000002f       0x30 MODULES/LORA_module/util/util.o
 .comment       0x000000000000002f       0x30 MODULES/MRPP_module/mrpp.o
 .comment       0x000000000000002f       0x30 MODULES/MRPP_module/util/mrpp_data.o
 .comment       0x000000000000002f       0x30 MODULES/MRPP_module/util/mrpp_state.o
 .comment       0x000000000000002f       0x30 MODULES/PUMP_module/PUMP_module.o
 .comment       0x000000000000002f       0x30 MODULES/RTC_module/RTC_module.o
 .comment       0x000000000000002f       0x30 MODULES/SCD30_module/SCD30_module.o
 .comment       0x000000000000002f       0x30 PROGRAMS/CONFIG_MODE/CONFIG_MODE.o
 .comment       0x000000000000002f       0x30 PROGRAMS/CONFIG_MODE/CONNECT/CONNECT.o
 .comment       0x000000000000002f       0x30 PROGRAMS/CONFIG_MODE/RW/RW.o
 .comment       0x000000000000002f       0x30 PROGRAMS/CONFIG_MODE/SAMPLE/SAMPLE.o
 .comment       0x000000000000002f       0x30 PROGRAMS/CONFIG_MODE/UTIL/util.o
 .comment       0x000000000000002f       0x30 PROGRAMS/MAINPG/MAINPG.o
 .comment       0x000000000000002f       0x30 util/CRC8/CRC8.o
 .comment       0x000000000000002f       0x30 util/str2float/str2float.o
 .comment       0x000000000000002f       0x2c c:/program files/microchip/xc8/v2.31/avr/bin/../lib/gcc/avr/5.4.0/../../../../avr/lib/avr5/memx-const\libprintf_flt.a(vfprintf_flt.o)
                                         0x2d (size before relaxing)
 .comment       0x000000000000005b       0x2d c:/program files/microchip/xc8/v2.31/avr/bin/../lib/gcc/avr/5.4.0/../../../../avr/lib/avr5/memx-const\libc.a(atoi_M.o)
 .comment       0x000000000000005b       0x2d c:/program files/microchip/xc8/v2.31/avr/bin/../lib/gcc/avr/5.4.0/../../../../avr/lib/avr5/memx-const\libc.a(atol_M.o)
 .comment       0x000000000000005b       0x2d c:/program files/microchip/xc8/v2.31/avr/bin/../lib/gcc/avr/5.4.0/../../../../avr/lib/avr5/memx-const\libc.a(strtol.o)
 .comment       0x000000000000005b       0x2d c:/program files/microchip/xc8/v2.31/avr/bin/../lib/gcc/avr/5.4.0/../../../../avr/lib/avr5/memx-const\libc.a(memcpy_M.o)
 .comment       0x000000000000005b       0x2d c:/program files/microchip/xc8/v2.31/avr/bin/../lib/gcc/avr/5.4.0/../../../../avr/lib/avr5/memx-const\libc.a(strcat_M.o)
 .comment       0x000000000000005b       0x2d c:/program files/microchip/xc8/v2.31/avr/bin/../lib/gcc/avr/5.4.0/../../../../avr/lib/avr5/memx-const\libc.a(strcmp_M.o)
 .comment       0x000000000000005b       0x2d c:/program files/microchip/xc8/v2.31/avr/bin/../lib/gcc/avr/5.4.0/../../../../avr/lib/avr5/memx-const\libc.a(strncmp_M.o)
 .comment       0x000000000000005b       0x2d c:/program files/microchip/xc8/v2.31/avr/bin/../lib/gcc/avr/5.4.0/../../../../avr/lib/avr5/memx-const\libc.a(strlen_M.o)
 .comment       0x000000000000005b       0x2d c:/program files/microchip/xc8/v2.31/avr/bin/../lib/gcc/avr/5.4.0/../../../../avr/lib/avr5/memx-const\libc.a(strcpy_M.o)
 .comment       0x000000000000005b       0x2d c:/program files/microchip/xc8/v2.31/avr/bin/../lib/gcc/avr/5.4.0/../../../../avr/lib/avr5/memx-const\libc.a(strnlen_M.o)
 .comment       0x000000000000005b       0x2d c:/program files/microchip/xc8/v2.31/avr/bin/../lib/gcc/avr/5.4.0/../../../../avr/lib/avr5/memx-const\libc.a(fputc.o)
 .comment       0x000000000000005b       0x2d c:/program files/microchip/xc8/v2.31/avr/bin/../lib/gcc/avr/5.4.0/../../../../avr/lib/avr5/memx-const\libc.a(sprintf.o)
 .comment       0x000000000000005b       0x2d c:/program files/microchip/xc8/v2.31/avr/bin/../lib/gcc/avr/5.4.0/../../../../avr/lib/avr5/memx-const\libc.a(errno.o)

.stack.descriptors.hdr
                0x0000000000000000       0x70
 .stack.descriptors.hdr
                0x0000000000000000        0xe C:/Program Files (x86)/Atmel/Studio/7.0/Packs/atmel/ATmega_DFP/1.6.364/xc8/avr/lib/avr5/memx-const\libatmega644pa.a(eerd_block.o)
 .stack.descriptors.hdr
                0x000000000000000e        0xe C:/Program Files (x86)/Atmel/Studio/7.0/Packs/atmel/ATmega_DFP/1.6.364/xc8/avr/lib/avr5/memx-const\libatmega644pa.a(eerd_byte.o)
 .stack.descriptors.hdr
                0x000000000000001c        0xe C:/Program Files (x86)/Atmel/Studio/7.0/Packs/atmel/ATmega_DFP/1.6.364/xc8/avr/lib/avr5/memx-const\libatmega644pa.a(eerd_dword.o)
 .stack.descriptors.hdr
                0x000000000000002a        0xe C:/Program Files (x86)/Atmel/Studio/7.0/Packs/atmel/ATmega_DFP/1.6.364/xc8/avr/lib/avr5/memx-const\libatmega644pa.a(eerd_word.o)
 .stack.descriptors.hdr
                0x0000000000000038        0xe C:/Program Files (x86)/Atmel/Studio/7.0/Packs/atmel/ATmega_DFP/1.6.364/xc8/avr/lib/avr5/memx-const\libatmega644pa.a(eeupd_block_M.o)
 .stack.descriptors.hdr
                0x0000000000000046        0xe C:/Program Files (x86)/Atmel/Studio/7.0/Packs/atmel/ATmega_DFP/1.6.364/xc8/avr/lib/avr5/memx-const\libatmega644pa.a(eeupd_byte.o)
 .stack.descriptors.hdr
                0x0000000000000054        0xe C:/Program Files (x86)/Atmel/Studio/7.0/Packs/atmel/ATmega_DFP/1.6.364/xc8/avr/lib/avr5/memx-const\libatmega644pa.a(eeupd_dword.o)
 .stack.descriptors.hdr
                0x0000000000000062        0xe C:/Program Files (x86)/Atmel/Studio/7.0/Packs/atmel/ATmega_DFP/1.6.364/xc8/avr/lib/avr5/memx-const\libatmega644pa.a(eeupd_word.o)

.note.gnu.build-id
 *(.note.gnu.build-id)

.debug
 *(.debug)

.line
 *(.line)

.debug_srcinfo
 *(.debug_srcinfo)

.debug_sfnames
 *(.debug_sfnames)

.debug_aranges  0x0000000000000000      0xc18
 *(.debug_aranges)
 .debug_aranges
                0x0000000000000000       0x80 HAL/PM/PM_HAL.o
 .debug_aranges
                0x0000000000000080       0x30 HAL/RN2483/RN2483_HAL.o
 .debug_aranges
                0x00000000000000b0       0x28 HAL/SCD30/SCD30_HAL.o
 .debug_aranges
                0x00000000000000d8       0x38 HAL/TC0/TC0_HAL.o
 .debug_aranges
                0x0000000000000110       0x38 HAL/TC1/TC1_HAL.o
 .debug_aranges
                0x0000000000000148       0x58 HAL/TC2/TC2_HAL.o
 .debug_aranges
                0x00000000000001a0       0x48 HAL/TWI/TWI_API.o
 .debug_aranges
                0x00000000000001e8       0x50 HAL/TWI/TWI_HAL.o
 .debug_aranges
                0x0000000000000238       0x70 HAL/UART0/UART0_HAL.o
 .debug_aranges
                0x00000000000002a8       0x70 HAL/UART1/UART1_HAL.o
 .debug_aranges
                0x0000000000000318       0x28 HAL/UI/UI_HAL.o
 .debug_aranges
                0x0000000000000340       0x20 main.o
 .debug_aranges
                0x0000000000000360       0x78 MODULES/ADC_module/ADC_module.o
 .debug_aranges
                0x00000000000003d8       0xe8 MODULES/EEPROM_module/EEPROM_module.o
 .debug_aranges
                0x00000000000004c0       0x60 MODULES/LED_module/LED_module.o
 .debug_aranges
                0x0000000000000520       0x28 MODULES/LORA_module/join_network/join_network.o
 .debug_aranges
                0x0000000000000548       0x68 MODULES/LORA_module/lora_module.o
 .debug_aranges
                0x00000000000005b0       0x68 MODULES/LORA_module/RN2483_protocol/RN2483_protocol.o
 .debug_aranges
                0x0000000000000618       0x28 MODULES/LORA_module/send_uplink/send_uplink.o
 .debug_aranges
                0x0000000000000640       0x30 MODULES/LORA_module/sleep_controller/sleep_controller.o
 .debug_aranges
                0x0000000000000670       0x58 MODULES/LORA_module/util/util.o
 .debug_aranges
                0x00000000000006c8       0x60 MODULES/MRPP_module/mrpp.o
 .debug_aranges
                0x0000000000000728       0x28 MODULES/MRPP_module/util/mrpp_data.o
 .debug_aranges
                0x0000000000000750       0x70 MODULES/MRPP_module/util/mrpp_state.o
 .debug_aranges
                0x00000000000007c0       0x30 MODULES/PUMP_module/PUMP_module.o
 .debug_aranges
                0x00000000000007f0       0x58 MODULES/RTC_module/RTC_module.o
 .debug_aranges
                0x0000000000000848       0x78 MODULES/SCD30_module/SCD30_module.o
 .debug_aranges
                0x00000000000008c0       0x30 PROGRAMS/CONFIG_MODE/CONFIG_MODE.o
 .debug_aranges
                0x00000000000008f0       0x30 PROGRAMS/CONFIG_MODE/CONNECT/CONNECT.o
 .debug_aranges
                0x0000000000000920       0xa0 PROGRAMS/CONFIG_MODE/RW/RW.o
 .debug_aranges
                0x00000000000009c0       0x40 PROGRAMS/CONFIG_MODE/SAMPLE/SAMPLE.o
 .debug_aranges
                0x0000000000000a00       0x30 PROGRAMS/CONFIG_MODE/UTIL/util.o
 .debug_aranges
                0x0000000000000a30       0x98 PROGRAMS/MAINPG/MAINPG.o
 .debug_aranges
                0x0000000000000ac8       0x20 util/CRC8/CRC8.o
 .debug_aranges
                0x0000000000000ae8       0x30 util/str2float/str2float.o
 .debug_aranges
                0x0000000000000b18       0x20 C:/Program Files (x86)/Atmel/Studio/7.0/Packs/atmel/ATmega_DFP/1.6.364/xc8/avr/lib/avr5/memx-const\libatmega644pa.a(eerd_block.o)
 .debug_aranges
                0x0000000000000b38       0x20 C:/Program Files (x86)/Atmel/Studio/7.0/Packs/atmel/ATmega_DFP/1.6.364/xc8/avr/lib/avr5/memx-const\libatmega644pa.a(eerd_byte.o)
 .debug_aranges
                0x0000000000000b58       0x20 C:/Program Files (x86)/Atmel/Studio/7.0/Packs/atmel/ATmega_DFP/1.6.364/xc8/avr/lib/avr5/memx-const\libatmega644pa.a(eerd_dword.o)
 .debug_aranges
                0x0000000000000b78       0x20 C:/Program Files (x86)/Atmel/Studio/7.0/Packs/atmel/ATmega_DFP/1.6.364/xc8/avr/lib/avr5/memx-const\libatmega644pa.a(eerd_word.o)
 .debug_aranges
                0x0000000000000b98       0x20 C:/Program Files (x86)/Atmel/Studio/7.0/Packs/atmel/ATmega_DFP/1.6.364/xc8/avr/lib/avr5/memx-const\libatmega644pa.a(eeupd_block_M.o)
 .debug_aranges
                0x0000000000000bb8       0x20 C:/Program Files (x86)/Atmel/Studio/7.0/Packs/atmel/ATmega_DFP/1.6.364/xc8/avr/lib/avr5/memx-const\libatmega644pa.a(eeupd_byte.o)
 .debug_aranges
                0x0000000000000bd8       0x20 C:/Program Files (x86)/Atmel/Studio/7.0/Packs/atmel/ATmega_DFP/1.6.364/xc8/avr/lib/avr5/memx-const\libatmega644pa.a(eeupd_dword.o)
 .debug_aranges
                0x0000000000000bf8       0x20 C:/Program Files (x86)/Atmel/Studio/7.0/Packs/atmel/ATmega_DFP/1.6.364/xc8/avr/lib/avr5/memx-const\libatmega644pa.a(eeupd_word.o)

.debug_pubnames
 *(.debug_pubnames)

.debug_info     0x0000000000000000    0x127a4
 *(.debug_info .gnu.linkonce.wi.*)
 .debug_info    0x0000000000000000      0x6cc C:/Program Files (x86)/Atmel/Studio/7.0/Packs/atmel/ATmega_DFP/1.6.364/xc8/avr/lib/avr5/memx-const/crtatmega644pa.o
 .debug_info    0x00000000000006cc      0x4b2 HAL/PM/PM_HAL.o
 .debug_info    0x0000000000000b7e      0x2dc HAL/RN2483/RN2483_HAL.o
 .debug_info    0x0000000000000e5a      0x2c4 HAL/SCD30/SCD30_HAL.o
 .debug_info    0x000000000000111e      0x33b HAL/TC0/TC0_HAL.o
 .debug_info    0x0000000000001459      0x34b HAL/TC1/TC1_HAL.o
 .debug_info    0x00000000000017a4      0x4b4 HAL/TC2/TC2_HAL.o
 .debug_info    0x0000000000001c58      0x6b2 HAL/TWI/TWI_API.o
 .debug_info    0x000000000000230a      0x446 HAL/TWI/TWI_HAL.o
 .debug_info    0x0000000000002750      0x795 HAL/UART0/UART0_HAL.o
 .debug_info    0x0000000000002ee5      0x688 HAL/UART1/UART1_HAL.o
 .debug_info    0x000000000000356d      0x2c3 HAL/UI/UI_HAL.o
 .debug_info    0x0000000000003830      0x3cc main.o
 .debug_info    0x0000000000003bfc      0x976 MODULES/ADC_module/ADC_module.o
 .debug_info    0x0000000000004572      0xcee MODULES/EEPROM_module/EEPROM_module.o
 .debug_info    0x0000000000005260      0x712 MODULES/LED_module/LED_module.o
 .debug_info    0x0000000000005972      0xca5 MODULES/LORA_module/join_network/join_network.o
 .debug_info    0x0000000000006617      0x6ca MODULES/LORA_module/lora_module.o
 .debug_info    0x0000000000006ce1      0x8ae MODULES/LORA_module/RN2483_protocol/RN2483_protocol.o
 .debug_info    0x000000000000758f      0x7df MODULES/LORA_module/send_uplink/send_uplink.o
 .debug_info    0x0000000000007d6e      0x5ec MODULES/LORA_module/sleep_controller/sleep_controller.o
 .debug_info    0x000000000000835a      0x9d0 MODULES/LORA_module/util/util.o
 .debug_info    0x0000000000008d2a      0xaaf MODULES/MRPP_module/mrpp.o
 .debug_info    0x00000000000097d9      0x43f MODULES/MRPP_module/util/mrpp_data.o
 .debug_info    0x0000000000009c18      0xb25 MODULES/MRPP_module/util/mrpp_state.o
 .debug_info    0x000000000000a73d      0x3b8 MODULES/PUMP_module/PUMP_module.o
 .debug_info    0x000000000000aaf5      0x951 MODULES/RTC_module/RTC_module.o
 .debug_info    0x000000000000b446      0xa42 MODULES/SCD30_module/SCD30_module.o
 .debug_info    0x000000000000be88      0x722 PROGRAMS/CONFIG_MODE/CONFIG_MODE.o
 .debug_info    0x000000000000c5aa      0x5e0 PROGRAMS/CONFIG_MODE/CONNECT/CONNECT.o
 .debug_info    0x000000000000cb8a     0x1e92 PROGRAMS/CONFIG_MODE/RW/RW.o
 .debug_info    0x000000000000ea1c      0xba9 PROGRAMS/CONFIG_MODE/SAMPLE/SAMPLE.o
 .debug_info    0x000000000000f5c5      0x4d9 PROGRAMS/CONFIG_MODE/UTIL/util.o
 .debug_info    0x000000000000fa9e     0x2034 PROGRAMS/MAINPG/MAINPG.o
 .debug_info    0x0000000000011ad2      0x2f9 util/CRC8/CRC8.o
 .debug_info    0x0000000000011dcb      0x46f util/str2float/str2float.o
 .debug_info    0x000000000001223a       0xad C:/Program Files (x86)/Atmel/Studio/7.0/Packs/atmel/ATmega_DFP/1.6.364/xc8/avr/lib/avr5/memx-const\libatmega644pa.a(eerd_block.o)
 .debug_info    0x00000000000122e7       0xac C:/Program Files (x86)/Atmel/Studio/7.0/Packs/atmel/ATmega_DFP/1.6.364/xc8/avr/lib/avr5/memx-const\libatmega644pa.a(eerd_byte.o)
 .debug_info    0x0000000000012393       0xad C:/Program Files (x86)/Atmel/Studio/7.0/Packs/atmel/ATmega_DFP/1.6.364/xc8/avr/lib/avr5/memx-const\libatmega644pa.a(eerd_dword.o)
 .debug_info    0x0000000000012440       0xac C:/Program Files (x86)/Atmel/Studio/7.0/Packs/atmel/ATmega_DFP/1.6.364/xc8/avr/lib/avr5/memx-const\libatmega644pa.a(eerd_word.o)
 .debug_info    0x00000000000124ec       0xb0 C:/Program Files (x86)/Atmel/Studio/7.0/Packs/atmel/ATmega_DFP/1.6.364/xc8/avr/lib/avr5/memx-const\libatmega644pa.a(eeupd_block_M.o)
 .debug_info    0x000000000001259c       0xad C:/Program Files (x86)/Atmel/Studio/7.0/Packs/atmel/ATmega_DFP/1.6.364/xc8/avr/lib/avr5/memx-const\libatmega644pa.a(eeupd_byte.o)
 .debug_info    0x0000000000012649       0xae C:/Program Files (x86)/Atmel/Studio/7.0/Packs/atmel/ATmega_DFP/1.6.364/xc8/avr/lib/avr5/memx-const\libatmega644pa.a(eeupd_dword.o)
 .debug_info    0x00000000000126f7       0xad C:/Program Files (x86)/Atmel/Studio/7.0/Packs/atmel/ATmega_DFP/1.6.364/xc8/avr/lib/avr5/memx-const\libatmega644pa.a(eeupd_word.o)

.debug_abbrev   0x0000000000000000     0x348e
 *(.debug_abbrev)
 .debug_abbrev  0x0000000000000000      0x66e C:/Program Files (x86)/Atmel/Studio/7.0/Packs/atmel/ATmega_DFP/1.6.364/xc8/avr/lib/avr5/memx-const/crtatmega644pa.o
 .debug_abbrev  0x000000000000066e       0x85 HAL/PM/PM_HAL.o
 .debug_abbrev  0x00000000000006f3       0x44 HAL/RN2483/RN2483_HAL.o
 .debug_abbrev  0x0000000000000737       0x5c HAL/SCD30/SCD30_HAL.o
 .debug_abbrev  0x0000000000000793       0xb3 HAL/TC0/TC0_HAL.o
 .debug_abbrev  0x0000000000000846       0xb3 HAL/TC1/TC1_HAL.o
 .debug_abbrev  0x00000000000008f9      0x144 HAL/TC2/TC2_HAL.o
 .debug_abbrev  0x0000000000000a3d      0x110 HAL/TWI/TWI_API.o
 .debug_abbrev  0x0000000000000b4d       0xbd HAL/TWI/TWI_HAL.o
 .debug_abbrev  0x0000000000000c0a      0x20a HAL/UART0/UART0_HAL.o
 .debug_abbrev  0x0000000000000e14      0x19a HAL/UART1/UART1_HAL.o
 .debug_abbrev  0x0000000000000fae       0x5c HAL/UI/UI_HAL.o
 .debug_abbrev  0x000000000000100a       0xf4 main.o
 .debug_abbrev  0x00000000000010fe      0x214 MODULES/ADC_module/ADC_module.o
 .debug_abbrev  0x0000000000001312      0x139 MODULES/EEPROM_module/EEPROM_module.o
 .debug_abbrev  0x000000000000144b      0x16d MODULES/LED_module/LED_module.o
 .debug_abbrev  0x00000000000015b8      0x1c0 MODULES/LORA_module/join_network/join_network.o
 .debug_abbrev  0x0000000000001778      0x165 MODULES/LORA_module/lora_module.o
 .debug_abbrev  0x00000000000018dd      0x16f MODULES/LORA_module/RN2483_protocol/RN2483_protocol.o
 .debug_abbrev  0x0000000000001a4c      0x158 MODULES/LORA_module/send_uplink/send_uplink.o
 .debug_abbrev  0x0000000000001ba4      0x161 MODULES/LORA_module/sleep_controller/sleep_controller.o
 .debug_abbrev  0x0000000000001d05      0x253 MODULES/LORA_module/util/util.o
 .debug_abbrev  0x0000000000001f58      0x1ad MODULES/MRPP_module/mrpp.o
 .debug_abbrev  0x0000000000002105       0xcb MODULES/MRPP_module/util/mrpp_data.o
 .debug_abbrev  0x00000000000021d0      0x1f9 MODULES/MRPP_module/util/mrpp_state.o
 .debug_abbrev  0x00000000000023c9       0xd5 MODULES/PUMP_module/PUMP_module.o
 .debug_abbrev  0x000000000000249e      0x1a5 MODULES/RTC_module/RTC_module.o
 .debug_abbrev  0x0000000000002643      0x249 MODULES/SCD30_module/SCD30_module.o
 .debug_abbrev  0x000000000000288c      0x159 PROGRAMS/CONFIG_MODE/CONFIG_MODE.o
 .debug_abbrev  0x00000000000029e5      0x1aa PROGRAMS/CONFIG_MODE/CONNECT/CONNECT.o
 .debug_abbrev  0x0000000000002b8f      0x200 PROGRAMS/CONFIG_MODE/RW/RW.o
 .debug_abbrev  0x0000000000002d8f      0x163 PROGRAMS/CONFIG_MODE/SAMPLE/SAMPLE.o
 .debug_abbrev  0x0000000000002ef2       0xf0 PROGRAMS/CONFIG_MODE/UTIL/util.o
 .debug_abbrev  0x0000000000002fe2      0x282 PROGRAMS/MAINPG/MAINPG.o
 .debug_abbrev  0x0000000000003264       0x90 util/CRC8/CRC8.o
 .debug_abbrev  0x00000000000032f4       0xfa util/str2float/str2float.o
 .debug_abbrev  0x00000000000033ee       0x14 C:/Program Files (x86)/Atmel/Studio/7.0/Packs/atmel/ATmega_DFP/1.6.364/xc8/avr/lib/avr5/memx-const\libatmega644pa.a(eerd_block.o)
 .debug_abbrev  0x0000000000003402       0x14 C:/Program Files (x86)/Atmel/Studio/7.0/Packs/atmel/ATmega_DFP/1.6.364/xc8/avr/lib/avr5/memx-const\libatmega644pa.a(eerd_byte.o)
 .debug_abbrev  0x0000000000003416       0x14 C:/Program Files (x86)/Atmel/Studio/7.0/Packs/atmel/ATmega_DFP/1.6.364/xc8/avr/lib/avr5/memx-const\libatmega644pa.a(eerd_dword.o)
 .debug_abbrev  0x000000000000342a       0x14 C:/Program Files (x86)/Atmel/Studio/7.0/Packs/atmel/ATmega_DFP/1.6.364/xc8/avr/lib/avr5/memx-const\libatmega644pa.a(eerd_word.o)
 .debug_abbrev  0x000000000000343e       0x14 C:/Program Files (x86)/Atmel/Studio/7.0/Packs/atmel/ATmega_DFP/1.6.364/xc8/avr/lib/avr5/memx-const\libatmega644pa.a(eeupd_block_M.o)
 .debug_abbrev  0x0000000000003452       0x14 C:/Program Files (x86)/Atmel/Studio/7.0/Packs/atmel/ATmega_DFP/1.6.364/xc8/avr/lib/avr5/memx-const\libatmega644pa.a(eeupd_byte.o)
 .debug_abbrev  0x0000000000003466       0x14 C:/Program Files (x86)/Atmel/Studio/7.0/Packs/atmel/ATmega_DFP/1.6.364/xc8/avr/lib/avr5/memx-const\libatmega644pa.a(eeupd_dword.o)
 .debug_abbrev  0x000000000000347a       0x14 C:/Program Files (x86)/Atmel/Studio/7.0/Packs/atmel/ATmega_DFP/1.6.364/xc8/avr/lib/avr5/memx-const\libatmega644pa.a(eeupd_word.o)

.debug_line     0x0000000000000000     0x6ba4
 *(.debug_line .debug_line.* .debug_line_end)
 .debug_line    0x0000000000000000      0x154 C:/Program Files (x86)/Atmel/Studio/7.0/Packs/atmel/ATmega_DFP/1.6.364/xc8/avr/lib/avr5/memx-const/crtatmega644pa.o
 .debug_line    0x0000000000000154      0x224 HAL/PM/PM_HAL.o
 .debug_line    0x0000000000000378       0xbb HAL/RN2483/RN2483_HAL.o
 .debug_line    0x0000000000000433       0xaf HAL/SCD30/SCD30_HAL.o
 .debug_line    0x00000000000004e2      0x10e HAL/TC0/TC0_HAL.o
 .debug_line    0x00000000000005f0      0x114 HAL/TC1/TC1_HAL.o
 .debug_line    0x0000000000000704      0x232 HAL/TC2/TC2_HAL.o
 .debug_line    0x0000000000000936      0x1d7 HAL/TWI/TWI_API.o
 .debug_line    0x0000000000000b0d      0x21c HAL/TWI/TWI_HAL.o
 .debug_line    0x0000000000000d29      0x348 HAL/UART0/UART0_HAL.o
 .debug_line    0x0000000000001071      0x2e5 HAL/UART1/UART1_HAL.o
 .debug_line    0x0000000000001356       0xa9 HAL/UI/UI_HAL.o
 .debug_line    0x00000000000013ff      0x16e main.o
 .debug_line    0x000000000000156d      0x375 MODULES/ADC_module/ADC_module.o
 .debug_line    0x00000000000018e2      0x3fd MODULES/EEPROM_module/EEPROM_module.o
 .debug_line    0x0000000000001cdf      0x2bc MODULES/LED_module/LED_module.o
 .debug_line    0x0000000000001f9b      0x41f MODULES/LORA_module/join_network/join_network.o
 .debug_line    0x00000000000023ba      0x2d1 MODULES/LORA_module/lora_module.o
 .debug_line    0x000000000000268b      0x26b MODULES/LORA_module/RN2483_protocol/RN2483_protocol.o
 .debug_line    0x00000000000028f6      0x270 MODULES/LORA_module/send_uplink/send_uplink.o
 .debug_line    0x0000000000002b66      0x2f2 MODULES/LORA_module/sleep_controller/sleep_controller.o
 .debug_line    0x0000000000002e58      0x3b1 MODULES/LORA_module/util/util.o
 .debug_line    0x0000000000003209      0x26e MODULES/MRPP_module/mrpp.o
 .debug_line    0x0000000000003477      0x13e MODULES/MRPP_module/util/mrpp_data.o
 .debug_line    0x00000000000035b5      0x589 MODULES/MRPP_module/util/mrpp_state.o
 .debug_line    0x0000000000003b3e      0x151 MODULES/PUMP_module/PUMP_module.o
 .debug_line    0x0000000000003c8f      0x358 MODULES/RTC_module/RTC_module.o
 .debug_line    0x0000000000003fe7      0x437 MODULES/SCD30_module/SCD30_module.o
 .debug_line    0x000000000000441e      0x35a PROGRAMS/CONFIG_MODE/CONFIG_MODE.o
 .debug_line    0x0000000000004778      0x275 PROGRAMS/CONFIG_MODE/CONNECT/CONNECT.o
 .debug_line    0x00000000000049ed      0x840 PROGRAMS/CONFIG_MODE/RW/RW.o
 .debug_line    0x000000000000522d      0x392 PROGRAMS/CONFIG_MODE/SAMPLE/SAMPLE.o
 .debug_line    0x00000000000055bf      0x1ae PROGRAMS/CONFIG_MODE/UTIL/util.o
 .debug_line    0x000000000000576d      0xce0 PROGRAMS/MAINPG/MAINPG.o
 .debug_line    0x000000000000644d       0xe4 util/CRC8/CRC8.o
 .debug_line    0x0000000000006531      0x1aa util/str2float/str2float.o
 .debug_line    0x00000000000066db       0xba C:/Program Files (x86)/Atmel/Studio/7.0/Packs/atmel/ATmega_DFP/1.6.364/xc8/avr/lib/avr5/memx-const\libatmega644pa.a(eerd_block.o)
 .debug_line    0x0000000000006795       0x82 C:/Program Files (x86)/Atmel/Studio/7.0/Packs/atmel/ATmega_DFP/1.6.364/xc8/avr/lib/avr5/memx-const\libatmega644pa.a(eerd_byte.o)
 .debug_line    0x0000000000006817       0x71 C:/Program Files (x86)/Atmel/Studio/7.0/Packs/atmel/ATmega_DFP/1.6.364/xc8/avr/lib/avr5/memx-const\libatmega644pa.a(eerd_dword.o)
 .debug_line    0x0000000000006888       0x70 C:/Program Files (x86)/Atmel/Studio/7.0/Packs/atmel/ATmega_DFP/1.6.364/xc8/avr/lib/avr5/memx-const\libatmega644pa.a(eerd_word.o)
 .debug_line    0x00000000000068f8      0x110 C:/Program Files (x86)/Atmel/Studio/7.0/Packs/atmel/ATmega_DFP/1.6.364/xc8/avr/lib/avr5/memx-const\libatmega644pa.a(eeupd_block_M.o)
 .debug_line    0x0000000000006a08       0xb9 C:/Program Files (x86)/Atmel/Studio/7.0/Packs/atmel/ATmega_DFP/1.6.364/xc8/avr/lib/avr5/memx-const\libatmega644pa.a(eeupd_byte.o)
 .debug_line    0x0000000000006ac1       0x7e C:/Program Files (x86)/Atmel/Studio/7.0/Packs/atmel/ATmega_DFP/1.6.364/xc8/avr/lib/avr5/memx-const\libatmega644pa.a(eeupd_dword.o)
 .debug_line    0x0000000000006b3f       0x65 C:/Program Files (x86)/Atmel/Studio/7.0/Packs/atmel/ATmega_DFP/1.6.364/xc8/avr/lib/avr5/memx-const\libatmega644pa.a(eeupd_word.o)

.debug_frame    0x0000000000000000     0x1f88
 *(.debug_frame)
 .debug_frame   0x0000000000000000       0xf0 HAL/PM/PM_HAL.o
 .debug_frame   0x00000000000000f0       0x44 HAL/RN2483/RN2483_HAL.o
 .debug_frame   0x0000000000000134       0x34 HAL/SCD30/SCD30_HAL.o
 .debug_frame   0x0000000000000168       0x9c HAL/TC0/TC0_HAL.o
 .debug_frame   0x0000000000000204       0x9c HAL/TC1/TC1_HAL.o
 .debug_frame   0x00000000000002a0       0xe8 HAL/TC2/TC2_HAL.o
 .debug_frame   0x0000000000000388       0xe8 HAL/TWI/TWI_API.o
 .debug_frame   0x0000000000000470       0x84 HAL/TWI/TWI_HAL.o
 .debug_frame   0x00000000000004f4      0x14c HAL/UART0/UART0_HAL.o
 .debug_frame   0x0000000000000640      0x13c HAL/UART1/UART1_HAL.o
 .debug_frame   0x000000000000077c       0x34 HAL/UI/UI_HAL.o
 .debug_frame   0x00000000000007b0       0x24 main.o
 .debug_frame   0x00000000000007d4      0x134 MODULES/ADC_module/ADC_module.o
 .debug_frame   0x0000000000000908      0x238 MODULES/EEPROM_module/EEPROM_module.o
 .debug_frame   0x0000000000000b40       0xc0 MODULES/LED_module/LED_module.o
 .debug_frame   0x0000000000000c00       0x78 MODULES/LORA_module/join_network/join_network.o
 .debug_frame   0x0000000000000c78       0xc4 MODULES/LORA_module/lora_module.o
 .debug_frame   0x0000000000000d3c      0x218 MODULES/LORA_module/RN2483_protocol/RN2483_protocol.o
 .debug_frame   0x0000000000000f54       0x70 MODULES/LORA_module/send_uplink/send_uplink.o
 .debug_frame   0x0000000000000fc4       0x44 MODULES/LORA_module/sleep_controller/sleep_controller.o
 .debug_frame   0x0000000000001008       0xd4 MODULES/LORA_module/util/util.o
 .debug_frame   0x00000000000010dc      0x134 MODULES/MRPP_module/mrpp.o
 .debug_frame   0x0000000000001210       0x64 MODULES/MRPP_module/util/mrpp_data.o
 .debug_frame   0x0000000000001274      0x1a0 MODULES/MRPP_module/util/mrpp_state.o
 .debug_frame   0x0000000000001414       0x44 MODULES/PUMP_module/PUMP_module.o
 .debug_frame   0x0000000000001458      0x180 MODULES/RTC_module/RTC_module.o
 .debug_frame   0x00000000000015d8      0x108 MODULES/SCD30_module/SCD30_module.o
 .debug_frame   0x00000000000016e0       0x58 PROGRAMS/CONFIG_MODE/CONFIG_MODE.o
 .debug_frame   0x0000000000001738       0xd0 PROGRAMS/CONFIG_MODE/CONNECT/CONNECT.o
 .debug_frame   0x0000000000001808      0x354 PROGRAMS/CONFIG_MODE/RW/RW.o
 .debug_frame   0x0000000000001b5c      0x104 PROGRAMS/CONFIG_MODE/SAMPLE/SAMPLE.o
 .debug_frame   0x0000000000001c60       0xc0 PROGRAMS/CONFIG_MODE/UTIL/util.o
 .debug_frame   0x0000000000001d20      0x190 PROGRAMS/MAINPG/MAINPG.o
 .debug_frame   0x0000000000001eb0       0x24 util/CRC8/CRC8.o
 .debug_frame   0x0000000000001ed4       0xb4 util/str2float/str2float.o

.debug_str      0x0000000000000000     0x154c
 *(.debug_str)
 .debug_str     0x0000000000000000      0x252 C:/Program Files (x86)/Atmel/Studio/7.0/Packs/atmel/ATmega_DFP/1.6.364/xc8/avr/lib/avr5/memx-const/crtatmega644pa.o
 .debug_str     0x0000000000000252        0x0 HAL/PM/PM_HAL.o
 .debug_str     0x0000000000000252        0x0 HAL/RN2483/RN2483_HAL.o
 .debug_str     0x0000000000000252        0x0 HAL/SCD30/SCD30_HAL.o
 .debug_str     0x0000000000000252        0x0 HAL/TC0/TC0_HAL.o
 .debug_str     0x0000000000000252        0x0 HAL/TC1/TC1_HAL.o
 .debug_str     0x0000000000000252        0x0 HAL/TC2/TC2_HAL.o
 .debug_str     0x0000000000000252       0x8f HAL/TWI/TWI_API.o
 .debug_str     0x00000000000002e1       0x11 HAL/TWI/TWI_HAL.o
 .debug_str     0x00000000000002f2        0x0 HAL/UART0/UART0_HAL.o
 .debug_str     0x00000000000002f2        0x0 HAL/UART1/UART1_HAL.o
 .debug_str     0x00000000000002f2        0x0 HAL/UI/UI_HAL.o
 .debug_str     0x00000000000002f2       0x68 main.o
 .debug_str     0x000000000000035a       0x94 MODULES/ADC_module/ADC_module.o
 .debug_str     0x00000000000003ee       0x94 MODULES/EEPROM_module/EEPROM_module.o
 .debug_str     0x0000000000000482       0x44 MODULES/LED_module/LED_module.o
 .debug_str     0x00000000000004c6      0x107 MODULES/LORA_module/join_network/join_network.o
 .debug_str     0x00000000000005cd       0x93 MODULES/LORA_module/lora_module.o
 .debug_str     0x0000000000000660        0x7 MODULES/LORA_module/RN2483_protocol/RN2483_protocol.o
 .debug_str     0x0000000000000667       0xb8 MODULES/LORA_module/send_uplink/send_uplink.o
 .debug_str     0x000000000000071f       0xb8 MODULES/LORA_module/sleep_controller/sleep_controller.o
 .debug_str     0x00000000000007d7       0xd0 MODULES/LORA_module/util/util.o
 .debug_str     0x00000000000008a7      0x184 MODULES/MRPP_module/mrpp.o
 .debug_str     0x0000000000000a2b        0x0 MODULES/MRPP_module/util/mrpp_data.o
 .debug_str     0x0000000000000a2b       0xa1 MODULES/MRPP_module/util/mrpp_state.o
 .debug_str     0x0000000000000acc       0x31 MODULES/PUMP_module/PUMP_module.o
 .debug_str     0x0000000000000afd       0x76 MODULES/RTC_module/RTC_module.o
 .debug_str     0x0000000000000b73       0xa5 MODULES/SCD30_module/SCD30_module.o
 .debug_str     0x0000000000000c18       0xce PROGRAMS/CONFIG_MODE/CONFIG_MODE.o
 .debug_str     0x0000000000000ce6        0xe PROGRAMS/CONFIG_MODE/CONNECT/CONNECT.o
 .debug_str     0x0000000000000cf4      0x1cf PROGRAMS/CONFIG_MODE/RW/RW.o
 .debug_str     0x0000000000000ec3       0xeb PROGRAMS/CONFIG_MODE/SAMPLE/SAMPLE.o
 .debug_str     0x0000000000000fae        0x0 PROGRAMS/CONFIG_MODE/UTIL/util.o
 .debug_str     0x0000000000000fae      0x59e PROGRAMS/MAINPG/MAINPG.o
 .debug_str     0x000000000000154c        0x0 util/CRC8/CRC8.o
 .debug_str     0x000000000000154c        0x0 util/str2float/str2float.o

.debug_loc      0x0000000000000000     0x74f5
 *(.debug_loc)
 .debug_loc     0x0000000000000000      0x151 HAL/PM/PM_HAL.o
 .debug_loc     0x0000000000000151       0xf9 HAL/TC0/TC0_HAL.o
 .debug_loc     0x000000000000024a       0xfe HAL/TC1/TC1_HAL.o
 .debug_loc     0x0000000000000348      0x221 HAL/TC2/TC2_HAL.o
 .debug_loc     0x0000000000000569      0x53f HAL/TWI/TWI_API.o
 .debug_loc     0x0000000000000aa8       0xea HAL/TWI/TWI_HAL.o
 .debug_loc     0x0000000000000b92      0x3af HAL/UART0/UART0_HAL.o
 .debug_loc     0x0000000000000f41      0x317 HAL/UART1/UART1_HAL.o
 .debug_loc     0x0000000000001258      0x36a MODULES/ADC_module/ADC_module.o
 .debug_loc     0x00000000000015c2      0x5d0 MODULES/EEPROM_module/EEPROM_module.o
 .debug_loc     0x0000000000001b92      0x2b9 MODULES/LED_module/LED_module.o
 .debug_loc     0x0000000000001e4b      0x2ec MODULES/LORA_module/join_network/join_network.o
 .debug_loc     0x0000000000002137      0x17a MODULES/LORA_module/lora_module.o
 .debug_loc     0x00000000000022b1      0x8a0 MODULES/LORA_module/RN2483_protocol/RN2483_protocol.o
 .debug_loc     0x0000000000002b51      0x1db MODULES/LORA_module/send_uplink/send_uplink.o
 .debug_loc     0x0000000000002d2c       0x48 MODULES/LORA_module/sleep_controller/sleep_controller.o
 .debug_loc     0x0000000000002d74      0x292 MODULES/LORA_module/util/util.o
 .debug_loc     0x0000000000003006      0x5a9 MODULES/MRPP_module/mrpp.o
 .debug_loc     0x00000000000035af      0x1bd MODULES/MRPP_module/util/mrpp_data.o
 .debug_loc     0x000000000000376c      0xaa7 MODULES/MRPP_module/util/mrpp_state.o
 .debug_loc     0x0000000000004213       0x35 MODULES/PUMP_module/PUMP_module.o
 .debug_loc     0x0000000000004248      0x55a MODULES/RTC_module/RTC_module.o
 .debug_loc     0x00000000000047a2      0x343 MODULES/SCD30_module/SCD30_module.o
 .debug_loc     0x0000000000004ae5      0x24a PROGRAMS/CONFIG_MODE/CONFIG_MODE.o
 .debug_loc     0x0000000000004d2f      0x263 PROGRAMS/CONFIG_MODE/CONNECT/CONNECT.o
 .debug_loc     0x0000000000004f92     0x1085 PROGRAMS/CONFIG_MODE/RW/RW.o
 .debug_loc     0x0000000000006017      0x37f PROGRAMS/CONFIG_MODE/SAMPLE/SAMPLE.o
 .debug_loc     0x0000000000006396      0x411 PROGRAMS/CONFIG_MODE/UTIL/util.o
 .debug_loc     0x00000000000067a7      0x94b PROGRAMS/MAINPG/MAINPG.o
 .debug_loc     0x00000000000070f2       0x91 util/CRC8/CRC8.o
 .debug_loc     0x0000000000007183      0x372 util/str2float/str2float.o

.debug_macinfo
 *(.debug_macinfo)

.debug_weaknames
 *(.debug_weaknames)

.debug_funcnames
 *(.debug_funcnames)

.debug_typenames
 *(.debug_typenames)

.debug_varnames
 *(.debug_varnames)

.debug_pubtypes
 *(.debug_pubtypes)

.debug_ranges   0x0000000000000000      0xa00
 *(.debug_ranges)
 .debug_ranges  0x0000000000000000       0x70 HAL/PM/PM_HAL.o
 .debug_ranges  0x0000000000000070       0x20 HAL/RN2483/RN2483_HAL.o
 .debug_ranges  0x0000000000000090       0x18 HAL/SCD30/SCD30_HAL.o
 .debug_ranges  0x00000000000000a8       0x28 HAL/TC0/TC0_HAL.o
 .debug_ranges  0x00000000000000d0       0x28 HAL/TC1/TC1_HAL.o
 .debug_ranges  0x00000000000000f8       0x48 HAL/TC2/TC2_HAL.o
 .debug_ranges  0x0000000000000140       0x38 HAL/TWI/TWI_API.o
 .debug_ranges  0x0000000000000178       0x40 HAL/TWI/TWI_HAL.o
 .debug_ranges  0x00000000000001b8       0x60 HAL/UART0/UART0_HAL.o
 .debug_ranges  0x0000000000000218       0x60 HAL/UART1/UART1_HAL.o
 .debug_ranges  0x0000000000000278       0x18 HAL/UI/UI_HAL.o
 .debug_ranges  0x0000000000000290       0x10 main.o
 .debug_ranges  0x00000000000002a0       0x68 MODULES/ADC_module/ADC_module.o
 .debug_ranges  0x0000000000000308       0xd8 MODULES/EEPROM_module/EEPROM_module.o
 .debug_ranges  0x00000000000003e0       0x50 MODULES/LED_module/LED_module.o
 .debug_ranges  0x0000000000000430       0x18 MODULES/LORA_module/join_network/join_network.o
 .debug_ranges  0x0000000000000448       0x58 MODULES/LORA_module/lora_module.o
 .debug_ranges  0x00000000000004a0       0x58 MODULES/LORA_module/RN2483_protocol/RN2483_protocol.o
 .debug_ranges  0x00000000000004f8       0x18 MODULES/LORA_module/send_uplink/send_uplink.o
 .debug_ranges  0x0000000000000510       0x20 MODULES/LORA_module/sleep_controller/sleep_controller.o
 .debug_ranges  0x0000000000000530       0x48 MODULES/LORA_module/util/util.o
 .debug_ranges  0x0000000000000578       0x68 MODULES/MRPP_module/mrpp.o
 .debug_ranges  0x00000000000005e0       0x18 MODULES/MRPP_module/util/mrpp_data.o
 .debug_ranges  0x00000000000005f8       0xd8 MODULES/MRPP_module/util/mrpp_state.o
 .debug_ranges  0x00000000000006d0       0x20 MODULES/PUMP_module/PUMP_module.o
 .debug_ranges  0x00000000000006f0       0x48 MODULES/RTC_module/RTC_module.o
 .debug_ranges  0x0000000000000738       0x68 MODULES/SCD30_module/SCD30_module.o
 .debug_ranges  0x00000000000007a0       0x40 PROGRAMS/CONFIG_MODE/CONFIG_MODE.o
 .debug_ranges  0x00000000000007e0       0x20 PROGRAMS/CONFIG_MODE/CONNECT/CONNECT.o
 .debug_ranges  0x0000000000000800       0x90 PROGRAMS/CONFIG_MODE/RW/RW.o
 .debug_ranges  0x0000000000000890       0x30 PROGRAMS/CONFIG_MODE/SAMPLE/SAMPLE.o
 .debug_ranges  0x00000000000008c0       0x50 PROGRAMS/CONFIG_MODE/UTIL/util.o
 .debug_ranges  0x0000000000000910       0x88 PROGRAMS/MAINPG/MAINPG.o
 .debug_ranges  0x0000000000000998       0x28 util/CRC8/CRC8.o
 .debug_ranges  0x00000000000009c0       0x40 util/str2float/str2float.o

.debug_macro
 *(.debug_macro)
OUTPUT(methane_sensor_v1.elf elf32-avr)
LOAD linker stubs
LOAD data_init

.note.gnu.avr.deviceinfo
                0x0000000000000000       0x40
 .note.gnu.avr.deviceinfo
                0x0000000000000000       0x40 C:/Program Files (x86)/Atmel/Studio/7.0/Packs/atmel/ATmega_DFP/1.6.364/xc8/avr/lib/avr5/memx-const/crtatmega644pa.o

.bss._cb        0x0000000000800f7b        0x2
 .bss._cb       0x0000000000800f7b        0x2 HAL/TC0/TC0_HAL.o

.bss._cb        0x0000000000800f7d        0x2
 .bss._cb       0x0000000000800f7d        0x2 HAL/TC1/TC1_HAL.o

.bss.cnt        0x0000000000800f95        0x1
 .bss.cnt       0x0000000000800f95        0x1 HAL/TC2/TC2_HAL.o

.bss.cbCounter  0x0000000000800f96        0x1
 .bss.cbCounter
                0x0000000000800f96        0x1 HAL/TC2/TC2_HAL.o

.bss.callbacks  0x0000000000800f4a        0xa
 .bss.callbacks
                0x0000000000800f4a        0xa HAL/TC2/TC2_HAL.o

.bss.rx_buffer_has_message
                0x0000000000800f97        0x1
 .bss.rx_buffer_has_message
                0x0000000000800f97        0x1 HAL/UART0/UART0_HAL.o
                0x0000000000800f97                rx_buffer_has_message

.bss.rx_buffer_data_len
                0x0000000000800f98        0x1
 .bss.rx_buffer_data_len
                0x0000000000800f98        0x1 HAL/UART0/UART0_HAL.o
                0x0000000000800f98                rx_buffer_data_len

.bss.tx_buffer_cursor
                0x0000000000800f99        0x1
 .bss.tx_buffer_cursor
                0x0000000000800f99        0x1 HAL/UART0/UART0_HAL.o
                0x0000000000800f99                tx_buffer_cursor

.bss.tx_buffer_data_len
                0x0000000000800f9a        0x1
 .bss.tx_buffer_data_len
                0x0000000000800f9a        0x1 HAL/UART0/UART0_HAL.o
                0x0000000000800f9a                tx_buffer_data_len

.bss.rx_buffer_has_message
                0x0000000000800f9b        0x1
 .bss.rx_buffer_has_message
                0x0000000000800f9b        0x1 HAL/UART1/UART1_HAL.o

.bss.rx_buffer_data_len
                0x0000000000800f9c        0x1
 .bss.rx_buffer_data_len
                0x0000000000800f9c        0x1 HAL/UART1/UART1_HAL.o

.bss.rx_buffer  0x0000000000800dea       0x96
 .bss.rx_buffer
                0x0000000000800dea       0x96 HAL/UART1/UART1_HAL.o

.bss.tx_buffer_cursor
                0x0000000000800f9d        0x1
 .bss.tx_buffer_cursor
                0x0000000000800f9d        0x1 HAL/UART1/UART1_HAL.o

.bss.tx_buffer_data_len
                0x0000000000800f9e        0x1
 .bss.tx_buffer_data_len
                0x0000000000800f9e        0x1 HAL/UART1/UART1_HAL.o

.bss.tx_buffer  0x0000000000800d22       0xc8
 .bss.tx_buffer
                0x0000000000800d22       0xc8 HAL/UART1/UART1_HAL.o

.bss.cntPowerUpTime
                0x0000000000800f9f        0x1
 .bss.cntPowerUpTime
                0x0000000000800f9f        0x1 MODULES/ADC_module/ADC_module.o

.bss._powerUpTime
                0x0000000000800fa0        0x1
 .bss._powerUpTime
                0x0000000000800fa0        0x1 MODULES/ADC_module/ADC_module.o

.bss.cntSamples
                0x0000000000800f7f        0x2
 .bss.cntSamples
                0x0000000000800f7f        0x2 MODULES/ADC_module/ADC_module.o

.bss._data      0x0000000000800f81        0x2
 .bss._data     0x0000000000800f81        0x2 MODULES/ADC_module/ADC_module.o

.bss._nSamples  0x0000000000800f83        0x2
 .bss._nSamples
                0x0000000000800f83        0x2 MODULES/ADC_module/ADC_module.o

.bss.cbPointer  0x0000000000800fa1        0x1
 .bss.cbPointer
                0x0000000000800fa1        0x1 MODULES/LED_module/LED_module.o

.bss.subPointer
                0x0000000000800fa2        0x1
 .bss.subPointer
                0x0000000000800fa2        0x1 MODULES/LORA_module/lora_module.o

.bss.busy       0x0000000000800fa3        0x1
 .bss.busy      0x0000000000800fa3        0x1 MODULES/LORA_module/lora_module.o

.bss.cnt        0x0000000000800fa4        0x1
 .bss.cnt       0x0000000000800fa4        0x1 MODULES/LORA_module/lora_module.o

.bss.eventPointer
                0x0000000000800fa5        0x1
 .bss.eventPointer
                0x0000000000800fa5        0x1 MODULES/LORA_module/sleep_controller/sleep_controller.o

.bss.cnt        0x0000000000800f85        0x2
 .bss.cnt       0x0000000000800f85        0x2 MODULES/LORA_module/sleep_controller/sleep_controller.o

.bss.wd_cb_pointer
                0x0000000000800fa6        0x1
 .bss.wd_cb_pointer
                0x0000000000800fa6        0x1 MODULES/LORA_module/util/util.o

.bss.wd_cnt     0x0000000000800fa7        0x1
 .bss.wd_cnt    0x0000000000800fa7        0x1 MODULES/LORA_module/util/util.o

.bss.eventPointer
                0x0000000000800fa8        0x1
 .bss.eventPointer
                0x0000000000800fa8        0x1 MODULES/PUMP_module/PUMP_module.o

.bss.cnt        0x0000000000800f87        0x2
 .bss.cnt       0x0000000000800f87        0x2 MODULES/PUMP_module/PUMP_module.o

.bss._seconds   0x0000000000800f89        0x2
 .bss._seconds  0x0000000000800f89        0x2 MODULES/PUMP_module/PUMP_module.o

.bss.cntSamples
                0x0000000000800f8b        0x2
 .bss.cntSamples
                0x0000000000800f8b        0x2 MODULES/SCD30_module/SCD30_module.o

.bss._data      0x0000000000800f8d        0x2
 .bss._data     0x0000000000800f8d        0x2 MODULES/SCD30_module/SCD30_module.o

.bss._nSamples  0x0000000000800f8f        0x2
 .bss._nSamples
                0x0000000000800f8f        0x2 MODULES/SCD30_module/SCD30_module.o

.bss.arg        0x0000000000800e80       0x50
 .bss.arg       0x0000000000800e80       0x50 PROGRAMS/CONFIG_MODE/RW/RW.o

.bss.par        0x0000000000800f14       0x14
 .bss.par       0x0000000000800f14       0x14 PROGRAMS/CONFIG_MODE/SAMPLE/SAMPLE.o

.bss.fromSleep  0x0000000000800fa9        0x1
 .bss.fromSleep
                0x0000000000800fa9        0x1 PROGRAMS/MAINPG/MAINPG.o

.bss.samplingProcessInterval
                0x0000000000800faa        0x1
 .bss.samplingProcessInterval
                0x0000000000800faa        0x1 PROGRAMS/MAINPG/MAINPG.o

.bss.ppmx       0x0000000000800f6b        0x4
 .bss.ppmx      0x0000000000800f6b        0x4 PROGRAMS/MAINPG/MAINPG.o

.bss.rrlx       0x0000000000800f6f        0x4
 .bss.rrlx      0x0000000000800f6f        0x4 PROGRAMS/MAINPG/MAINPG.o

.bss.vccx       0x0000000000800f73        0x4
 .bss.vccx      0x0000000000800f73        0x4 PROGRAMS/MAINPG/MAINPG.o

.bss.cols       0x0000000000800ed0       0x23
 .bss.cols      0x0000000000800ed0       0x23 PROGRAMS/MAINPG/MAINPG.o

.bss.appkey     0x0000000000800ef3       0x21
 .bss.appkey    0x0000000000800ef3       0x21 PROGRAMS/MAINPG/MAINPG.o

.bss.appeui     0x0000000000800f28       0x11
 .bss.appeui    0x0000000000800f28       0x11 PROGRAMS/MAINPG/MAINPG.o

.bss.deveui     0x0000000000800f39       0x11
 .bss.deveui    0x0000000000800f39       0x11 PROGRAMS/MAINPG/MAINPG.o

.bss.dt         0x0000000000800f54        0x6
 .bss.dt        0x0000000000800f54        0x6 PROGRAMS/MAINPG/MAINPG.o

.bss.ts         0x0000000000800f77        0x4
 .bss.ts        0x0000000000800f77        0x4 PROGRAMS/MAINPG/MAINPG.o

.bss.meth_data  0x0000000000800872      0x258
 .bss.meth_data
                0x0000000000800872      0x258 PROGRAMS/MAINPG/MAINPG.o

.bss.co2_data   0x0000000000800aca      0x258
 .bss.co2_data  0x0000000000800aca      0x258 PROGRAMS/MAINPG/MAINPG.o

.bss.state_s3   0x0000000000800fac        0x1
 .bss.state_s3  0x0000000000800fac        0x1 PROGRAMS/MAINPG/MAINPG.o

.bss.state_s2   0x0000000000800fad        0x1
 .bss.state_s2  0x0000000000800fad        0x1 PROGRAMS/MAINPG/MAINPG.o

.bss.state_s1   0x0000000000800fae        0x1
 .bss.state_s1  0x0000000000800fae        0x1 PROGRAMS/MAINPG/MAINPG.o

.bss.state_s0   0x0000000000800faf        0x1
 .bss.state_s0  0x0000000000800faf        0x1 PROGRAMS/MAINPG/MAINPG.o

.progmemx.data  0x0000000000000264      0x1dd
 .progmemx.data
                0x0000000000000264      0x1dd PROGRAMS/MAINPG/MAINPG.o

.progmemx.data  0x0000000000000441      0x188
 .progmemx.data
                0x0000000000000441      0x188 PROGRAMS/CONFIG_MODE/RW/RW.o

.progmemx.data  0x00000000000005c9       0xac
 .progmemx.data
                0x00000000000005c9       0xac PROGRAMS/CONFIG_MODE/CONFIG_MODE.o

.progmemx.data  0x0000000000000675       0xab
 .progmemx.data
                0x0000000000000675       0xab PROGRAMS/CONFIG_MODE/SAMPLE/SAMPLE.o

.progmemx.data  0x0000000000000720       0x81
 .progmemx.data
                0x0000000000000720       0x81 PROGRAMS/CONFIG_MODE/CONNECT/CONNECT.o

.progmemx.data  0x00000000000007a1       0x73
 .progmemx.data
                0x00000000000007a1       0x73 MODULES/LORA_module/RN2483_protocol/RN2483_protocol.o

.progmemx.data  0x0000000000000814       0x58
 .progmemx.data
                0x0000000000000814       0x58 MODULES/LORA_module/join_network/join_network.o

.progmemx.data  0x000000000000086c       0x38
 .progmemx.data
                0x000000000000086c       0x38 MODULES/LORA_module/send_uplink/send_uplink.o

.progmemx.data  0x00000000000008a4       0x13
 .progmemx.data
                0x00000000000008a4       0x13 MODULES/LORA_module/util/util.o

.progmemx.data  0x00000000000008b7        0x8
 .progmemx.data
                0x00000000000008b7        0x8 c:/program files/microchip/xc8/v2.31/avr/bin/../lib/gcc/avr/5.4.0/../../../../avr/lib/avr5/memx-const\libprintf_flt.a(vfprintf_flt.o)

.progmemx.data.SET_MEASUREMENT_INTERVAL
                0x00000000000008bf        0x5
 .progmemx.data.SET_MEASUREMENT_INTERVAL
                0x00000000000008bf        0x5 MODULES/SCD30_module/SCD30_module.o
                0x00000000000008bf                SET_MEASUREMENT_INTERVAL

.progmemx.data.TRIGGER_CONT_MEASUREMENT
                0x00000000000008c4        0x5
 .progmemx.data.TRIGGER_CONT_MEASUREMENT
                0x00000000000008c4        0x5 MODULES/SCD30_module/SCD30_module.o
                0x00000000000008c4                TRIGGER_CONT_MEASUREMENT

.progmemx.data  0x00000000000008c9        0x3
 .progmemx.data
                0x00000000000008c9        0x3 MODULES/LORA_module/sleep_controller/sleep_controller.o

.progmemx.data.READ_DATA_CMD
                0x00000000000008cc        0x2
 .progmemx.data.READ_DATA_CMD
                0x00000000000008cc        0x2 MODULES/SCD30_module/SCD30_module.o
                0x00000000000008cc                READ_DATA_CMD

.progmemx.data.CMD_READ_TIME_POINTER
                0x00000000000008ce        0x1
 .progmemx.data.CMD_READ_TIME_POINTER
                0x00000000000008ce        0x1 MODULES/RTC_module/RTC_module.o
                0x00000000000008ce                CMD_READ_TIME_POINTER

.data.methHeatUpTime
                0x0000000000800fab        0x1 load address 0x00000000000008cf
 .data.methHeatUpTime
                0x0000000000800fab        0x1 PROGRAMS/MAINPG/MAINPG.o

.text.avrlibc   0x00000000000008d0      0x744
 .text.avrlibc  0x00000000000008d0      0x744 c:/program files/microchip/xc8/v2.31/avr/bin/../lib/gcc/avr/5.4.0/../../../../avr/lib/avr5/memx-const\libprintf_flt.a(vfprintf_flt.o)
                0x00000000000008d0                vfprintf

.text.MAINPG_start
                0x0000000000001014      0x37e
 .text.MAINPG_start
                0x0000000000001014      0x37e PROGRAMS/MAINPG/MAINPG.o
                0x0000000000001014                MAINPG_start

.text.avrlibc   0x0000000000001392      0x2dc
 .text.avrlibc  0x0000000000001392      0x2dc c:/program files/microchip/xc8/v2.31/avr/bin/../lib/gcc/avr/5.4.0/../../../../avr/lib/avr5/memx-const\libc.a(strtol.o)
                0x0000000000001392                strtol

.text.JN_join_network
                0x000000000000166e      0x2a4
 .text.JN_join_network
                0x000000000000166e      0x2a4 MODULES/LORA_module/join_network/join_network.o
                0x000000000000166e                JN_join_network

.text.handle_read
                0x0000000000001912      0x2a2
 .text.handle_read
                0x0000000000001912      0x2a2 PROGRAMS/CONFIG_MODE/RW/RW.o
                0x0000000000001912                handle_read

.text.handle_write
                0x0000000000001bb4      0x200
 .text.handle_write
                0x0000000000001bb4      0x200 PROGRAMS/CONFIG_MODE/RW/RW.o
                0x0000000000001bb4                handle_write

.text.avrlibc   0x0000000000001db4      0x1b0
 .text.avrlibc  0x0000000000001db4      0x1b0 c:/program files/microchip/xc8/v2.31/avr/bin/../lib/gcc/avr/5.4.0/../../../../avr/lib/avr5/memx-const\libc.a(ftoa_engine.o)
                0x0000000000001db4                __ftoa_engine

.text.CON_RN2483
                0x0000000000001f64      0x166
 .text.CON_RN2483
                0x0000000000001f64      0x166 PROGRAMS/CONFIG_MODE/CONNECT/CONNECT.o

.text.update_bodies
                0x00000000000020ca      0x162
 .text.update_bodies
                0x00000000000020ca      0x162 MODULES/MRPP_module/util/mrpp_state.o

.text.mrpp_state_init
                0x000000000000222c      0x14a
 .text.mrpp_state_init
                0x000000000000222c      0x14a MODULES/MRPP_module/util/mrpp_state.o
                0x000000000000222c                mrpp_state_init

.text.RTC_get_current_time
                0x0000000000002376      0x140
 .text.RTC_get_current_time
                0x0000000000002376      0x140 MODULES/RTC_module/RTC_module.o
                0x0000000000002376                RTC_get_current_time

.text.CONF_enter
                0x00000000000024b6      0x13c
 .text.CONF_enter
                0x00000000000024b6      0x13c PROGRAMS/CONFIG_MODE/CONFIG_MODE.o
                0x00000000000024b6                CONF_enter

.text.write_cols
                0x00000000000025f2      0x12e
 .text.write_cols
                0x00000000000025f2      0x12e PROGRAMS/CONFIG_MODE/RW/RW.o

.text.RTC_datetime_to_ts
                0x0000000000002720      0x122
 .text.RTC_datetime_to_ts
                0x0000000000002720      0x122 MODULES/RTC_module/RTC_module.o
                0x0000000000002720                RTC_datetime_to_ts

.text.stage_2   0x0000000000002842      0x122
 .text.stage_2  0x0000000000002842      0x122 PROGRAMS/MAINPG/MAINPG.o

.text.handle_methane
                0x0000000000002964      0x11a
 .text.handle_methane
                0x0000000000002964      0x11a PROGRAMS/CONFIG_MODE/SAMPLE/SAMPLE.o

.text.stage_3   0x0000000000002a7e      0x110
 .text.stage_3  0x0000000000002a7e      0x110 PROGRAMS/MAINPG/MAINPG.o

.text.stage_1   0x0000000000002b8e      0x108
 .text.stage_1  0x0000000000002b8e      0x108 PROGRAMS/MAINPG/MAINPG.o

.text.datetime_to_BCD
                0x0000000000002c96      0x100
 .text.datetime_to_BCD
                0x0000000000002c96      0x100 MODULES/RTC_module/RTC_module.o

.text.write_time
                0x0000000000002d96       0xfe
 .text.write_time
                0x0000000000002d96       0xfe PROGRAMS/CONFIG_MODE/RW/RW.o

.text.SU_send_uplink
                0x0000000000002e94       0xf8
 .text.SU_send_uplink
                0x0000000000002e94       0xf8 MODULES/LORA_module/send_uplink/send_uplink.o
                0x0000000000002e94                SU_send_uplink

.text.mrpp_state_get_ready_body
                0x0000000000002f8c       0xf0
 .text.mrpp_state_get_ready_body
                0x0000000000002f8c       0xf0 MODULES/MRPP_module/util/mrpp_state.o
                0x0000000000002f8c                mrpp_state_get_ready_body

.text.write_reset
                0x000000000000307c       0xe2
 .text.write_reset
                0x000000000000307c       0xe2 PROGRAMS/CONFIG_MODE/RW/RW.o

.text.avrlibc.fplib
                0x000000000000315e       0xde
 .text.avrlibc.fplib
                0x000000000000315e       0xde c:/program files/microchip/xc8/v2.31/avr/bin/../lib/gcc/avr/5.4.0/../../../../avr/lib/avr5/memx-const\libm.a(divsf3x.o)
                0x000000000000315e                __divsf3x
                0x0000000000003186                __divsf3_pse

.text.stage_0   0x000000000000323c       0xdc
 .text.stage_0  0x000000000000323c       0xdc PROGRAMS/MAINPG/MAINPG.o

.text.add_data_types
                0x0000000000003318       0xd8
 .text.add_data_types
                0x0000000000003318       0xd8 MODULES/MRPP_module/util/mrpp_state.o

.text.avrlibc.fplib
                0x00000000000033f0       0xd4
 .text.avrlibc.fplib
                0x00000000000033f0       0xd4 c:/program files/microchip/xc8/v2.31/avr/bin/../lib/gcc/avr/5.4.0/../../../../avr/lib/avr5/memx-const\libm.a(mulsf3x.o)
                0x00000000000033f0                __mulsf3x
                0x0000000000003416                __mulsf3_pse

.text.avrlibc.fplib
                0x00000000000034c4       0xce
 .text.avrlibc.fplib
                0x00000000000034c4       0xce c:/program files/microchip/xc8/v2.31/avr/bin/../lib/gcc/avr/5.4.0/../../../../avr/lib/avr5/memx-const\libm.a(addsf3x.o)
                0x00000000000034c4                __addsf3x

.text.RTC_set_wake_up_interrupt_minutes
                0x0000000000003592       0xc4
 .text.RTC_set_wake_up_interrupt_minutes
                0x0000000000003592       0xc4 MODULES/RTC_module/RTC_module.o
                0x0000000000003592                RTC_set_wake_up_interrupt_minutes

.text.read_cols
                0x0000000000003656       0xbc
 .text.read_cols
                0x0000000000003656       0xbc PROGRAMS/CONFIG_MODE/RW/RW.o

.text.avrlibc   0x0000000000003712       0xbc
 .text.avrlibc  0x0000000000003712       0xbc c:/program files/microchip/xc8/v2.31/avr/bin/../lib/gcc/avr/5.4.0/../../../../avr/lib/avr5/memx-const\libc.a(ultoa_invert.o)
                0x0000000000003712                __ultoa_invert

.text.handle_sample
                0x00000000000037ce       0xb8
 .text.handle_sample
                0x00000000000037ce       0xb8 PROGRAMS/CONFIG_MODE/SAMPLE/SAMPLE.o
                0x00000000000037ce                handle_sample

.text.get_decimal
                0x0000000000003886       0xb4
 .text.get_decimal
                0x0000000000003886       0xb4 util/str2float/str2float.o

.text.mac_tx_confirmed
                0x000000000000393a       0xac
 .text.mac_tx_confirmed
                0x000000000000393a       0xac MODULES/LORA_module/RN2483_protocol/RN2483_protocol.o
                0x000000000000393a                mac_tx_confirmed

.text.mrpp_state_get_tail
                0x00000000000039e6       0xa4
 .text.mrpp_state_get_tail
                0x00000000000039e6       0xa4 MODULES/MRPP_module/util/mrpp_state.o
                0x00000000000039e6                mrpp_state_get_tail

.text.handle_co2
                0x0000000000003a8a       0xa4
 .text.handle_co2
                0x0000000000003a8a       0xa4 PROGRAMS/CONFIG_MODE/SAMPLE/SAMPLE.o

.text.handle_pump
                0x0000000000003b2e       0xa4
 .text.handle_pump
                0x0000000000003b2e       0xa4 PROGRAMS/CONFIG_MODE/SAMPLE/SAMPLE.o

.text.mrpp_state_get_header
                0x0000000000003bd2       0xa2
 .text.mrpp_state_get_header
                0x0000000000003bd2       0xa2 MODULES/MRPP_module/util/mrpp_state.o
                0x0000000000003bd2                mrpp_state_get_header

.text.read_value
                0x0000000000003c74       0xa2
 .text.read_value
                0x0000000000003c74       0xa2 MODULES/SCD30_module/SCD30_module.o

.text.calc_ppm_methane
                0x0000000000003d16       0x96
 .text.calc_ppm_methane
                0x0000000000003d16       0x96 MODULES/ADC_module/ADC_module.o

.text.MRPP_get_ready_body_package
                0x0000000000003dac       0x96
 .text.MRPP_get_ready_body_package
                0x0000000000003dac       0x96 MODULES/MRPP_module/mrpp.o
                0x0000000000003dac                MRPP_get_ready_body_package

.text.get_parameter
                0x0000000000003e42       0x96
 .text.get_parameter
                0x0000000000003e42       0x96 PROGRAMS/CONFIG_MODE/UTIL/util.o
                0x0000000000003e42                get_parameter

.text.mrpp_data_add_int16
                0x0000000000003ed8       0x92
 .text.mrpp_data_add_int16
                0x0000000000003ed8       0x92 MODULES/MRPP_module/util/mrpp_data.o
                0x0000000000003ed8                mrpp_data_add_int16

.text.read_time
                0x0000000000003f6a       0x92
 .text.read_time
                0x0000000000003f6a       0x92 PROGRAMS/CONFIG_MODE/RW/RW.o

.text.uart1_hal_send_string
                0x0000000000003ffc       0x8a
 .text.uart1_hal_send_string
                0x0000000000003ffc       0x8a HAL/UART1/UART1_HAL.o
                0x0000000000003ffc                uart1_hal_send_string

.text.mrpp_state_set_collection
                0x0000000000004086       0x86
 .text.mrpp_state_set_collection
                0x0000000000004086       0x86 MODULES/MRPP_module/util/mrpp_state.o
                0x0000000000004086                mrpp_state_set_collection

.text.tohex     0x000000000000410c       0x84
 .text.tohex    0x000000000000410c       0x84 MODULES/LORA_module/RN2483_protocol/RN2483_protocol.o

.text.__vector_9
                0x0000000000004190       0x7c
 .text.__vector_9
                0x0000000000004190       0x7c HAL/TC2/TC2_HAL.o
                0x0000000000004190                __vector_9

.text.avrlibc.fplib
                0x000000000000420c       0x7a
 .text.avrlibc.fplib
                0x000000000000420c       0x7a c:/program files/microchip/xc8/v2.31/avr/bin/../lib/gcc/avr/5.4.0/../../../../avr/lib/avr5/memx-const\libm.a(floatsisf.o)
                0x000000000000420c                __floatunsisf
                0x0000000000004210                __floatsisf

.text.util_lora_forward_msg
                0x0000000000004286       0x78
 .text.util_lora_forward_msg
                0x0000000000004286       0x78 MODULES/LORA_module/util/util.o
                0x0000000000004286                util_lora_forward_msg

.text.write_deveui
                0x00000000000042fe       0x78
 .text.write_deveui
                0x00000000000042fe       0x78 PROGRAMS/CONFIG_MODE/RW/RW.o

.text.write_appeui
                0x0000000000004376       0x78
 .text.write_appeui
                0x0000000000004376       0x78 PROGRAMS/CONFIG_MODE/RW/RW.o

.text.write_appkey
                0x00000000000043ee       0x78
 .text.write_appkey
                0x00000000000043ee       0x78 PROGRAMS/CONFIG_MODE/RW/RW.o

.text.avrlibc   0x0000000000004466       0x78
 .text.avrlibc  0x0000000000004466       0x78 c:/program files/microchip/xc8/v2.31/avr/bin/../lib/gcc/avr/5.4.0/../../../../avr/lib/avr5/memx-const\libc.a(fputc.o)
                0x0000000000004466                fputc

.text.__vector_20
                0x00000000000044de       0x74
 .text.__vector_20
                0x00000000000044de       0x74 HAL/UART0/UART0_HAL.o
                0x00000000000044de                __vector_20

.text.__vector_28
                0x0000000000004552       0x74
 .text.__vector_28
                0x0000000000004552       0x74 HAL/UART1/UART1_HAL.o
                0x0000000000004552                __vector_28

.text.MRPP_add_collection_data_INT16
                0x00000000000045c6       0x70
 .text.MRPP_add_collection_data_INT16
                0x00000000000045c6       0x70 MODULES/MRPP_module/mrpp.o
                0x00000000000045c6                MRPP_add_collection_data_INT16

.text.par_index
                0x0000000000004636       0x70
 .text.par_index
                0x0000000000004636       0x70 PROGRAMS/CONFIG_MODE/UTIL/util.o
                0x0000000000004636                par_index

.text.uart0_hal_send_string
                0x00000000000046a6       0x6e
 .text.uart0_hal_send_string
                0x00000000000046a6       0x6e HAL/UART0/UART0_HAL.o
                0x00000000000046a6                uart0_hal_send_string

.text.SC_wake_up
                0x0000000000004714       0x6e
 .text.SC_wake_up
                0x0000000000004714       0x6e MODULES/LORA_module/sleep_controller/sleep_controller.o
                0x0000000000004714                SC_wake_up

.text.CON_RN2483_parse
                0x0000000000004782       0x6c
 .text.CON_RN2483_parse
                0x0000000000004782       0x6c PROGRAMS/CONFIG_MODE/CONNECT/CONNECT.o

.text.avrlibc   0x00000000000047ee       0x6a
 .text.avrlibc  0x00000000000047ee       0x6a c:/program files/microchip/xc8/v2.31/avr/bin/../lib/gcc/avr/5.4.0/../../../../avr/lib/avr5/memx-const\libc.a(strncmp_M.o)
                0x00000000000047ee                strncmp

.text.decode_tx_response
                0x0000000000004858       0x68
 .text.decode_tx_response
                0x0000000000004858       0x68 MODULES/LORA_module/send_uplink/send_uplink.o

.text.RTC_set_current_time
                0x00000000000048c0       0x68
 .text.RTC_set_current_time
                0x00000000000048c0       0x68 MODULES/RTC_module/RTC_module.o
                0x00000000000048c0                RTC_set_current_time

.text.ADC_init_sampling
                0x0000000000004928       0x66
 .text.ADC_init_sampling
                0x0000000000004928       0x66 MODULES/ADC_module/ADC_module.o
                0x0000000000004928                ADC_init_sampling

.text.sys_sleep_cmd
                0x000000000000498e       0x5e
 .text.sys_sleep_cmd
                0x000000000000498e       0x5e MODULES/LORA_module/RN2483_protocol/RN2483_protocol.o
                0x000000000000498e                sys_sleep_cmd

.text.avrlibc.fplib
                0x00000000000049ec       0x5e
 .text.avrlibc.fplib
                0x00000000000049ec       0x5e c:/program files/microchip/xc8/v2.31/avr/bin/../lib/gcc/avr/5.4.0/../../../../avr/lib/avr5/memx-const\libm.a(fixunssfsi.o)
                0x00000000000049ec                __fixunssfsi

.text.util_matchMessage
                0x0000000000004a4a       0x5c
 .text.util_matchMessage
                0x0000000000004a4a       0x5c MODULES/LORA_module/util/util.o
                0x0000000000004a4a                util_matchMessage

.text.read_and_stop
                0x0000000000004aa6       0x5a
 .text.read_and_stop
                0x0000000000004aa6       0x5a HAL/TWI/TWI_API.o

.text.read_eeprom
                0x0000000000004b00       0x5a
 .text.read_eeprom
                0x0000000000004b00       0x5a PROGRAMS/MAINPG/MAINPG.o

.text.parse_err
                0x0000000000004b5a       0x58
 .text.parse_err
                0x0000000000004b5a       0x58 MODULES/LORA_module/join_network/join_network.o

.text.is_float  0x0000000000004bb2       0x58
 .text.is_float
                0x0000000000004bb2       0x58 util/str2float/str2float.o
                0x0000000000004bb2                is_float

.text.ADC_get_value
                0x0000000000004c0a       0x56
 .text.ADC_get_value
                0x0000000000004c0a       0x56 MODULES/ADC_module/ADC_module.o
                0x0000000000004c0a                ADC_get_value

.text.validate_cmd
                0x0000000000004c60       0x56
 .text.validate_cmd
                0x0000000000004c60       0x56 PROGRAMS/CONFIG_MODE/CONFIG_MODE.o

.text.TC2_HAL_subscribe
                0x0000000000004cb6       0x54
 .text.TC2_HAL_subscribe
                0x0000000000004cb6       0x54 HAL/TC2/TC2_HAL.o
                0x0000000000004cb6                TC2_HAL_subscribe

.text.CONNECT   0x0000000000004d0a       0x54
 .text.CONNECT  0x0000000000004d0a       0x54 PROGRAMS/CONFIG_MODE/CONNECT/CONNECT.o
                0x0000000000004d0a                CONNECT

.text.count_parameters
                0x0000000000004d5e       0x52
 .text.count_parameters
                0x0000000000004d5e       0x52 PROGRAMS/CONFIG_MODE/UTIL/util.o
                0x0000000000004d5e                count_parameters

.text.RTC_set_clock_out
                0x0000000000004db0       0x50
 .text.RTC_set_clock_out
                0x0000000000004db0       0x50 MODULES/RTC_module/RTC_module.o
                0x0000000000004db0                RTC_set_clock_out

.text.write_air_pump
                0x0000000000004e00       0x50
 .text.write_air_pump
                0x0000000000004e00       0x50 PROGRAMS/CONFIG_MODE/RW/RW.o

.text.__vector_16
                0x0000000000004e50       0x4e
 .text.__vector_16
                0x0000000000004e50       0x4e HAL/TC0/TC0_HAL.o
                0x0000000000004e50                __vector_16

.text.__vector_13
                0x0000000000004e9e       0x4e
 .text.__vector_13
                0x0000000000004e9e       0x4e HAL/TC1/TC1_HAL.o
                0x0000000000004e9e                __vector_13

.text.mac_set_parameter
                0x0000000000004eec       0x4e
 .text.mac_set_parameter
                0x0000000000004eec       0x4e MODULES/LORA_module/RN2483_protocol/RN2483_protocol.o
                0x0000000000004eec                mac_set_parameter

.text.str2flaot
                0x0000000000004f3a       0x4e
 .text.str2flaot
                0x0000000000004f3a       0x4e util/str2float/str2float.o
                0x0000000000004f3a                str2flaot

.text.start_and_write_data
                0x0000000000004f88       0x4c
 .text.start_and_write_data
                0x0000000000004f88       0x4c HAL/TWI/TWI_API.o

.text.blink     0x0000000000004fd4       0x4c
 .text.blink    0x0000000000004fd4       0x4c MODULES/LED_module/LED_module.o

.text.write_PPM_factor
                0x0000000000005020       0x4c
 .text.write_PPM_factor
                0x0000000000005020       0x4c PROGRAMS/CONFIG_MODE/RW/RW.o

.text.write_RRL
                0x000000000000506c       0x4c
 .text.write_RRL
                0x000000000000506c       0x4c PROGRAMS/CONFIG_MODE/RW/RW.o

.text.write_VCC
                0x00000000000050b8       0x4c
 .text.write_VCC
                0x00000000000050b8       0x4c PROGRAMS/CONFIG_MODE/RW/RW.o

.text.write_heat_up
                0x0000000000005104       0x4c
 .text.write_heat_up
                0x0000000000005104       0x4c PROGRAMS/CONFIG_MODE/RW/RW.o

.text.write_sp_interval
                0x0000000000005150       0x4c
 .text.write_sp_interval
                0x0000000000005150       0x4c PROGRAMS/CONFIG_MODE/RW/RW.o

.text.__vector_22
                0x000000000000519c       0x4a
 .text.__vector_22
                0x000000000000519c       0x4a HAL/UART0/UART0_HAL.o
                0x000000000000519c                __vector_22

.text.__vector_30
                0x00000000000051e6       0x4a
 .text.__vector_30
                0x00000000000051e6       0x4a HAL/UART1/UART1_HAL.o
                0x00000000000051e6                __vector_30

.text.util_strbeginswith
                0x0000000000005230       0x4a
 .text.util_strbeginswith
                0x0000000000005230       0x4a MODULES/LORA_module/util/util.o
                0x0000000000005230                util_strbeginswith

.text.TWI_HAL_start
                0x000000000000527a       0x48
 .text.TWI_HAL_start
                0x000000000000527a       0x48 HAL/TWI/TWI_HAL.o
                0x000000000000527a                TWI_HAL_start

.text.mac_set_deveui
                0x00000000000052c2       0x48
 .text.mac_set_deveui
                0x00000000000052c2       0x48 MODULES/LORA_module/RN2483_protocol/RN2483_protocol.o
                0x00000000000052c2                mac_set_deveui

.text.mac_set_appeui
                0x000000000000530a       0x48
 .text.mac_set_appeui
                0x000000000000530a       0x48 MODULES/LORA_module/RN2483_protocol/RN2483_protocol.o
                0x000000000000530a                mac_set_appeui

.text.mac_set_appkey
                0x0000000000005352       0x48
 .text.mac_set_appkey
                0x0000000000005352       0x48 MODULES/LORA_module/RN2483_protocol/RN2483_protocol.o
                0x0000000000005352                mac_set_appkey

.text.uart0_hal_send_break
                0x000000000000539a       0x46
 .text.uart0_hal_send_break
                0x000000000000539a       0x46 HAL/UART0/UART0_HAL.o
                0x000000000000539a                uart0_hal_send_break

.text.vect_ADC_do_sample
                0x00000000000053e0       0x46
 .text.vect_ADC_do_sample
                0x00000000000053e0       0x46 MODULES/ADC_module/ADC_module.o

.text.util_reset_module
                0x0000000000005426       0x46
 .text.util_reset_module
                0x0000000000005426       0x46 MODULES/LORA_module/util/util.o
                0x0000000000005426                util_reset_module

.text.vect_SCD_do_sample
                0x000000000000546c       0x46
 .text.vect_SCD_do_sample
                0x000000000000546c       0x46 MODULES/SCD30_module/SCD30_module.o

.text.avrlibc   0x00000000000054b2       0x46
 .text.avrlibc  0x00000000000054b2       0x46 c:/program files/microchip/xc8/v2.31/avr/bin/../lib/gcc/avr/5.4.0/../../../../avr/lib/avr5/memx-const\libc.a(sprintf.o)
                0x00000000000054b2                sprintf

.text.avrlibc.fplib
                0x00000000000054f8       0x44
 .text.avrlibc.fplib
                0x00000000000054f8       0x44 c:/program files/microchip/xc8/v2.31/avr/bin/../lib/gcc/avr/5.4.0/../../../../avr/lib/avr5/memx-const\libm.a(fp_split3.o)
                0x00000000000054f8                __fp_split3
                0x0000000000005508                __fp_splitA

.text.avrlibc   0x000000000000553c       0x44
 .text.avrlibc  0x000000000000553c       0x44 C:/Program Files (x86)/Atmel/Studio/7.0/Packs/atmel/ATmega_DFP/1.6.364/xc8/avr/lib/avr5/memx-const\libatmega644pa.a(eeupd_block_M.o)
                0x000000000000553c                eeprom_update_block

.text.libgcc.div
                0x0000000000005580       0x44
 .text.libgcc.div
                0x0000000000005580       0x44 c:/program files/microchip/xc8/v2.31/avr/bin/../lib/gcc/avr/5.4.0/avr5/memx-const\libgcc.a(_udivmodsi4.o)
                0x0000000000005580                __udivmodsi4

.text.TWI_HAL_repeated_start
                0x00000000000055c4       0x42
 .text.TWI_HAL_repeated_start
                0x00000000000055c4       0x42 HAL/TWI/TWI_HAL.o
                0x00000000000055c4                TWI_HAL_repeated_start

.text.ADC_set_conf_parameters
                0x0000000000005606       0x42
 .text.ADC_set_conf_parameters
                0x0000000000005606       0x42 MODULES/ADC_module/ADC_module.o
                0x0000000000005606                ADC_set_conf_parameters

.text.avrlibc   0x0000000000005648       0x42
 .text.avrlibc  0x0000000000005648       0x42 c:/program files/microchip/xc8/v2.31/avr/bin/../lib/gcc/avr/5.4.0/../../../../avr/lib/avr5/memx-const\libc.a(strcmp_M.o)
                0x0000000000005648                strcmp

.text.LED_join_success
                0x000000000000568a       0x40
 .text.LED_join_success
                0x000000000000568a       0x40 MODULES/LED_module/LED_module.o
                0x000000000000568a                LED_join_success

.text.send_body
                0x00000000000056ca       0x40
 .text.send_body
                0x00000000000056ca       0x40 PROGRAMS/MAINPG/MAINPG.o

.text.send_header
                0x000000000000570a       0x3e
 .text.send_header
                0x000000000000570a       0x3e PROGRAMS/MAINPG/MAINPG.o

.text.send_tail
                0x0000000000005748       0x3e
 .text.send_tail
                0x0000000000005748       0x3e PROGRAMS/MAINPG/MAINPG.o

.text.PM_HAL_enter_power_down
                0x0000000000005786       0x3c
 .text.PM_HAL_enter_power_down
                0x0000000000005786       0x3c HAL/PM/PM_HAL.o
                0x0000000000005786                PM_HAL_enter_power_down

.text.uart0_hal_init
                0x00000000000057c2       0x3c
 .text.uart0_hal_init
                0x00000000000057c2       0x3c HAL/UART0/UART0_HAL.o
                0x00000000000057c2                uart0_hal_init

.text.uart0_hal_send_message
                0x00000000000057fe       0x3c
 .text.uart0_hal_send_message
                0x00000000000057fe       0x3c HAL/UART0/UART0_HAL.o
                0x00000000000057fe                uart0_hal_send_message

.text.uart1_hal_init
                0x000000000000583a       0x3c
 .text.uart1_hal_init
                0x000000000000583a       0x3c HAL/UART1/UART1_HAL.o
                0x000000000000583a                uart1_hal_init

.text.TC2_HAL_cancel
                0x0000000000005876       0x3a
 .text.TC2_HAL_cancel
                0x0000000000005876       0x3a HAL/TC2/TC2_HAL.o
                0x0000000000005876                TC2_HAL_cancel

.text.main      0x00000000000058b0       0x3a
 .text.main     0x00000000000058b0       0x3a main.o
                0x00000000000058b0                main

.text.EM_set_deveui
                0x00000000000058ea       0x3a
 .text.EM_set_deveui
                0x00000000000058ea       0x3a MODULES/EEPROM_module/EEPROM_module.o
                0x00000000000058ea                EM_set_deveui

.text.EM_set_appeui
                0x0000000000005924       0x3a
 .text.EM_set_appeui
                0x0000000000005924       0x3a MODULES/EEPROM_module/EEPROM_module.o
                0x0000000000005924                EM_set_appeui

.text.EM_set_appkey
                0x000000000000595e       0x3a
 .text.EM_set_appkey
                0x000000000000595e       0x3a MODULES/EEPROM_module/EEPROM_module.o
                0x000000000000595e                EM_set_appkey

.text.err_code  0x0000000000005998       0x38
 .text.err_code
                0x0000000000005998       0x38 MODULES/LED_module/LED_module.o

.text.SC_put_to_sleep
                0x00000000000059d0       0x38
 .text.SC_put_to_sleep
                0x00000000000059d0       0x38 MODULES/LORA_module/sleep_controller/sleep_controller.o
                0x00000000000059d0                SC_put_to_sleep

.text.init_measurement
                0x0000000000005a08       0x38
 .text.init_measurement
                0x0000000000005a08       0x38 MODULES/SCD30_module/SCD30_module.o

.text.libgcc.prologue
                0x0000000000005a40       0x38
 .text.libgcc.prologue
                0x0000000000005a40       0x38 c:/program files/microchip/xc8/v2.31/avr/bin/../lib/gcc/avr/5.4.0/avr5/memx-const\libgcc.a(_prologue.o)
                0x0000000000005a40                __prologue_saves__

.text.TC1_HAL_init
                0x0000000000005a78       0x36
 .text.TC1_HAL_init
                0x0000000000005a78       0x36 HAL/TC1/TC1_HAL.o
                0x0000000000005a78                TC1_HAL_init

.text.mrpp_state_get_collection_address
                0x0000000000005aae       0x36
 .text.mrpp_state_get_collection_address
                0x0000000000005aae       0x36 MODULES/MRPP_module/util/mrpp_state.o
                0x0000000000005aae                mrpp_state_get_collection_address

.text.calc_crc8
                0x0000000000005ae4       0x36
 .text.calc_crc8
                0x0000000000005ae4       0x36 util/CRC8/CRC8.o
                0x0000000000005ae4                calc_crc8

.text.libgcc.prologue
                0x0000000000005b1a       0x36
 .text.libgcc.prologue
                0x0000000000005b1a       0x36 c:/program files/microchip/xc8/v2.31/avr/bin/../lib/gcc/avr/5.4.0/avr5/memx-const\libgcc.a(_epilogue.o)
                0x0000000000005b1a                __epilogue_restores__

.text.avrlibc   0x0000000000005b50       0x36
 .text.avrlibc  0x0000000000005b50       0x36 c:/program files/microchip/xc8/v2.31/avr/bin/../lib/gcc/avr/5.4.0/../../../../avr/lib/avr5/memx-const\libc.a(strnlen_M.o)
                0x0000000000005b50                strnlen

.text.RTC_clear_wake_up_interrupt
                0x0000000000005b86       0x34
 .text.RTC_clear_wake_up_interrupt
                0x0000000000005b86       0x34 MODULES/RTC_module/RTC_module.o
                0x0000000000005b86                RTC_clear_wake_up_interrupt

.text.get_time_par
                0x0000000000005bba       0x34
 .text.get_time_par
                0x0000000000005bba       0x34 PROGRAMS/CONFIG_MODE/RW/RW.o

.text.TWI_API_read_data_ack_end_nack_stop
                0x0000000000005bee       0x32
 .text.TWI_API_read_data_ack_end_nack_stop
                0x0000000000005bee       0x32 HAL/TWI/TWI_API.o
                0x0000000000005bee                TWI_API_read_data_ack_end_nack_stop

.text.cmd_with_ending
                0x0000000000005c20       0x32
 .text.cmd_with_ending
                0x0000000000005c20       0x32 MODULES/LORA_module/RN2483_protocol/RN2483_protocol.o
                0x0000000000005c20                cmd_with_ending

.text.validate_data
                0x0000000000005c52       0x32
 .text.validate_data
                0x0000000000005c52       0x32 MODULES/SCD30_module/SCD30_module.o

.text.avrlibc   0x0000000000005c84       0x32
 .text.avrlibc  0x0000000000005c84       0x32 c:/program files/microchip/xc8/v2.31/avr/bin/../lib/gcc/avr/5.4.0/../../../../avr/lib/avr5/memx-const\libc.a(memcpy_M.o)
                0x0000000000005c84                memcpy

.text.TWI_API_repeat_read_data_stop
                0x0000000000005cb6       0x30
 .text.TWI_API_repeat_read_data_stop
                0x0000000000005cb6       0x30 HAL/TWI/TWI_API.o
                0x0000000000005cb6                TWI_API_repeat_read_data_stop

.text.EM_get_deveui
                0x0000000000005ce6       0x30
 .text.EM_get_deveui
                0x0000000000005ce6       0x30 MODULES/EEPROM_module/EEPROM_module.o
                0x0000000000005ce6                EM_get_deveui

.text.EM_get_appeui
                0x0000000000005d16       0x30
 .text.EM_get_appeui
                0x0000000000005d16       0x30 MODULES/EEPROM_module/EEPROM_module.o
                0x0000000000005d16                EM_get_appeui

.text.EM_get_appkey
                0x0000000000005d46       0x30
 .text.EM_get_appkey
                0x0000000000005d46       0x30 MODULES/EEPROM_module/EEPROM_module.o
                0x0000000000005d46                EM_get_appkey

.text.mac_set_ADR
                0x0000000000005d76       0x30
 .text.mac_set_ADR
                0x0000000000005d76       0x30 MODULES/LORA_module/RN2483_protocol/RN2483_protocol.o
                0x0000000000005d76                mac_set_ADR

.text.mrpp_data_get
                0x0000000000005da6       0x30
 .text.mrpp_data_get
                0x0000000000005da6       0x30 MODULES/MRPP_module/util/mrpp_data.o
                0x0000000000005da6                mrpp_data_get

.text.mrpp_state_is_body_ready
                0x0000000000005dd6       0x30
 .text.mrpp_state_is_body_ready
                0x0000000000005dd6       0x30 MODULES/MRPP_module/util/mrpp_state.o
                0x0000000000005dd6                mrpp_state_is_body_ready

.text.cb_cnt_time
                0x0000000000005e06       0x30
 .text.cb_cnt_time
                0x0000000000005e06       0x30 MODULES/PUMP_module/PUMP_module.o

.text.parse_cmd
                0x0000000000005e36       0x30
 .text.parse_cmd
                0x0000000000005e36       0x30 PROGRAMS/CONFIG_MODE/CONFIG_MODE.o

.text.copy_buffer
                0x0000000000005e66       0x2e
 .text.copy_buffer
                0x0000000000005e66       0x2e HAL/UART0/UART0_HAL.o

.text.copy_buffer
                0x0000000000005e94       0x2e
 .text.copy_buffer
                0x0000000000005e94       0x2e HAL/UART1/UART1_HAL.o

.text.LM_send_uplink
                0x0000000000005ec2       0x2e
 .text.LM_send_uplink
                0x0000000000005ec2       0x2e MODULES/LORA_module/lora_module.o
                0x0000000000005ec2                LM_send_uplink

.text.avrlibc   0x0000000000005ef0       0x2e
 .text.avrlibc  0x0000000000005ef0       0x2e c:/program files/microchip/xc8/v2.31/avr/bin/../lib/gcc/avr/5.4.0/../../../../avr/lib/avr5/memx-const\libc.a(strcat_M.o)
                0x0000000000005ef0                strcat

.text.avrlibc   0x0000000000005f1e       0x2c
 .text.avrlibc  0x0000000000005f1e       0x2c c:/program files/microchip/xc8/v2.31/avr/bin/../lib/gcc/avr/5.4.0/../../../../avr/lib/avr5/memx-const\libc.a(strlen_M.o)
                0x0000000000005f1e                strlen

.text.mrpp_state_all_bodies_sent
                0x0000000000005f4a       0x2a
 .text.mrpp_state_all_bodies_sent
                0x0000000000005f4a       0x2a MODULES/MRPP_module/util/mrpp_state.o
                0x0000000000005f4a                mrpp_state_all_bodies_sent

.text.uart0_hal_read_message_as_str
                0x0000000000005f74       0x28
 .text.uart0_hal_read_message_as_str
                0x0000000000005f74       0x28 HAL/UART0/UART0_HAL.o
                0x0000000000005f74                uart0_hal_read_message_as_str

.text.uart1_hal_read_message_as_str
                0x0000000000005f9c       0x28
 .text.uart1_hal_read_message_as_str
                0x0000000000005f9c       0x28 HAL/UART1/UART1_HAL.o
                0x0000000000005f9c                uart1_hal_read_message_as_str

.text.init_methane_SCD30
                0x0000000000005fc4       0x28
 .text.init_methane_SCD30
                0x0000000000005fc4       0x28 PROGRAMS/CONFIG_MODE/SAMPLE/SAMPLE.o
                0x0000000000005fc4                init_methane_SCD30

.text.decode_body_response
                0x0000000000005fec       0x28
 .text.decode_body_response
                0x0000000000005fec       0x28 PROGRAMS/MAINPG/MAINPG.o

.text.PUMP_start
                0x0000000000006014       0x24
 .text.PUMP_start
                0x0000000000006014       0x24 MODULES/PUMP_module/PUMP_module.o
                0x0000000000006014                PUMP_start

.text.avrlibc   0x0000000000006038       0x24
 .text.avrlibc  0x0000000000006038       0x24 C:/Program Files (x86)/Atmel/Studio/7.0/Packs/atmel/ATmega_DFP/1.6.364/xc8/avr/lib/avr5/memx-const\libatmega644pa.a(eerd_block.o)
                0x0000000000006038                eeprom_read_block
                0x0000000000006040                eeprom_read_blraw

.text.avrlibc   0x000000000000605c       0x24
 .text.avrlibc  0x000000000000605c       0x24 C:/Program Files (x86)/Atmel/Studio/7.0/Packs/atmel/ATmega_DFP/1.6.364/xc8/avr/lib/avr5/memx-const\libatmega644pa.a(eeupd_byte.o)
                0x000000000000605c                eeprom_update_byte
                0x000000000000605e                eeprom_update_r18

.text.TC0_HAL_init
                0x0000000000006080       0x22
 .text.TC0_HAL_init
                0x0000000000006080       0x22 HAL/TC0/TC0_HAL.o
                0x0000000000006080                TC0_HAL_init

.text.MRPP_is_body_package_ready
                0x00000000000060a2       0x22
 .text.MRPP_is_body_package_ready
                0x00000000000060a2       0x22 MODULES/MRPP_module/mrpp.o
                0x00000000000060a2                MRPP_is_body_package_ready

.text.MRPP_get_header_package
                0x00000000000060c4       0x22
 .text.MRPP_get_header_package
                0x00000000000060c4       0x22 MODULES/MRPP_module/mrpp.o
                0x00000000000060c4                MRPP_get_header_package

.text.MRPP_get_tail_package
                0x00000000000060e6       0x22
 .text.MRPP_get_tail_package
                0x00000000000060e6       0x22 MODULES/MRPP_module/mrpp.o
                0x00000000000060e6                MRPP_get_tail_package
