Archive member included to satisfy reference by file (symbol)

c:/program files/microchip/xc8/v2.31/avr/bin/../lib/gcc/avr/5.4.0/../../../../avr/lib/avr5/memx-const\libm.a(addsf3.o)
                              MODULES/ADC_module/ADC_module.o (__subsf3)
c:/program files/microchip/xc8/v2.31/avr/bin/../lib/gcc/avr/5.4.0/../../../../avr/lib/avr5/memx-const\libm.a(addsf3x.o)
                              c:/program files/microchip/xc8/v2.31/avr/bin/../lib/gcc/avr/5.4.0/../../../../avr/lib/avr5/memx-const\libm.a(addsf3.o) (__addsf3x)
c:/program files/microchip/xc8/v2.31/avr/bin/../lib/gcc/avr/5.4.0/../../../../avr/lib/avr5/memx-const\libm.a(divsf3.o)
                              MODULES/ADC_module/ADC_module.o (__divsf3)
c:/program files/microchip/xc8/v2.31/avr/bin/../lib/gcc/avr/5.4.0/../../../../avr/lib/avr5/memx-const\libm.a(divsf3x.o)
                              c:/program files/microchip/xc8/v2.31/avr/bin/../lib/gcc/avr/5.4.0/../../../../avr/lib/avr5/memx-const\libm.a(divsf3.o) (__divsf3x)
c:/program files/microchip/xc8/v2.31/avr/bin/../lib/gcc/avr/5.4.0/../../../../avr/lib/avr5/memx-const\libm.a(fixunssfsi.o)
                              MODULES/ADC_module/ADC_module.o (__fixunssfsi)
c:/program files/microchip/xc8/v2.31/avr/bin/../lib/gcc/avr/5.4.0/../../../../avr/lib/avr5/memx-const\libm.a(floatsisf.o)
                              MODULES/ADC_module/ADC_module.o (__floatunsisf)
c:/program files/microchip/xc8/v2.31/avr/bin/../lib/gcc/avr/5.4.0/../../../../avr/lib/avr5/memx-const\libm.a(fp_inf.o)
                              c:/program files/microchip/xc8/v2.31/avr/bin/../lib/gcc/avr/5.4.0/../../../../avr/lib/avr5/memx-const\libm.a(addsf3x.o) (__fp_inf)
c:/program files/microchip/xc8/v2.31/avr/bin/../lib/gcc/avr/5.4.0/../../../../avr/lib/avr5/memx-const\libm.a(fp_nan.o)
                              c:/program files/microchip/xc8/v2.31/avr/bin/../lib/gcc/avr/5.4.0/../../../../avr/lib/avr5/memx-const\libm.a(addsf3x.o) (__fp_nan)
c:/program files/microchip/xc8/v2.31/avr/bin/../lib/gcc/avr/5.4.0/../../../../avr/lib/avr5/memx-const\libm.a(fp_pscA.o)
                              c:/program files/microchip/xc8/v2.31/avr/bin/../lib/gcc/avr/5.4.0/../../../../avr/lib/avr5/memx-const\libm.a(addsf3x.o) (__fp_pscA)
c:/program files/microchip/xc8/v2.31/avr/bin/../lib/gcc/avr/5.4.0/../../../../avr/lib/avr5/memx-const\libm.a(fp_pscB.o)
                              c:/program files/microchip/xc8/v2.31/avr/bin/../lib/gcc/avr/5.4.0/../../../../avr/lib/avr5/memx-const\libm.a(addsf3x.o) (__fp_pscB)
c:/program files/microchip/xc8/v2.31/avr/bin/../lib/gcc/avr/5.4.0/../../../../avr/lib/avr5/memx-const\libm.a(fp_round.o)
                              c:/program files/microchip/xc8/v2.31/avr/bin/../lib/gcc/avr/5.4.0/../../../../avr/lib/avr5/memx-const\libm.a(addsf3.o) (__fp_round)
c:/program files/microchip/xc8/v2.31/avr/bin/../lib/gcc/avr/5.4.0/../../../../avr/lib/avr5/memx-const\libm.a(fp_split3.o)
                              c:/program files/microchip/xc8/v2.31/avr/bin/../lib/gcc/avr/5.4.0/../../../../avr/lib/avr5/memx-const\libm.a(addsf3x.o) (__fp_split3)
c:/program files/microchip/xc8/v2.31/avr/bin/../lib/gcc/avr/5.4.0/../../../../avr/lib/avr5/memx-const\libm.a(fp_zero.o)
                              c:/program files/microchip/xc8/v2.31/avr/bin/../lib/gcc/avr/5.4.0/../../../../avr/lib/avr5/memx-const\libm.a(addsf3x.o) (__fp_zero)
c:/program files/microchip/xc8/v2.31/avr/bin/../lib/gcc/avr/5.4.0/../../../../avr/lib/avr5/memx-const\libm.a(mulsf3.o)
                              MODULES/ADC_module/ADC_module.o (__mulsf3)
c:/program files/microchip/xc8/v2.31/avr/bin/../lib/gcc/avr/5.4.0/../../../../avr/lib/avr5/memx-const\libm.a(mulsf3x.o)
                              c:/program files/microchip/xc8/v2.31/avr/bin/../lib/gcc/avr/5.4.0/../../../../avr/lib/avr5/memx-const\libm.a(mulsf3.o) (__mulsf3x)
c:/program files/microchip/xc8/v2.31/avr/bin/../lib/gcc/avr/5.4.0/avr5/memx-const\libgcc.a(_exit.o)
                              C:/Program Files (x86)/Atmel/Studio/7.0/Packs/atmel/ATmega_DFP/1.6.364/xc8/avr/lib/avr5/memx-const/crtatmega644pa.o (exit)
c:/program files/microchip/xc8/v2.31/avr/bin/../lib/gcc/avr/5.4.0/avr5/memx-const\libgcc.a(_tablejump2.o)
                              MODULES/LORA_module/join_network/join_network.o (__tablejump2__)
c:/program files/microchip/xc8/v2.31/avr/bin/../lib/gcc/avr/5.4.0/avr5/memx-const\libgcc.a(_copy_data.o)
                              MODULES/ADC_module/ADC_module.o (__do_copy_data)
c:/program files/microchip/xc8/v2.31/avr/bin/../lib/gcc/avr/5.4.0/avr5/memx-const\libgcc.a(_umulhisi3.o)
                              MODULES/MRPP_module/util/mrpp_state.o (__umulhisi3)
c:/program files/microchip/xc8/v2.31/avr/bin/../lib/gcc/avr/5.4.0/avr5/memx-const\libgcc.a(_movmemx.o)
                              TEST/EEPROM_module/test_EEPROM_module.o (__movmemx_qi)
c:/program files/microchip/xc8/v2.31/avr/bin/../lib/gcc/avr/5.4.0/../../../../avr/lib/avr5/memx-const\libc.a(memcpy_M.o)
                              MODULES/LORA_module/RN2483_protocol/RN2483_protocol.o (memcpy)
c:/program files/microchip/xc8/v2.31/avr/bin/../lib/gcc/avr/5.4.0/../../../../avr/lib/avr5/memx-const\libc.a(strcmp_M.o)
                              MODULES/LORA_module/send_uplink/send_uplink.o (strcmp)
c:/program files/microchip/xc8/v2.31/avr/bin/../lib/gcc/avr/5.4.0/../../../../avr/lib/avr5/memx-const\libc.a(strncmp_M.o)
                              MODULES/LORA_module/send_uplink/send_uplink.o (strncmp)
c:/program files/microchip/xc8/v2.31/avr/bin/../lib/gcc/avr/5.4.0/../../../../avr/lib/avr5/memx-const\libc.a(strlen_M.o)
                              HAL/UART0/UART0_HAL.o (strlen)
c:/program files/microchip/xc8/v2.31/avr/bin/../lib/gcc/avr/5.4.0/../../../../avr/lib/avr5/memx-const\libc.a(strcpy_M.o)
                              MODULES/LORA_module/RN2483_protocol/RN2483_protocol.o (strcpy)
c:/program files/microchip/xc8/v2.31/avr/bin/../lib/gcc/avr/5.4.0/../../../../avr/lib/avr5/memx-const\libc.a(sprintf.o)
                              MODULES/LORA_module/RN2483_protocol/RN2483_protocol.o (sprintf)
c:/program files/microchip/xc8/v2.31/avr/bin/../lib/gcc/avr/5.4.0/../../../../avr/lib/avr5/memx-const\libc.a(vfprintf_std.o)
                              c:/program files/microchip/xc8/v2.31/avr/bin/../lib/gcc/avr/5.4.0/../../../../avr/lib/avr5/memx-const\libc.a(sprintf.o) (vfprintf)
c:/program files/microchip/xc8/v2.31/avr/bin/../lib/gcc/avr/5.4.0/../../../../avr/lib/avr5/memx-const\libc.a(strnlen_M.o)
                              c:/program files/microchip/xc8/v2.31/avr/bin/../lib/gcc/avr/5.4.0/../../../../avr/lib/avr5/memx-const\libc.a(vfprintf_std.o) (strnlen)
c:/program files/microchip/xc8/v2.31/avr/bin/../lib/gcc/avr/5.4.0/../../../../avr/lib/avr5/memx-const\libc.a(fputc.o)
                              c:/program files/microchip/xc8/v2.31/avr/bin/../lib/gcc/avr/5.4.0/../../../../avr/lib/avr5/memx-const\libc.a(vfprintf_std.o) (fputc)
c:/program files/microchip/xc8/v2.31/avr/bin/../lib/gcc/avr/5.4.0/../../../../avr/lib/avr5/memx-const\libc.a(ultoa_invert.o)
                              c:/program files/microchip/xc8/v2.31/avr/bin/../lib/gcc/avr/5.4.0/../../../../avr/lib/avr5/memx-const\libc.a(vfprintf_std.o) (__ultoa_invert)
C:/Program Files (x86)/Atmel/Studio/7.0/Packs/atmel/ATmega_DFP/1.6.364/xc8/avr/lib/avr5/memx-const\libatmega644pa.a(eerd_block.o)
                              MODULES/EEPROM_module/EEPROM_module.o (eeprom_read_block)
C:/Program Files (x86)/Atmel/Studio/7.0/Packs/atmel/ATmega_DFP/1.6.364/xc8/avr/lib/avr5/memx-const\libatmega644pa.a(eerd_byte.o)
                              MODULES/EEPROM_module/EEPROM_module.o (eeprom_read_byte)
C:/Program Files (x86)/Atmel/Studio/7.0/Packs/atmel/ATmega_DFP/1.6.364/xc8/avr/lib/avr5/memx-const\libatmega644pa.a(eeupd_block_M.o)
                              MODULES/EEPROM_module/EEPROM_module.o (eeprom_update_block)
C:/Program Files (x86)/Atmel/Studio/7.0/Packs/atmel/ATmega_DFP/1.6.364/xc8/avr/lib/avr5/memx-const\libatmega644pa.a(eeupd_byte.o)
                              MODULES/EEPROM_module/EEPROM_module.o (eeprom_update_byte)
c:/program files/microchip/xc8/v2.31/avr/bin/../lib/gcc/avr/5.4.0/avr5/memx-const\libgcc.a(_prologue.o)
                              c:/program files/microchip/xc8/v2.31/avr/bin/../lib/gcc/avr/5.4.0/../../../../avr/lib/avr5/memx-const\libc.a(sprintf.o) (__prologue_saves__)
c:/program files/microchip/xc8/v2.31/avr/bin/../lib/gcc/avr/5.4.0/avr5/memx-const\libgcc.a(_epilogue.o)
                              c:/program files/microchip/xc8/v2.31/avr/bin/../lib/gcc/avr/5.4.0/../../../../avr/lib/avr5/memx-const\libc.a(sprintf.o) (__epilogue_restores__)
c:/program files/microchip/xc8/v2.31/avr/bin/../lib/gcc/avr/5.4.0/avr5/memx-const\libgcc.a(_xload_1.o)
                              C:/Program Files (x86)/Atmel/Studio/7.0/Packs/atmel/ATmega_DFP/1.6.364/xc8/avr/lib/avr5/memx-const\libatmega644pa.a(eeupd_block_M.o) (__xload_1)

Allocating common symbols
Common symbol       size              file

storage             0x320             MODULES/MRPP_module/util/mrpp_data.o
cntSamples          0x2               MODULES/ADC_module/ADC_module.o
lm_msg              0xc8              MODULES/LORA_module/util/util.o
_cb                 0x2               HAL/TC0/TC0_HAL.o
state               0x9a              MODULES/MRPP_module/mrpp.o
rx_buffer           0x64              HAL/UART0/UART0_HAL.o
tx_buffer           0xc8              HAL/UART0/UART0_HAL.o
_powerUpTime        0x1               MODULES/ADC_module/ADC_module.o
_data               0x2               MODULES/ADC_module/ADC_module.o
_nSamples           0x2               MODULES/ADC_module/ADC_module.o
cntPowerUpTime      0x1               MODULES/ADC_module/ADC_module.o

Discarded input sections

 .data          0x0000000000000000        0x0 C:/Program Files (x86)/Atmel/Studio/7.0/Packs/atmel/ATmega_DFP/1.6.364/xc8/avr/lib/avr5/memx-const/crtatmega644pa.o
 .bss           0x0000000000000000        0x0 C:/Program Files (x86)/Atmel/Studio/7.0/Packs/atmel/ATmega_DFP/1.6.364/xc8/avr/lib/avr5/memx-const/crtatmega644pa.o
 .text          0x0000000000000000        0x0 HAL/PM/PM_HAL.o
 .data          0x0000000000000000        0x0 HAL/PM/PM_HAL.o
 .bss           0x0000000000000000        0x0 HAL/PM/PM_HAL.o
 .text.PM_HAL_adc_power_init
                0x0000000000000000        0x6 HAL/PM/PM_HAL.o
 .text.PM_HAL_adc_power
                0x0000000000000000        0xc HAL/PM/PM_HAL.o
 .text.PM_HAL_meth_power_init
                0x0000000000000000        0x6 HAL/PM/PM_HAL.o
 .text.PM_HAL_meth_power
                0x0000000000000000        0xc HAL/PM/PM_HAL.o
 .text.PM_HAL_SCD30_power_init
                0x0000000000000000        0x6 HAL/PM/PM_HAL.o
 .text.PM_HAL_SCD30_power
                0x0000000000000000        0xc HAL/PM/PM_HAL.o
 .text.PM_HAL_BC_power_init
                0x0000000000000000        0x6 HAL/PM/PM_HAL.o
 .text.PM_HAL_BC_power
                0x0000000000000000        0xc HAL/PM/PM_HAL.o
 .text.PM_HAL_enter_power_down
                0x0000000000000000       0x32 HAL/PM/PM_HAL.o
 .text          0x0000000000000000        0x0 HAL/RN2483/RN2483_HAL.o
 .data          0x0000000000000000        0x0 HAL/RN2483/RN2483_HAL.o
 .bss           0x0000000000000000        0x0 HAL/RN2483/RN2483_HAL.o
 .text.rn2483_init
                0x0000000000000000        0x4 HAL/RN2483/RN2483_HAL.o
 .text.rn2483_reset_active
                0x0000000000000000        0x4 HAL/RN2483/RN2483_HAL.o
 .text.rn2483_reset_deactive
                0x0000000000000000        0x4 HAL/RN2483/RN2483_HAL.o
 .comment       0x0000000000000000       0x30 HAL/RN2483/RN2483_HAL.o
 .text          0x0000000000000000        0x0 HAL/SCD30/SCD30_HAL.o
 .data          0x0000000000000000        0x0 HAL/SCD30/SCD30_HAL.o
 .bss           0x0000000000000000        0x0 HAL/SCD30/SCD30_HAL.o
 .text.SCD30_HAL_init
                0x0000000000000000        0x6 HAL/SCD30/SCD30_HAL.o
 .text.SCD30_HAL_data_ready
                0x0000000000000000        0xa HAL/SCD30/SCD30_HAL.o
 .comment       0x0000000000000000       0x30 HAL/SCD30/SCD30_HAL.o
 .text          0x0000000000000000        0x0 HAL/TC0/TC0_HAL.o
 .data          0x0000000000000000        0x0 HAL/TC0/TC0_HAL.o
 .bss           0x0000000000000000        0x0 HAL/TC0/TC0_HAL.o
 .text.TC0_HAL_init
                0x0000000000000000       0x20 HAL/TC0/TC0_HAL.o
 .text.TC0_HAL_start
                0x0000000000000000        0x6 HAL/TC0/TC0_HAL.o
 .text.TC0_HAL_stop
                0x0000000000000000        0x4 HAL/TC0/TC0_HAL.o
 .text          0x0000000000000000        0x0 HAL/TC1/TC1_HAL.o
 .data          0x0000000000000000        0x0 HAL/TC1/TC1_HAL.o
 .bss           0x0000000000000000        0x0 HAL/TC1/TC1_HAL.o
 .text.TC1_HAL_init
                0x0000000000000000       0x34 HAL/TC1/TC1_HAL.o
 .text.TC1_HAL_start
                0x0000000000000000        0xc HAL/TC1/TC1_HAL.o
 .text.TC1_HAL_stop
                0x0000000000000000        0xc HAL/TC1/TC1_HAL.o
 .text          0x0000000000000000        0x0 HAL/TC2/TC2_HAL.o
 .data          0x0000000000000000        0x0 HAL/TC2/TC2_HAL.o
 .bss           0x0000000000000000        0x0 HAL/TC2/TC2_HAL.o
 .text.TC2_HAL_init
                0x0000000000000000       0x20 HAL/TC2/TC2_HAL.o
 .text.TC2_HAL_kill
                0x0000000000000000       0x22 HAL/TC2/TC2_HAL.o
 .text.TC2_HAL_subscribe
                0x0000000000000000       0x56 HAL/TC2/TC2_HAL.o
 .text.TC2_HAL_cancel
                0x0000000000000000       0x2a HAL/TC2/TC2_HAL.o
 .bss.cbCounter
                0x0000000000000000        0x1 HAL/TC2/TC2_HAL.o
 .text          0x0000000000000000        0x0 HAL/TWI/TWI_API.o
 .data          0x0000000000000000        0x0 HAL/TWI/TWI_API.o
 .bss           0x0000000000000000        0x0 HAL/TWI/TWI_API.o
 .text.read_and_stop
                0x0000000000000000       0x70 HAL/TWI/TWI_API.o
 .text.TWI_API_write_data
                0x0000000000000000       0x86 HAL/TWI/TWI_API.o
 .text.TWI_API_write_data_stop
                0x0000000000000000       0x8a HAL/TWI/TWI_API.o
 .text.TWI_API_read_data_ack_end_nack_stop
                0x0000000000000000       0x2a HAL/TWI/TWI_API.o
 .text.TWI_API_repeat_read_data_stop
                0x0000000000000000       0x28 HAL/TWI/TWI_API.o
 .comment       0x0000000000000000       0x30 HAL/TWI/TWI_API.o
 .text          0x0000000000000000        0x0 HAL/TWI/TWI_HAL.o
 .data          0x0000000000000000        0x0 HAL/TWI/TWI_HAL.o
 .bss           0x0000000000000000        0x0 HAL/TWI/TWI_HAL.o
 .text.TWI_HAL_init
                0x0000000000000000       0x12 HAL/TWI/TWI_HAL.o
 .text.TWI_HAL_start
                0x0000000000000000       0x46 HAL/TWI/TWI_HAL.o
 .text.TWI_HAL_repeated_start
                0x0000000000000000       0x42 HAL/TWI/TWI_HAL.o
 .text.TWI_HAL_write_byte
                0x0000000000000000       0x22 HAL/TWI/TWI_HAL.o
 .text.TWI_HAL_read_byte_ack
                0x0000000000000000       0x14 HAL/TWI/TWI_HAL.o
 .text.TWI_HAL_read_byte_nack
                0x0000000000000000       0x14 HAL/TWI/TWI_HAL.o
 .text.TWI_HAL_stop
                0x0000000000000000       0x10 HAL/TWI/TWI_HAL.o
 .comment       0x0000000000000000       0x30 HAL/TWI/TWI_HAL.o
 .text          0x0000000000000000        0x0 HAL/UART0/UART0_HAL.o
 .data          0x0000000000000000        0x0 HAL/UART0/UART0_HAL.o
 .bss           0x0000000000000000        0x0 HAL/UART0/UART0_HAL.o
 .text.uart0_hal_init
                0x0000000000000000       0x3c HAL/UART0/UART0_HAL.o
 .text.uart0_hal_send_message
                0x0000000000000000       0x36 HAL/UART0/UART0_HAL.o
 .text.uart0_hal_send_string
                0x0000000000000000       0x64 HAL/UART0/UART0_HAL.o
 .text.uart0_hal_message_ready
                0x0000000000000000        0xe HAL/UART0/UART0_HAL.o
 .text.uart0_hal_read_message
                0x0000000000000000       0x50 HAL/UART0/UART0_HAL.o
 .text.uart0_hal_read_message_as_str
                0x0000000000000000       0x56 HAL/UART0/UART0_HAL.o
 .text.uart0_hal_clear_rx_buffer
                0x0000000000000000        0xa HAL/UART0/UART0_HAL.o
 .text.uart0_hal_send_break
                0x0000000000000000       0x34 HAL/UART0/UART0_HAL.o
 .text          0x0000000000000000        0x0 HAL/UART1/UART1_HAL.o
 .data          0x0000000000000000        0x0 HAL/UART1/UART1_HAL.o
 .bss           0x0000000000000000        0x0 HAL/UART1/UART1_HAL.o
 .text.uart1_hal_init
                0x0000000000000000       0x3c HAL/UART1/UART1_HAL.o
 .text.uart1_hal_send_string
                0x0000000000000000       0x68 HAL/UART1/UART1_HAL.o
 .text.uart1_hal_send_message
                0x0000000000000000       0x36 HAL/UART1/UART1_HAL.o
 .text.uart1_hal_message_ready
                0x0000000000000000        0xe HAL/UART1/UART1_HAL.o
 .text.uart1_hal_read_message
                0x0000000000000000       0x50 HAL/UART1/UART1_HAL.o
 .text.uart1_hal_read_message_as_str
                0x0000000000000000       0x56 HAL/UART1/UART1_HAL.o
 .text.uart1_hal_clear_rx_buffer
                0x0000000000000000        0xa HAL/UART1/UART1_HAL.o
 .text          0x0000000000000000        0x0 main.o
 .data          0x0000000000000000        0x0 main.o
 .bss           0x0000000000000000        0x0 main.o
 .text          0x0000000000000000        0x0 MODULES/ADC_module/ADC_module.o
 .data          0x0000000000000000        0x0 MODULES/ADC_module/ADC_module.o
 .bss           0x0000000000000000        0x0 MODULES/ADC_module/ADC_module.o
 .text.vect_ADC_heat_timeout
                0x0000000000000000       0x16 MODULES/ADC_module/ADC_module.o
 .text.ADC_init_sampling
                0x0000000000000000       0x68 MODULES/ADC_module/ADC_module.o
 .text.ADC_deinit_sampling
                0x0000000000000000       0x14 MODULES/ADC_module/ADC_module.o
 .text.ADC_is_sampling_done
                0x0000000000000000       0x1c MODULES/ADC_module/ADC_module.o
 .text.ADC_get_value
                0x0000000000000000       0xe0 MODULES/ADC_module/ADC_module.o
 .text.vect_ADC_do_sample
                0x0000000000000000       0x46 MODULES/ADC_module/ADC_module.o
 .text.ADC_start_sampling
                0x0000000000000000        0xc MODULES/ADC_module/ADC_module.o
 .text.ADC_meth_sens_power_on
                0x0000000000000000       0x20 MODULES/ADC_module/ADC_module.o
 .text.ADC_meth_sens_power_off
                0x0000000000000000        0xa MODULES/ADC_module/ADC_module.o
 .text.ADC_meth_sens_ready
                0x0000000000000000       0x12 MODULES/ADC_module/ADC_module.o
 .text.ADC_set_conf_parameters
                0x0000000000000000       0x44 MODULES/ADC_module/ADC_module.o
 .text.calc_ppm_methane
                0x0000000000000000       0x96 MODULES/ADC_module/ADC_module.o
 .data.PPM_factor
                0x0000000000000000        0x4 MODULES/ADC_module/ADC_module.o
 .data.RRL      0x0000000000000000        0x4 MODULES/ADC_module/ADC_module.o
 .data.Vc       0x0000000000000000        0x4 MODULES/ADC_module/ADC_module.o
 .comment       0x0000000000000000       0x30 MODULES/ADC_module/ADC_module.o
 COMMON         0x0000000000000000        0x8 MODULES/ADC_module/ADC_module.o
 .text          0x0000000000000000        0x0 MODULES/EEPROM_module/EEPROM_module.o
 .data          0x0000000000000000        0x0 MODULES/EEPROM_module/EEPROM_module.o
 .bss           0x0000000000000000        0x0 MODULES/EEPROM_module/EEPROM_module.o
 .text.EM_clear_lora_prameters
                0x0000000000000000       0x1e MODULES/EEPROM_module/EEPROM_module.o
 .text.EM_has_deveui
                0x0000000000000000       0x16 MODULES/EEPROM_module/EEPROM_module.o
 .text.EM_has_appeui
                0x0000000000000000       0x16 MODULES/EEPROM_module/EEPROM_module.o
 .text.EM_has_appkey
                0x0000000000000000       0x16 MODULES/EEPROM_module/EEPROM_module.o
 .text.EM_set_deveui
                0x0000000000000000       0x38 MODULES/EEPROM_module/EEPROM_module.o
 .text.EM_get_deveui
                0x0000000000000000       0x36 MODULES/EEPROM_module/EEPROM_module.o
 .text.EM_set_appeui
                0x0000000000000000       0x38 MODULES/EEPROM_module/EEPROM_module.o
 .text.EM_get_appeui
                0x0000000000000000       0x36 MODULES/EEPROM_module/EEPROM_module.o
 .text.EM_set_appkey
                0x0000000000000000       0x38 MODULES/EEPROM_module/EEPROM_module.o
 .text.EM_get_appkey
                0x0000000000000000       0x36 MODULES/EEPROM_module/EEPROM_module.o
 .comment       0x0000000000000000       0x30 MODULES/EEPROM_module/EEPROM_module.o
 .text          0x0000000000000000        0x0 MODULES/LORA_module/join_network/join_network.o
 .data          0x0000000000000000        0x0 MODULES/LORA_module/join_network/join_network.o
 .bss           0x0000000000000000        0x0 MODULES/LORA_module/join_network/join_network.o
 .progmemx.data
                0x0000000000000000       0x38 MODULES/LORA_module/join_network/join_network.o
 .text.JN_join_network
                0x0000000000000000      0x1fa MODULES/LORA_module/join_network/join_network.o
 .progmem.gcc_sw_table.JN_join_network
                0x0000000000000000       0x1a MODULES/LORA_module/join_network/join_network.o
 .comment       0x0000000000000000       0x30 MODULES/LORA_module/join_network/join_network.o
 .text          0x0000000000000000        0x0 MODULES/LORA_module/lora_module.o
 .data          0x0000000000000000        0x0 MODULES/LORA_module/lora_module.o
 .bss           0x0000000000000000        0x0 MODULES/LORA_module/lora_module.o
 .text.block_uplink
                0x0000000000000000       0x1c MODULES/LORA_module/lora_module.o
 .text.LM_join_network
                0x0000000000000000        0x4 MODULES/LORA_module/lora_module.o
 .text.LM_send_uplink
                0x0000000000000000       0x44 MODULES/LORA_module/lora_module.o
 .text.LM_put_to_sleep
                0x0000000000000000        0x4 MODULES/LORA_module/lora_module.o
 .text.LM_wake_up
                0x0000000000000000        0x4 MODULES/LORA_module/lora_module.o
 .text.LM_is_free
                0x0000000000000000        0xa MODULES/LORA_module/lora_module.o
 .bss.subPointer
                0x0000000000000000        0x1 MODULES/LORA_module/lora_module.o
 .bss.busy      0x0000000000000000        0x1 MODULES/LORA_module/lora_module.o
 .bss.cnt       0x0000000000000000        0x1 MODULES/LORA_module/lora_module.o
 .comment       0x0000000000000000       0x30 MODULES/LORA_module/lora_module.o
 .text          0x0000000000000000        0x0 MODULES/LORA_module/RN2483_protocol/RN2483_protocol.o
 .data          0x0000000000000000        0x0 MODULES/LORA_module/RN2483_protocol/RN2483_protocol.o
 .bss           0x0000000000000000        0x0 MODULES/LORA_module/RN2483_protocol/RN2483_protocol.o
 .progmemx.data
                0x0000000000000000       0x73 MODULES/LORA_module/RN2483_protocol/RN2483_protocol.o
 .text.attach_ending
                0x0000000000000000       0x1a MODULES/LORA_module/RN2483_protocol/RN2483_protocol.o
 .text.cmd_with_ending
                0x0000000000000000       0x30 MODULES/LORA_module/RN2483_protocol/RN2483_protocol.o
 .text.sys_sleep_cmd
                0x0000000000000000       0x5e MODULES/LORA_module/RN2483_protocol/RN2483_protocol.o
 .text.mac_set_parameter
                0x0000000000000000       0x4a MODULES/LORA_module/RN2483_protocol/RN2483_protocol.o
 .text.mac_set_deveui
                0x0000000000000000       0x56 MODULES/LORA_module/RN2483_protocol/RN2483_protocol.o
 .text.mac_set_appeui
                0x0000000000000000       0x56 MODULES/LORA_module/RN2483_protocol/RN2483_protocol.o
 .text.mac_set_appkey
                0x0000000000000000       0x56 MODULES/LORA_module/RN2483_protocol/RN2483_protocol.o
 .text.mac_set_ADR
                0x0000000000000000       0x34 MODULES/LORA_module/RN2483_protocol/RN2483_protocol.o
 .text.mac_tx_confirmed
                0x0000000000000000      0x12a MODULES/LORA_module/RN2483_protocol/RN2483_protocol.o
 .comment       0x0000000000000000       0x30 MODULES/LORA_module/RN2483_protocol/RN2483_protocol.o
 .text          0x0000000000000000        0x0 MODULES/LORA_module/send_uplink/send_uplink.o
 .data          0x0000000000000000        0x0 MODULES/LORA_module/send_uplink/send_uplink.o
 .bss           0x0000000000000000        0x0 MODULES/LORA_module/send_uplink/send_uplink.o
 .progmemx.data
                0x0000000000000000       0x27 MODULES/LORA_module/send_uplink/send_uplink.o
 .text.SU_send_uplink
                0x0000000000000000      0x184 MODULES/LORA_module/send_uplink/send_uplink.o
 .progmem.gcc_sw_table.SU_send_uplink
                0x0000000000000000       0x12 MODULES/LORA_module/send_uplink/send_uplink.o
 .comment       0x0000000000000000       0x30 MODULES/LORA_module/send_uplink/send_uplink.o
 .text          0x0000000000000000        0x0 MODULES/LORA_module/sleep_controller/sleep_controller.o
 .data          0x0000000000000000        0x0 MODULES/LORA_module/sleep_controller/sleep_controller.o
 .bss           0x0000000000000000        0x0 MODULES/LORA_module/sleep_controller/sleep_controller.o
 .progmemx.data
                0x0000000000000000        0x3 MODULES/LORA_module/sleep_controller/sleep_controller.o
 .text.SC_put_to_sleep
                0x0000000000000000       0x4c MODULES/LORA_module/sleep_controller/sleep_controller.o
 .text.SC_wake_up
                0x0000000000000000       0x32 MODULES/LORA_module/sleep_controller/sleep_controller.o
 .comment       0x0000000000000000       0x30 MODULES/LORA_module/sleep_controller/sleep_controller.o
 .text          0x0000000000000000        0x0 MODULES/LORA_module/util/util.o
 .data          0x0000000000000000        0x0 MODULES/LORA_module/util/util.o
 .bss           0x0000000000000000        0x0 MODULES/LORA_module/util/util.o
 .text.util_setPendingStates
                0x0000000000000000        0xc MODULES/LORA_module/util/util.o
 .text.util_setMatchCase
                0x0000000000000000        0xc MODULES/LORA_module/util/util.o
 .text.util_matchMessage
                0x0000000000000000       0x6e MODULES/LORA_module/util/util.o
 .text.util_transmit_msg
                0x0000000000000000       0x1a MODULES/LORA_module/util/util.o
 .text.util_read_msg
                0x0000000000000000        0x4 MODULES/LORA_module/util/util.o
 .progmemx.data
                0x0000000000000000       0x19 MODULES/LORA_module/util/util.o
 .text.util_parse_err
                0x0000000000000000       0x4e MODULES/LORA_module/util/util.o
 .comment       0x0000000000000000       0x30 MODULES/LORA_module/util/util.o
 COMMON         0x0000000000000000       0xc8 MODULES/LORA_module/util/util.o
 .text          0x0000000000000000        0x0 MODULES/MRPP_module/mrpp.o
 .data          0x0000000000000000        0x0 MODULES/MRPP_module/mrpp.o
 .bss           0x0000000000000000        0x0 MODULES/MRPP_module/mrpp.o
 .text.MRPP_init_group
                0x0000000000000000       0x1e MODULES/MRPP_module/mrpp.o
 .text.get_group_id
                0x0000000000000000        0x6 MODULES/MRPP_module/mrpp.o
 .text.set_group_id
                0x0000000000000000        0x6 MODULES/MRPP_module/mrpp.o
 .text.MRPP_add_collection_data_INT16
                0x0000000000000000       0x70 MODULES/MRPP_module/mrpp.o
 .text.MRPP_is_body_package_ready
                0x0000000000000000       0x22 MODULES/MRPP_module/mrpp.o
 .text.MRPP_get_ready_body_package
                0x0000000000000000       0x96 MODULES/MRPP_module/mrpp.o
 .text.MRPP_set_body_sent
                0x0000000000000000        0xa MODULES/MRPP_module/mrpp.o
 .text.MRPP_get_header_package
                0x0000000000000000       0x22 MODULES/MRPP_module/mrpp.o
 .text.MRPP_get_tail_package
                0x0000000000000000       0x22 MODULES/MRPP_module/mrpp.o
 .text.MRPP_all_body_package_sent
                0x0000000000000000        0x8 MODULES/MRPP_module/mrpp.o
 .text.MRPP_validate_collections_space
                0x0000000000000000       0x3c MODULES/MRPP_module/mrpp.o
 .bss._groupId  0x0000000000000000        0x1 MODULES/MRPP_module/mrpp.o
 .comment       0x0000000000000000       0x30 MODULES/MRPP_module/mrpp.o
 COMMON         0x0000000000000000       0x9a MODULES/MRPP_module/mrpp.o
 .text          0x0000000000000000        0x0 MODULES/MRPP_module/util/mrpp_data.o
 .data          0x0000000000000000        0x0 MODULES/MRPP_module/util/mrpp_data.o
 .bss           0x0000000000000000        0x0 MODULES/MRPP_module/util/mrpp_data.o
 .text.mrpp_data_add_int16
                0x0000000000000000       0x7e MODULES/MRPP_module/util/mrpp_data.o
 .text.mrpp_data_get
                0x0000000000000000       0x22 MODULES/MRPP_module/util/mrpp_data.o
 .comment       0x0000000000000000       0x30 MODULES/MRPP_module/util/mrpp_data.o
 COMMON         0x0000000000000000      0x320 MODULES/MRPP_module/util/mrpp_data.o
 .text          0x0000000000000000        0x0 MODULES/MRPP_module/util/mrpp_state.o
 .data          0x0000000000000000        0x0 MODULES/MRPP_module/util/mrpp_state.o
 .bss           0x0000000000000000        0x0 MODULES/MRPP_module/util/mrpp_state.o
 .text.add_data_types
                0x0000000000000000       0xca MODULES/MRPP_module/util/mrpp_state.o
 .text.mrpp_state_init
                0x0000000000000000      0x122 MODULES/MRPP_module/util/mrpp_state.o
 .text.mrpp_state_get_header
                0x0000000000000000       0x88 MODULES/MRPP_module/util/mrpp_state.o
 .text.mrpp_state_get_tail
                0x0000000000000000       0x8a MODULES/MRPP_module/util/mrpp_state.o
 .text.mrpp_state_set_collection
                0x0000000000000000      0x1d0 MODULES/MRPP_module/util/mrpp_state.o
 .text.mrpp_state_is_body_ready
                0x0000000000000000       0x4c MODULES/MRPP_module/util/mrpp_state.o
 .text.mrpp_state_all_bodies_sent
                0x0000000000000000       0x34 MODULES/MRPP_module/util/mrpp_state.o
 .text.mrpp_state_get_ready_body
                0x0000000000000000      0x172 MODULES/MRPP_module/util/mrpp_state.o
 .text.mrpp_state_set_body_sent
                0x0000000000000000       0x20 MODULES/MRPP_module/util/mrpp_state.o
 .text.mrpp_state_get_collection_address
                0x0000000000000000       0x36 MODULES/MRPP_module/util/mrpp_state.o
 .comment       0x0000000000000000       0x30 MODULES/MRPP_module/util/mrpp_state.o
 .text          0x0000000000000000        0x0 MODULES/RTC_module/RTC_module.o
 .data          0x0000000000000000        0x0 MODULES/RTC_module/RTC_module.o
 .bss           0x0000000000000000        0x0 MODULES/RTC_module/RTC_module.o
 .text.RTC_set_clock_out
                0x0000000000000000       0x50 MODULES/RTC_module/RTC_module.o
 .text.RTC_clear_wake_up_interrupt
                0x0000000000000000       0x2e MODULES/RTC_module/RTC_module.o
 .text.RTC_get_current_time
                0x0000000000000000       0xf4 MODULES/RTC_module/RTC_module.o
 .rodata        0x0000000000000000        0x5 MODULES/RTC_module/RTC_module.o
 .text.RTC_set_wake_up_interrupt
                0x0000000000000000       0xb8 MODULES/RTC_module/RTC_module.o
 .text.datetime_to_BCD
                0x0000000000000000       0xe8 MODULES/RTC_module/RTC_module.o
 .text.RTC_set_current_time
                0x0000000000000000       0x62 MODULES/RTC_module/RTC_module.o
 .text.BCD_to_datetime
                0x0000000000000000       0x8e MODULES/RTC_module/RTC_module.o
 .progmemx.data.CMD_READ_TIME_POINTER
                0x0000000000000000        0x1 MODULES/RTC_module/RTC_module.o
 .comment       0x0000000000000000       0x30 MODULES/RTC_module/RTC_module.o
 .text          0x0000000000000000        0x0 MODULES/SCD30_module/SCD30_module.o
 .data          0x0000000000000000        0x0 MODULES/SCD30_module/SCD30_module.o
 .bss           0x0000000000000000        0x0 MODULES/SCD30_module/SCD30_module.o
 .text.init_measurement
                0x0000000000000000       0x34 MODULES/SCD30_module/SCD30_module.o
 .text.read_value
                0x0000000000000000       0xba MODULES/SCD30_module/SCD30_module.o
 .text.vect_SCD_do_sample
                0x0000000000000000       0x46 MODULES/SCD30_module/SCD30_module.o
 .text.SCD30_init_sampling
                0x0000000000000000       0x4c MODULES/SCD30_module/SCD30_module.o
 .text.SCD30_deinit
                0x0000000000000000       0x14 MODULES/SCD30_module/SCD30_module.o
 .text.SCD30_start_sampling
                0x0000000000000000        0xc MODULES/SCD30_module/SCD30_module.o
 .text.SCD30_is_sampling_done
                0x0000000000000000       0x1c MODULES/SCD30_module/SCD30_module.o
 .text.SCD30_get_reading
                0x0000000000000000       0x3e MODULES/SCD30_module/SCD30_module.o
 .text.SCD30_data_ready
                0x0000000000000000        0x4 MODULES/SCD30_module/SCD30_module.o
 .progmemx.data.DATA_READY_CMD
                0x0000000000000000        0x2 MODULES/SCD30_module/SCD30_module.o
 .progmemx.data.READ_DATA_CMD
                0x0000000000000000        0x2 MODULES/SCD30_module/SCD30_module.o
 .progmemx.data.SET_MEASUREMENT_INTERVAL
                0x0000000000000000        0x5 MODULES/SCD30_module/SCD30_module.o
 .progmemx.data.TRIGGER_CONT_MEASUREMENT
                0x0000000000000000        0x5 MODULES/SCD30_module/SCD30_module.o
 .comment       0x0000000000000000       0x30 MODULES/SCD30_module/SCD30_module.o
 .text          0x0000000000000000        0x0 TEST/ADC_module/test_ADC_module.o
 .data          0x0000000000000000        0x0 TEST/ADC_module/test_ADC_module.o
 .bss           0x0000000000000000        0x0 TEST/ADC_module/test_ADC_module.o
 .progmemx.data
                0x0000000000000000       0x18 TEST/ADC_module/test_ADC_module.o
 .text.test_heater
                0x0000000000000000       0x3c TEST/ADC_module/test_ADC_module.o
 .text.test_sampling
                0x0000000000000000      0x108 TEST/ADC_module/test_ADC_module.o
 .text.init_sampling
                0x0000000000000000       0x50 TEST/ADC_module/test_ADC_module.o
 .text.get_value
                0x0000000000000000       0x7a TEST/ADC_module/test_ADC_module.o
 .text.test_calc_ppm_methane
                0x0000000000000000       0x8a TEST/ADC_module/test_ADC_module.o
 .text.test_ADC_module_start
                0x0000000000000000       0x20 TEST/ADC_module/test_ADC_module.o
 .text.read_adc
                0x0000000000000000       0x42 TEST/ADC_module/test_ADC_module.o
 .comment       0x0000000000000000       0x30 TEST/ADC_module/test_ADC_module.o
 .text          0x0000000000000000        0x0 TEST/EEPROM_module/test_EEPROM_module.o
 .data          0x0000000000000000        0x0 TEST/EEPROM_module/test_EEPROM_module.o
 .bss           0x0000000000000000        0x0 TEST/EEPROM_module/test_EEPROM_module.o
 .progmemx.data
                0x0000000000000000       0x4e TEST/EEPROM_module/test_EEPROM_module.o
 .text.test_EEPROM_module_start
                0x0000000000000000       0x4e TEST/EEPROM_module/test_EEPROM_module.o
 .text.test_set_get_parameter
                0x0000000000000000      0x1cc TEST/EEPROM_module/test_EEPROM_module.o
 .text.set_deveui
                0x0000000000000000       0x8c TEST/EEPROM_module/test_EEPROM_module.o
 .text.clear_lora_parameters
                0x0000000000000000       0x52 TEST/EEPROM_module/test_EEPROM_module.o
 .comment       0x0000000000000000       0x30 TEST/EEPROM_module/test_EEPROM_module.o
 .text          0x0000000000000000        0x0 TEST/LORA_module/test_lora_module.o
 .data          0x0000000000000000        0x0 TEST/LORA_module/test_lora_module.o
 .bss           0x0000000000000000        0x0 TEST/LORA_module/test_lora_module.o
 .progmemx.data
                0x0000000000000000       0x74 TEST/LORA_module/test_lora_module.o
 .text.test_wake_up
                0x0000000000000000       0x42 TEST/LORA_module/test_lora_module.o
 .text.test_lora_module_start
                0x0000000000000000       0x2e TEST/LORA_module/test_lora_module.o
 .text.test_put_to_sleep
                0x0000000000000000       0x42 TEST/LORA_module/test_lora_module.o
 .text.test_send_uplink
                0x0000000000000000       0x84 TEST/LORA_module/test_lora_module.o
 .text.test_send_uplink_block
                0x0000000000000000       0x68 TEST/LORA_module/test_lora_module.o
 .text.test_join_network
                0x0000000000000000       0xb4 TEST/LORA_module/test_lora_module.o
 .comment       0x0000000000000000       0x30 TEST/LORA_module/test_lora_module.o
 .text          0x0000000000000000        0x0 TEST/MRPP_module/helpers/util.o
 .data          0x0000000000000000        0x0 TEST/MRPP_module/helpers/util.o
 .bss           0x0000000000000000        0x0 TEST/MRPP_module/helpers/util.o
 .text.util_fill_data
                0x0000000000000000       0x1c TEST/MRPP_module/helpers/util.o
 .progmemx.data
                0x0000000000000000        0x6 TEST/MRPP_module/helpers/util.o
 .text.util_2_hex_str
                0x0000000000000000       0x7a TEST/MRPP_module/helpers/util.o
 .comment       0x0000000000000000       0x30 TEST/MRPP_module/helpers/util.o
 .text          0x0000000000000000        0x0 TEST/MRPP_module/test_MRPP_module.o
 .data          0x0000000000000000        0x0 TEST/MRPP_module/test_MRPP_module.o
 .bss           0x0000000000000000        0x0 TEST/MRPP_module/test_MRPP_module.o
 .text.test_MRPP_module_start
                0x0000000000000000       0x18 TEST/MRPP_module/test_MRPP_module.o
 .comment       0x0000000000000000       0x30 TEST/MRPP_module/test_MRPP_module.o
 .text          0x0000000000000000        0x0 TEST/RTC_module/test_RTC_module.o
 .data          0x0000000000000000        0x0 TEST/RTC_module/test_RTC_module.o
 .bss           0x0000000000000000        0x0 TEST/RTC_module/test_RTC_module.o
 .progmemx.data
                0x0000000000000000        0xa TEST/RTC_module/test_RTC_module.o
 .text.test_RTC_module_start
                0x0000000000000000       0x3c TEST/RTC_module/test_RTC_module.o
 .comment       0x0000000000000000       0x30 TEST/RTC_module/test_RTC_module.o
 .text          0x0000000000000000        0x0 TEST/SCD30_module/test_SCD30_module.o
 .data          0x0000000000000000        0x0 TEST/SCD30_module/test_SCD30_module.o
 .bss           0x0000000000000000        0x0 TEST/SCD30_module/test_SCD30_module.o
 .progmemx.data
                0x0000000000000000        0xb TEST/SCD30_module/test_SCD30_module.o
 .text.test_SCD30_module_start
                0x0000000000000000       0xc8 TEST/SCD30_module/test_SCD30_module.o
 .text.test_get_reading
                0x0000000000000000       0x6a TEST/SCD30_module/test_SCD30_module.o
 .text.read_firmware_api
                0x0000000000000000       0x84 TEST/SCD30_module/test_SCD30_module.o
 .text.throw_error
                0x0000000000000000       0x2a TEST/SCD30_module/test_SCD30_module.o
 .comment       0x0000000000000000       0x30 TEST/SCD30_module/test_SCD30_module.o
 .text          0x0000000000000000        0x0 TEST/PM_HAL/test_PM_HAL.o
 .data          0x0000000000000000        0x0 TEST/PM_HAL/test_PM_HAL.o
 .bss           0x0000000000000000        0x0 TEST/PM_HAL/test_PM_HAL.o
 .progmemx.data
                0x0000000000000000       0x1e TEST/PM_HAL/test_PM_HAL.o
 .text.test_sleep_cmd
                0x0000000000000000       0xa6 TEST/PM_HAL/test_PM_HAL.o
 .text.test_PM_HAL_start
                0x0000000000000000       0x52 TEST/PM_HAL/test_PM_HAL.o
 .comment       0x0000000000000000       0x30 TEST/PM_HAL/test_PM_HAL.o
 .text          0x0000000000000000        0x0 TEST/TC0_HAL/test_TC0_HAL.o
 .data          0x0000000000000000        0x0 TEST/TC0_HAL/test_TC0_HAL.o
 .bss           0x0000000000000000        0x0 TEST/TC0_HAL/test_TC0_HAL.o
 .text.callback
                0x0000000000000000       0x14 TEST/TC0_HAL/test_TC0_HAL.o
 .progmemx.data
                0x0000000000000000       0x2a TEST/TC0_HAL/test_TC0_HAL.o
 .text.test_TC0_HAL_start
                0x0000000000000000       0x70 TEST/TC0_HAL/test_TC0_HAL.o
 .text.test_blink_LED
                0x0000000000000000       0xc2 TEST/TC0_HAL/test_TC0_HAL.o
 .bss.value     0x0000000000000000        0x2 TEST/TC0_HAL/test_TC0_HAL.o
 .comment       0x0000000000000000       0x30 TEST/TC0_HAL/test_TC0_HAL.o
 .text          0x0000000000000000        0x0 TEST/TC1_HAL/test_TC1_HAL.o
 .data          0x0000000000000000        0x0 TEST/TC1_HAL/test_TC1_HAL.o
 .bss           0x0000000000000000        0x0 TEST/TC1_HAL/test_TC1_HAL.o
 .text.callback
                0x0000000000000000       0x14 TEST/TC1_HAL/test_TC1_HAL.o
 .progmemx.data
                0x0000000000000000       0x13 TEST/TC1_HAL/test_TC1_HAL.o
 .text.test_TC1_HAL_start
                0x0000000000000000       0x72 TEST/TC1_HAL/test_TC1_HAL.o
 .bss.value     0x0000000000000000        0x2 TEST/TC1_HAL/test_TC1_HAL.o
 .comment       0x0000000000000000       0x30 TEST/TC1_HAL/test_TC1_HAL.o
 .text          0x0000000000000000        0x0 TEST/TC2_HAL/test_TC2_HAL.o
 .data          0x0000000000000000        0x0 TEST/TC2_HAL/test_TC2_HAL.o
 .bss           0x0000000000000000        0x0 TEST/TC2_HAL/test_TC2_HAL.o
 .text.f1       0x0000000000000000        0xc TEST/TC2_HAL/test_TC2_HAL.o
 .progmemx.data
                0x0000000000000000        0xd TEST/TC2_HAL/test_TC2_HAL.o
 .text.test_TC2_HAL_start
                0x0000000000000000       0x4c TEST/TC2_HAL/test_TC2_HAL.o
 .bss.f1Cnt     0x0000000000000000        0x1 TEST/TC2_HAL/test_TC2_HAL.o
 .comment       0x0000000000000000       0x30 TEST/TC2_HAL/test_TC2_HAL.o
 .text          0x0000000000000000        0x0 TEST/test_runner.o
 .data          0x0000000000000000        0x0 TEST/test_runner.o
 .bss           0x0000000000000000        0x0 TEST/test_runner.o
 .text.test_runner
                0x0000000000000000        0x4 TEST/test_runner.o
 .comment       0x0000000000000000       0x30 TEST/test_runner.o
 .text          0x0000000000000000        0x0 TEST/UART0_HAL/test_UART0_HAL.o
 .data          0x0000000000000000        0x0 TEST/UART0_HAL/test_UART0_HAL.o
 .bss           0x0000000000000000        0x0 TEST/UART0_HAL/test_UART0_HAL.o
 .progmemx.data
                0x0000000000000000        0x4 TEST/UART0_HAL/test_UART0_HAL.o
 .text.test_UART0_HAL_start
                0x0000000000000000       0x22 TEST/UART0_HAL/test_UART0_HAL.o
 .comment       0x0000000000000000       0x30 TEST/UART0_HAL/test_UART0_HAL.o
 .text          0x0000000000000000        0x0 util/CRC8/CRC8.o
 .data          0x0000000000000000        0x0 util/CRC8/CRC8.o
 .bss           0x0000000000000000        0x0 util/CRC8/CRC8.o
 .text.calc_crc8
                0x0000000000000000       0x3e util/CRC8/CRC8.o
 .comment       0x0000000000000000       0x30 util/CRC8/CRC8.o
 .text          0x0000000000000000        0x0 c:/program files/microchip/xc8/v2.31/avr/bin/../lib/gcc/avr/5.4.0/../../../../avr/lib/avr5/memx-const\libm.a(addsf3.o)
 .data          0x0000000000000000        0x0 c:/program files/microchip/xc8/v2.31/avr/bin/../lib/gcc/avr/5.4.0/../../../../avr/lib/avr5/memx-const\libm.a(addsf3.o)
 .bss           0x0000000000000000        0x0 c:/program files/microchip/xc8/v2.31/avr/bin/../lib/gcc/avr/5.4.0/../../../../avr/lib/avr5/memx-const\libm.a(addsf3.o)
 .text.avrlibc.fplib
                0x0000000000000000        0xe c:/program files/microchip/xc8/v2.31/avr/bin/../lib/gcc/avr/5.4.0/../../../../avr/lib/avr5/memx-const\libm.a(addsf3.o)
 .text          0x0000000000000000        0x0 c:/program files/microchip/xc8/v2.31/avr/bin/../lib/gcc/avr/5.4.0/../../../../avr/lib/avr5/memx-const\libm.a(addsf3x.o)
 .data          0x0000000000000000        0x0 c:/program files/microchip/xc8/v2.31/avr/bin/../lib/gcc/avr/5.4.0/../../../../avr/lib/avr5/memx-const\libm.a(addsf3x.o)
 .bss           0x0000000000000000        0x0 c:/program files/microchip/xc8/v2.31/avr/bin/../lib/gcc/avr/5.4.0/../../../../avr/lib/avr5/memx-const\libm.a(addsf3x.o)
 .text.avrlibc.fplib
                0x0000000000000000       0xce c:/program files/microchip/xc8/v2.31/avr/bin/../lib/gcc/avr/5.4.0/../../../../avr/lib/avr5/memx-const\libm.a(addsf3x.o)
 .text          0x0000000000000000        0x0 c:/program files/microchip/xc8/v2.31/avr/bin/../lib/gcc/avr/5.4.0/../../../../avr/lib/avr5/memx-const\libm.a(divsf3.o)
 .data          0x0000000000000000        0x0 c:/program files/microchip/xc8/v2.31/avr/bin/../lib/gcc/avr/5.4.0/../../../../avr/lib/avr5/memx-const\libm.a(divsf3.o)
 .bss           0x0000000000000000        0x0 c:/program files/microchip/xc8/v2.31/avr/bin/../lib/gcc/avr/5.4.0/../../../../avr/lib/avr5/memx-const\libm.a(divsf3.o)
 .text.avrlibc.fplib
                0x0000000000000000        0x8 c:/program files/microchip/xc8/v2.31/avr/bin/../lib/gcc/avr/5.4.0/../../../../avr/lib/avr5/memx-const\libm.a(divsf3.o)
 .text          0x0000000000000000        0x0 c:/program files/microchip/xc8/v2.31/avr/bin/../lib/gcc/avr/5.4.0/../../../../avr/lib/avr5/memx-const\libm.a(divsf3x.o)
 .data          0x0000000000000000        0x0 c:/program files/microchip/xc8/v2.31/avr/bin/../lib/gcc/avr/5.4.0/../../../../avr/lib/avr5/memx-const\libm.a(divsf3x.o)
 .bss           0x0000000000000000        0x0 c:/program files/microchip/xc8/v2.31/avr/bin/../lib/gcc/avr/5.4.0/../../../../avr/lib/avr5/memx-const\libm.a(divsf3x.o)
 .text.avrlibc.fplib
                0x0000000000000000       0xde c:/program files/microchip/xc8/v2.31/avr/bin/../lib/gcc/avr/5.4.0/../../../../avr/lib/avr5/memx-const\libm.a(divsf3x.o)
 .text          0x0000000000000000        0x0 c:/program files/microchip/xc8/v2.31/avr/bin/../lib/gcc/avr/5.4.0/../../../../avr/lib/avr5/memx-const\libm.a(fixunssfsi.o)
 .data          0x0000000000000000        0x0 c:/program files/microchip/xc8/v2.31/avr/bin/../lib/gcc/avr/5.4.0/../../../../avr/lib/avr5/memx-const\libm.a(fixunssfsi.o)
 .bss           0x0000000000000000        0x0 c:/program files/microchip/xc8/v2.31/avr/bin/../lib/gcc/avr/5.4.0/../../../../avr/lib/avr5/memx-const\libm.a(fixunssfsi.o)
 .text.avrlibc.fplib
                0x0000000000000000       0x5e c:/program files/microchip/xc8/v2.31/avr/bin/../lib/gcc/avr/5.4.0/../../../../avr/lib/avr5/memx-const\libm.a(fixunssfsi.o)
 .text          0x0000000000000000        0x0 c:/program files/microchip/xc8/v2.31/avr/bin/../lib/gcc/avr/5.4.0/../../../../avr/lib/avr5/memx-const\libm.a(floatsisf.o)
 .data          0x0000000000000000        0x0 c:/program files/microchip/xc8/v2.31/avr/bin/../lib/gcc/avr/5.4.0/../../../../avr/lib/avr5/memx-const\libm.a(floatsisf.o)
 .bss           0x0000000000000000        0x0 c:/program files/microchip/xc8/v2.31/avr/bin/../lib/gcc/avr/5.4.0/../../../../avr/lib/avr5/memx-const\libm.a(floatsisf.o)
 .text.avrlibc.fplib
                0x0000000000000000       0x7a c:/program files/microchip/xc8/v2.31/avr/bin/../lib/gcc/avr/5.4.0/../../../../avr/lib/avr5/memx-const\libm.a(floatsisf.o)
 .text          0x0000000000000000        0x0 c:/program files/microchip/xc8/v2.31/avr/bin/../lib/gcc/avr/5.4.0/../../../../avr/lib/avr5/memx-const\libm.a(fp_inf.o)
 .data          0x0000000000000000        0x0 c:/program files/microchip/xc8/v2.31/avr/bin/../lib/gcc/avr/5.4.0/../../../../avr/lib/avr5/memx-const\libm.a(fp_inf.o)
 .bss           0x0000000000000000        0x0 c:/program files/microchip/xc8/v2.31/avr/bin/../lib/gcc/avr/5.4.0/../../../../avr/lib/avr5/memx-const\libm.a(fp_inf.o)
 .text.avrlibc.fplib
                0x0000000000000000        0xc c:/program files/microchip/xc8/v2.31/avr/bin/../lib/gcc/avr/5.4.0/../../../../avr/lib/avr5/memx-const\libm.a(fp_inf.o)
 .text          0x0000000000000000        0x0 c:/program files/microchip/xc8/v2.31/avr/bin/../lib/gcc/avr/5.4.0/../../../../avr/lib/avr5/memx-const\libm.a(fp_nan.o)
 .data          0x0000000000000000        0x0 c:/program files/microchip/xc8/v2.31/avr/bin/../lib/gcc/avr/5.4.0/../../../../avr/lib/avr5/memx-const\libm.a(fp_nan.o)
 .bss           0x0000000000000000        0x0 c:/program files/microchip/xc8/v2.31/avr/bin/../lib/gcc/avr/5.4.0/../../../../avr/lib/avr5/memx-const\libm.a(fp_nan.o)
 .text.avrlibc.fplib
                0x0000000000000000        0x6 c:/program files/microchip/xc8/v2.31/avr/bin/../lib/gcc/avr/5.4.0/../../../../avr/lib/avr5/memx-const\libm.a(fp_nan.o)
 .text          0x0000000000000000        0x0 c:/program files/microchip/xc8/v2.31/avr/bin/../lib/gcc/avr/5.4.0/../../../../avr/lib/avr5/memx-const\libm.a(fp_pscA.o)
 .data          0x0000000000000000        0x0 c:/program files/microchip/xc8/v2.31/avr/bin/../lib/gcc/avr/5.4.0/../../../../avr/lib/avr5/memx-const\libm.a(fp_pscA.o)
 .bss           0x0000000000000000        0x0 c:/program files/microchip/xc8/v2.31/avr/bin/../lib/gcc/avr/5.4.0/../../../../avr/lib/avr5/memx-const\libm.a(fp_pscA.o)
 .text.avrlibc.fplib
                0x0000000000000000        0xe c:/program files/microchip/xc8/v2.31/avr/bin/../lib/gcc/avr/5.4.0/../../../../avr/lib/avr5/memx-const\libm.a(fp_pscA.o)
 .text          0x0000000000000000        0x0 c:/program files/microchip/xc8/v2.31/avr/bin/../lib/gcc/avr/5.4.0/../../../../avr/lib/avr5/memx-const\libm.a(fp_pscB.o)
 .data          0x0000000000000000        0x0 c:/program files/microchip/xc8/v2.31/avr/bin/../lib/gcc/avr/5.4.0/../../../../avr/lib/avr5/memx-const\libm.a(fp_pscB.o)
 .bss           0x0000000000000000        0x0 c:/program files/microchip/xc8/v2.31/avr/bin/../lib/gcc/avr/5.4.0/../../../../avr/lib/avr5/memx-const\libm.a(fp_pscB.o)
 .text.avrlibc.fplib
                0x0000000000000000        0xe c:/program files/microchip/xc8/v2.31/avr/bin/../lib/gcc/avr/5.4.0/../../../../avr/lib/avr5/memx-const\libm.a(fp_pscB.o)
 .text          0x0000000000000000        0x0 c:/program files/microchip/xc8/v2.31/avr/bin/../lib/gcc/avr/5.4.0/../../../../avr/lib/avr5/memx-const\libm.a(fp_round.o)
 .data          0x0000000000000000        0x0 c:/program files/microchip/xc8/v2.31/avr/bin/../lib/gcc/avr/5.4.0/../../../../avr/lib/avr5/memx-const\libm.a(fp_round.o)
 .bss           0x0000000000000000        0x0 c:/program files/microchip/xc8/v2.31/avr/bin/../lib/gcc/avr/5.4.0/../../../../avr/lib/avr5/memx-const\libm.a(fp_round.o)
 .text.avrlibc.fplib
                0x0000000000000000       0x22 c:/program files/microchip/xc8/v2.31/avr/bin/../lib/gcc/avr/5.4.0/../../../../avr/lib/avr5/memx-const\libm.a(fp_round.o)
 .text          0x0000000000000000        0x0 c:/program files/microchip/xc8/v2.31/avr/bin/../lib/gcc/avr/5.4.0/../../../../avr/lib/avr5/memx-const\libm.a(fp_split3.o)
 .data          0x0000000000000000        0x0 c:/program files/microchip/xc8/v2.31/avr/bin/../lib/gcc/avr/5.4.0/../../../../avr/lib/avr5/memx-const\libm.a(fp_split3.o)
 .bss           0x0000000000000000        0x0 c:/program files/microchip/xc8/v2.31/avr/bin/../lib/gcc/avr/5.4.0/../../../../avr/lib/avr5/memx-const\libm.a(fp_split3.o)
 .text.avrlibc.fplib
                0x0000000000000000       0x44 c:/program files/microchip/xc8/v2.31/avr/bin/../lib/gcc/avr/5.4.0/../../../../avr/lib/avr5/memx-const\libm.a(fp_split3.o)
 .text          0x0000000000000000        0x0 c:/program files/microchip/xc8/v2.31/avr/bin/../lib/gcc/avr/5.4.0/../../../../avr/lib/avr5/memx-const\libm.a(fp_zero.o)
 .data          0x0000000000000000        0x0 c:/program files/microchip/xc8/v2.31/avr/bin/../lib/gcc/avr/5.4.0/../../../../avr/lib/avr5/memx-const\libm.a(fp_zero.o)
 .bss           0x0000000000000000        0x0 c:/program files/microchip/xc8/v2.31/avr/bin/../lib/gcc/avr/5.4.0/../../../../avr/lib/avr5/memx-const\libm.a(fp_zero.o)
 .text.avrlibc.fplib
                0x0000000000000000        0xe c:/program files/microchip/xc8/v2.31/avr/bin/../lib/gcc/avr/5.4.0/../../../../avr/lib/avr5/memx-const\libm.a(fp_zero.o)
 .text          0x0000000000000000        0x0 c:/program files/microchip/xc8/v2.31/avr/bin/../lib/gcc/avr/5.4.0/../../../../avr/lib/avr5/memx-const\libm.a(mulsf3.o)
 .data          0x0000000000000000        0x0 c:/program files/microchip/xc8/v2.31/avr/bin/../lib/gcc/avr/5.4.0/../../../../avr/lib/avr5/memx-const\libm.a(mulsf3.o)
 .bss           0x0000000000000000        0x0 c:/program files/microchip/xc8/v2.31/avr/bin/../lib/gcc/avr/5.4.0/../../../../avr/lib/avr5/memx-const\libm.a(mulsf3.o)
 .text.avrlibc.fplib
                0x0000000000000000        0x8 c:/program files/microchip/xc8/v2.31/avr/bin/../lib/gcc/avr/5.4.0/../../../../avr/lib/avr5/memx-const\libm.a(mulsf3.o)
 .text          0x0000000000000000        0x0 c:/program files/microchip/xc8/v2.31/avr/bin/../lib/gcc/avr/5.4.0/../../../../avr/lib/avr5/memx-const\libm.a(mulsf3x.o)
 .data          0x0000000000000000        0x0 c:/program files/microchip/xc8/v2.31/avr/bin/../lib/gcc/avr/5.4.0/../../../../avr/lib/avr5/memx-const\libm.a(mulsf3x.o)
 .bss           0x0000000000000000        0x0 c:/program files/microchip/xc8/v2.31/avr/bin/../lib/gcc/avr/5.4.0/../../../../avr/lib/avr5/memx-const\libm.a(mulsf3x.o)
 .text.avrlibc.fplib
                0x0000000000000000       0xd4 c:/program files/microchip/xc8/v2.31/avr/bin/../lib/gcc/avr/5.4.0/../../../../avr/lib/avr5/memx-const\libm.a(mulsf3x.o)
 .text          0x0000000000000000        0x0 c:/program files/microchip/xc8/v2.31/avr/bin/../lib/gcc/avr/5.4.0/avr5/memx-const\libgcc.a(_exit.o)
 .data          0x0000000000000000        0x0 c:/program files/microchip/xc8/v2.31/avr/bin/../lib/gcc/avr/5.4.0/avr5/memx-const\libgcc.a(_exit.o)
 .bss           0x0000000000000000        0x0 c:/program files/microchip/xc8/v2.31/avr/bin/../lib/gcc/avr/5.4.0/avr5/memx-const\libgcc.a(_exit.o)
 .text.libgcc.mul
                0x0000000000000000        0x0 c:/program files/microchip/xc8/v2.31/avr/bin/../lib/gcc/avr/5.4.0/avr5/memx-const\libgcc.a(_exit.o)
 .text.libgcc.div
                0x0000000000000000        0x0 c:/program files/microchip/xc8/v2.31/avr/bin/../lib/gcc/avr/5.4.0/avr5/memx-const\libgcc.a(_exit.o)
 .text.libgcc   0x0000000000000000        0x0 c:/program files/microchip/xc8/v2.31/avr/bin/../lib/gcc/avr/5.4.0/avr5/memx-const\libgcc.a(_exit.o)
 .text.libgcc.prologue
                0x0000000000000000        0x0 c:/program files/microchip/xc8/v2.31/avr/bin/../lib/gcc/avr/5.4.0/avr5/memx-const\libgcc.a(_exit.o)
 .text.libgcc.builtins
                0x0000000000000000        0x0 c:/program files/microchip/xc8/v2.31/avr/bin/../lib/gcc/avr/5.4.0/avr5/memx-const\libgcc.a(_exit.o)
 .text.libgcc.fmul
                0x0000000000000000        0x0 c:/program files/microchip/xc8/v2.31/avr/bin/../lib/gcc/avr/5.4.0/avr5/memx-const\libgcc.a(_exit.o)
 .text.libgcc.fixed
                0x0000000000000000        0x0 c:/program files/microchip/xc8/v2.31/avr/bin/../lib/gcc/avr/5.4.0/avr5/memx-const\libgcc.a(_exit.o)
 .text          0x0000000000000000        0x0 c:/program files/microchip/xc8/v2.31/avr/bin/../lib/gcc/avr/5.4.0/avr5/memx-const\libgcc.a(_tablejump2.o)
 .data          0x0000000000000000        0x0 c:/program files/microchip/xc8/v2.31/avr/bin/../lib/gcc/avr/5.4.0/avr5/memx-const\libgcc.a(_tablejump2.o)
 .bss           0x0000000000000000        0x0 c:/program files/microchip/xc8/v2.31/avr/bin/../lib/gcc/avr/5.4.0/avr5/memx-const\libgcc.a(_tablejump2.o)
 .text.libgcc.mul
                0x0000000000000000        0x0 c:/program files/microchip/xc8/v2.31/avr/bin/../lib/gcc/avr/5.4.0/avr5/memx-const\libgcc.a(_tablejump2.o)
 .text.libgcc.div
                0x0000000000000000        0x0 c:/program files/microchip/xc8/v2.31/avr/bin/../lib/gcc/avr/5.4.0/avr5/memx-const\libgcc.a(_tablejump2.o)
 .text.libgcc   0x0000000000000000        0xc c:/program files/microchip/xc8/v2.31/avr/bin/../lib/gcc/avr/5.4.0/avr5/memx-const\libgcc.a(_tablejump2.o)
 .text.libgcc.prologue
                0x0000000000000000        0x0 c:/program files/microchip/xc8/v2.31/avr/bin/../lib/gcc/avr/5.4.0/avr5/memx-const\libgcc.a(_tablejump2.o)
 .text.libgcc.builtins
                0x0000000000000000        0x0 c:/program files/microchip/xc8/v2.31/avr/bin/../lib/gcc/avr/5.4.0/avr5/memx-const\libgcc.a(_tablejump2.o)
 .text.libgcc.fmul
                0x0000000000000000        0x0 c:/program files/microchip/xc8/v2.31/avr/bin/../lib/gcc/avr/5.4.0/avr5/memx-const\libgcc.a(_tablejump2.o)
 .text.libgcc.fixed
                0x0000000000000000        0x0 c:/program files/microchip/xc8/v2.31/avr/bin/../lib/gcc/avr/5.4.0/avr5/memx-const\libgcc.a(_tablejump2.o)
 .text          0x0000000000000000        0x0 c:/program files/microchip/xc8/v2.31/avr/bin/../lib/gcc/avr/5.4.0/avr5/memx-const\libgcc.a(_copy_data.o)
 .data          0x0000000000000000        0x0 c:/program files/microchip/xc8/v2.31/avr/bin/../lib/gcc/avr/5.4.0/avr5/memx-const\libgcc.a(_copy_data.o)
 .bss           0x0000000000000000        0x0 c:/program files/microchip/xc8/v2.31/avr/bin/../lib/gcc/avr/5.4.0/avr5/memx-const\libgcc.a(_copy_data.o)
 .text.libgcc.mul
                0x0000000000000000        0x0 c:/program files/microchip/xc8/v2.31/avr/bin/../lib/gcc/avr/5.4.0/avr5/memx-const\libgcc.a(_copy_data.o)
 .text.libgcc.div
                0x0000000000000000        0x0 c:/program files/microchip/xc8/v2.31/avr/bin/../lib/gcc/avr/5.4.0/avr5/memx-const\libgcc.a(_copy_data.o)
 .text.libgcc   0x0000000000000000        0x0 c:/program files/microchip/xc8/v2.31/avr/bin/../lib/gcc/avr/5.4.0/avr5/memx-const\libgcc.a(_copy_data.o)
 .text.libgcc.prologue
                0x0000000000000000        0x0 c:/program files/microchip/xc8/v2.31/avr/bin/../lib/gcc/avr/5.4.0/avr5/memx-const\libgcc.a(_copy_data.o)
 .text.libgcc.builtins
                0x0000000000000000        0x0 c:/program files/microchip/xc8/v2.31/avr/bin/../lib/gcc/avr/5.4.0/avr5/memx-const\libgcc.a(_copy_data.o)
 .text.libgcc.fmul
                0x0000000000000000        0x0 c:/program files/microchip/xc8/v2.31/avr/bin/../lib/gcc/avr/5.4.0/avr5/memx-const\libgcc.a(_copy_data.o)
 .text.libgcc.fixed
                0x0000000000000000        0x0 c:/program files/microchip/xc8/v2.31/avr/bin/../lib/gcc/avr/5.4.0/avr5/memx-const\libgcc.a(_copy_data.o)
 .text          0x0000000000000000        0x0 c:/program files/microchip/xc8/v2.31/avr/bin/../lib/gcc/avr/5.4.0/avr5/memx-const\libgcc.a(_umulhisi3.o)
 .data          0x0000000000000000        0x0 c:/program files/microchip/xc8/v2.31/avr/bin/../lib/gcc/avr/5.4.0/avr5/memx-const\libgcc.a(_umulhisi3.o)
 .bss           0x0000000000000000        0x0 c:/program files/microchip/xc8/v2.31/avr/bin/../lib/gcc/avr/5.4.0/avr5/memx-const\libgcc.a(_umulhisi3.o)
 .text.libgcc.mul
                0x0000000000000000       0x1e c:/program files/microchip/xc8/v2.31/avr/bin/../lib/gcc/avr/5.4.0/avr5/memx-const\libgcc.a(_umulhisi3.o)
 .text.libgcc.div
                0x0000000000000000        0x0 c:/program files/microchip/xc8/v2.31/avr/bin/../lib/gcc/avr/5.4.0/avr5/memx-const\libgcc.a(_umulhisi3.o)
 .text.libgcc   0x0000000000000000        0x0 c:/program files/microchip/xc8/v2.31/avr/bin/../lib/gcc/avr/5.4.0/avr5/memx-const\libgcc.a(_umulhisi3.o)
 .text.libgcc.prologue
                0x0000000000000000        0x0 c:/program files/microchip/xc8/v2.31/avr/bin/../lib/gcc/avr/5.4.0/avr5/memx-const\libgcc.a(_umulhisi3.o)
 .text.libgcc.builtins
                0x0000000000000000        0x0 c:/program files/microchip/xc8/v2.31/avr/bin/../lib/gcc/avr/5.4.0/avr5/memx-const\libgcc.a(_umulhisi3.o)
 .text.libgcc.fmul
                0x0000000000000000        0x0 c:/program files/microchip/xc8/v2.31/avr/bin/../lib/gcc/avr/5.4.0/avr5/memx-const\libgcc.a(_umulhisi3.o)
 .text.libgcc.fixed
                0x0000000000000000        0x0 c:/program files/microchip/xc8/v2.31/avr/bin/../lib/gcc/avr/5.4.0/avr5/memx-const\libgcc.a(_umulhisi3.o)
 .text          0x0000000000000000        0x0 c:/program files/microchip/xc8/v2.31/avr/bin/../lib/gcc/avr/5.4.0/avr5/memx-const\libgcc.a(_movmemx.o)
 .data          0x0000000000000000        0x0 c:/program files/microchip/xc8/v2.31/avr/bin/../lib/gcc/avr/5.4.0/avr5/memx-const\libgcc.a(_movmemx.o)
 .bss           0x0000000000000000        0x0 c:/program files/microchip/xc8/v2.31/avr/bin/../lib/gcc/avr/5.4.0/avr5/memx-const\libgcc.a(_movmemx.o)
 .text.libgcc.mul
                0x0000000000000000        0x0 c:/program files/microchip/xc8/v2.31/avr/bin/../lib/gcc/avr/5.4.0/avr5/memx-const\libgcc.a(_movmemx.o)
 .text.libgcc.div
                0x0000000000000000        0x0 c:/program files/microchip/xc8/v2.31/avr/bin/../lib/gcc/avr/5.4.0/avr5/memx-const\libgcc.a(_movmemx.o)
 .text.libgcc   0x0000000000000000       0x1a c:/program files/microchip/xc8/v2.31/avr/bin/../lib/gcc/avr/5.4.0/avr5/memx-const\libgcc.a(_movmemx.o)
 .text.libgcc.prologue
                0x0000000000000000        0x0 c:/program files/microchip/xc8/v2.31/avr/bin/../lib/gcc/avr/5.4.0/avr5/memx-const\libgcc.a(_movmemx.o)
 .text.libgcc.builtins
                0x0000000000000000        0x0 c:/program files/microchip/xc8/v2.31/avr/bin/../lib/gcc/avr/5.4.0/avr5/memx-const\libgcc.a(_movmemx.o)
 .text.libgcc.fmul
                0x0000000000000000        0x0 c:/program files/microchip/xc8/v2.31/avr/bin/../lib/gcc/avr/5.4.0/avr5/memx-const\libgcc.a(_movmemx.o)
 .text.libgcc.fixed
                0x0000000000000000        0x0 c:/program files/microchip/xc8/v2.31/avr/bin/../lib/gcc/avr/5.4.0/avr5/memx-const\libgcc.a(_movmemx.o)
 .text          0x0000000000000000        0x0 c:/program files/microchip/xc8/v2.31/avr/bin/../lib/gcc/avr/5.4.0/../../../../avr/lib/avr5/memx-const\libc.a(memcpy_M.o)
 .data          0x0000000000000000        0x0 c:/program files/microchip/xc8/v2.31/avr/bin/../lib/gcc/avr/5.4.0/../../../../avr/lib/avr5/memx-const\libc.a(memcpy_M.o)
 .bss           0x0000000000000000        0x0 c:/program files/microchip/xc8/v2.31/avr/bin/../lib/gcc/avr/5.4.0/../../../../avr/lib/avr5/memx-const\libc.a(memcpy_M.o)
 .text.avrlibc  0x0000000000000000       0x32 c:/program files/microchip/xc8/v2.31/avr/bin/../lib/gcc/avr/5.4.0/../../../../avr/lib/avr5/memx-const\libc.a(memcpy_M.o)
 .comment       0x0000000000000000       0x2d c:/program files/microchip/xc8/v2.31/avr/bin/../lib/gcc/avr/5.4.0/../../../../avr/lib/avr5/memx-const\libc.a(memcpy_M.o)
 .text          0x0000000000000000        0x0 c:/program files/microchip/xc8/v2.31/avr/bin/../lib/gcc/avr/5.4.0/../../../../avr/lib/avr5/memx-const\libc.a(strcmp_M.o)
 .data          0x0000000000000000        0x0 c:/program files/microchip/xc8/v2.31/avr/bin/../lib/gcc/avr/5.4.0/../../../../avr/lib/avr5/memx-const\libc.a(strcmp_M.o)
 .bss           0x0000000000000000        0x0 c:/program files/microchip/xc8/v2.31/avr/bin/../lib/gcc/avr/5.4.0/../../../../avr/lib/avr5/memx-const\libc.a(strcmp_M.o)
 .text.avrlibc  0x0000000000000000       0x42 c:/program files/microchip/xc8/v2.31/avr/bin/../lib/gcc/avr/5.4.0/../../../../avr/lib/avr5/memx-const\libc.a(strcmp_M.o)
 .comment       0x0000000000000000       0x2d c:/program files/microchip/xc8/v2.31/avr/bin/../lib/gcc/avr/5.4.0/../../../../avr/lib/avr5/memx-const\libc.a(strcmp_M.o)
 .text          0x0000000000000000        0x0 c:/program files/microchip/xc8/v2.31/avr/bin/../lib/gcc/avr/5.4.0/../../../../avr/lib/avr5/memx-const\libc.a(strncmp_M.o)
 .data          0x0000000000000000        0x0 c:/program files/microchip/xc8/v2.31/avr/bin/../lib/gcc/avr/5.4.0/../../../../avr/lib/avr5/memx-const\libc.a(strncmp_M.o)
 .bss           0x0000000000000000        0x0 c:/program files/microchip/xc8/v2.31/avr/bin/../lib/gcc/avr/5.4.0/../../../../avr/lib/avr5/memx-const\libc.a(strncmp_M.o)
 .text.avrlibc  0x0000000000000000       0x6a c:/program files/microchip/xc8/v2.31/avr/bin/../lib/gcc/avr/5.4.0/../../../../avr/lib/avr5/memx-const\libc.a(strncmp_M.o)
 .comment       0x0000000000000000       0x2d c:/program files/microchip/xc8/v2.31/avr/bin/../lib/gcc/avr/5.4.0/../../../../avr/lib/avr5/memx-const\libc.a(strncmp_M.o)
 .text          0x0000000000000000        0x0 c:/program files/microchip/xc8/v2.31/avr/bin/../lib/gcc/avr/5.4.0/../../../../avr/lib/avr5/memx-const\libc.a(strlen_M.o)
 .data          0x0000000000000000        0x0 c:/program files/microchip/xc8/v2.31/avr/bin/../lib/gcc/avr/5.4.0/../../../../avr/lib/avr5/memx-const\libc.a(strlen_M.o)
 .bss           0x0000000000000000        0x0 c:/program files/microchip/xc8/v2.31/avr/bin/../lib/gcc/avr/5.4.0/../../../../avr/lib/avr5/memx-const\libc.a(strlen_M.o)
 .text.avrlibc  0x0000000000000000       0x2c c:/program files/microchip/xc8/v2.31/avr/bin/../lib/gcc/avr/5.4.0/../../../../avr/lib/avr5/memx-const\libc.a(strlen_M.o)
 .comment       0x0000000000000000       0x2d c:/program files/microchip/xc8/v2.31/avr/bin/../lib/gcc/avr/5.4.0/../../../../avr/lib/avr5/memx-const\libc.a(strlen_M.o)
 .text          0x0000000000000000        0x0 c:/program files/microchip/xc8/v2.31/avr/bin/../lib/gcc/avr/5.4.0/../../../../avr/lib/avr5/memx-const\libc.a(strcpy_M.o)
 .data          0x0000000000000000        0x0 c:/program files/microchip/xc8/v2.31/avr/bin/../lib/gcc/avr/5.4.0/../../../../avr/lib/avr5/memx-const\libc.a(strcpy_M.o)
 .bss           0x0000000000000000        0x0 c:/program files/microchip/xc8/v2.31/avr/bin/../lib/gcc/avr/5.4.0/../../../../avr/lib/avr5/memx-const\libc.a(strcpy_M.o)
 .text.avrlibc  0x0000000000000000       0x1e c:/program files/microchip/xc8/v2.31/avr/bin/../lib/gcc/avr/5.4.0/../../../../avr/lib/avr5/memx-const\libc.a(strcpy_M.o)
 .comment       0x0000000000000000       0x2d c:/program files/microchip/xc8/v2.31/avr/bin/../lib/gcc/avr/5.4.0/../../../../avr/lib/avr5/memx-const\libc.a(strcpy_M.o)
 .text          0x0000000000000000        0x0 c:/program files/microchip/xc8/v2.31/avr/bin/../lib/gcc/avr/5.4.0/../../../../avr/lib/avr5/memx-const\libc.a(sprintf.o)
 .data          0x0000000000000000        0x0 c:/program files/microchip/xc8/v2.31/avr/bin/../lib/gcc/avr/5.4.0/../../../../avr/lib/avr5/memx-const\libc.a(sprintf.o)
 .bss           0x0000000000000000        0x0 c:/program files/microchip/xc8/v2.31/avr/bin/../lib/gcc/avr/5.4.0/../../../../avr/lib/avr5/memx-const\libc.a(sprintf.o)
 .text.avrlibc  0x0000000000000000       0x46 c:/program files/microchip/xc8/v2.31/avr/bin/../lib/gcc/avr/5.4.0/../../../../avr/lib/avr5/memx-const\libc.a(sprintf.o)
 .comment       0x0000000000000000       0x2d c:/program files/microchip/xc8/v2.31/avr/bin/../lib/gcc/avr/5.4.0/../../../../avr/lib/avr5/memx-const\libc.a(sprintf.o)
 .text          0x0000000000000000        0x0 c:/program files/microchip/xc8/v2.31/avr/bin/../lib/gcc/avr/5.4.0/../../../../avr/lib/avr5/memx-const\libc.a(vfprintf_std.o)
 .data          0x0000000000000000        0x0 c:/program files/microchip/xc8/v2.31/avr/bin/../lib/gcc/avr/5.4.0/../../../../avr/lib/avr5/memx-const\libc.a(vfprintf_std.o)
 .bss           0x0000000000000000        0x0 c:/program files/microchip/xc8/v2.31/avr/bin/../lib/gcc/avr/5.4.0/../../../../avr/lib/avr5/memx-const\libc.a(vfprintf_std.o)
 .text.avrlibc  0x0000000000000000      0x448 c:/program files/microchip/xc8/v2.31/avr/bin/../lib/gcc/avr/5.4.0/../../../../avr/lib/avr5/memx-const\libc.a(vfprintf_std.o)
 .comment       0x0000000000000000       0x2d c:/program files/microchip/xc8/v2.31/avr/bin/../lib/gcc/avr/5.4.0/../../../../avr/lib/avr5/memx-const\libc.a(vfprintf_std.o)
 .text          0x0000000000000000        0x0 c:/program files/microchip/xc8/v2.31/avr/bin/../lib/gcc/avr/5.4.0/../../../../avr/lib/avr5/memx-const\libc.a(strnlen_M.o)
 .data          0x0000000000000000        0x0 c:/program files/microchip/xc8/v2.31/avr/bin/../lib/gcc/avr/5.4.0/../../../../avr/lib/avr5/memx-const\libc.a(strnlen_M.o)
 .bss           0x0000000000000000        0x0 c:/program files/microchip/xc8/v2.31/avr/bin/../lib/gcc/avr/5.4.0/../../../../avr/lib/avr5/memx-const\libc.a(strnlen_M.o)
 .text.avrlibc  0x0000000000000000       0x36 c:/program files/microchip/xc8/v2.31/avr/bin/../lib/gcc/avr/5.4.0/../../../../avr/lib/avr5/memx-const\libc.a(strnlen_M.o)
 .comment       0x0000000000000000       0x2d c:/program files/microchip/xc8/v2.31/avr/bin/../lib/gcc/avr/5.4.0/../../../../avr/lib/avr5/memx-const\libc.a(strnlen_M.o)
 .text          0x0000000000000000        0x0 c:/program files/microchip/xc8/v2.31/avr/bin/../lib/gcc/avr/5.4.0/../../../../avr/lib/avr5/memx-const\libc.a(fputc.o)
 .data          0x0000000000000000        0x0 c:/program files/microchip/xc8/v2.31/avr/bin/../lib/gcc/avr/5.4.0/../../../../avr/lib/avr5/memx-const\libc.a(fputc.o)
 .bss           0x0000000000000000        0x0 c:/program files/microchip/xc8/v2.31/avr/bin/../lib/gcc/avr/5.4.0/../../../../avr/lib/avr5/memx-const\libc.a(fputc.o)
 .text.avrlibc  0x0000000000000000       0x78 c:/program files/microchip/xc8/v2.31/avr/bin/../lib/gcc/avr/5.4.0/../../../../avr/lib/avr5/memx-const\libc.a(fputc.o)
 .comment       0x0000000000000000       0x2d c:/program files/microchip/xc8/v2.31/avr/bin/../lib/gcc/avr/5.4.0/../../../../avr/lib/avr5/memx-const\libc.a(fputc.o)
 .text          0x0000000000000000        0x0 c:/program files/microchip/xc8/v2.31/avr/bin/../lib/gcc/avr/5.4.0/../../../../avr/lib/avr5/memx-const\libc.a(ultoa_invert.o)
 .data          0x0000000000000000        0x0 c:/program files/microchip/xc8/v2.31/avr/bin/../lib/gcc/avr/5.4.0/../../../../avr/lib/avr5/memx-const\libc.a(ultoa_invert.o)
 .bss           0x0000000000000000        0x0 c:/program files/microchip/xc8/v2.31/avr/bin/../lib/gcc/avr/5.4.0/../../../../avr/lib/avr5/memx-const\libc.a(ultoa_invert.o)
 .text.avrlibc  0x0000000000000000       0xbc c:/program files/microchip/xc8/v2.31/avr/bin/../lib/gcc/avr/5.4.0/../../../../avr/lib/avr5/memx-const\libc.a(ultoa_invert.o)
 .text          0x0000000000000000        0x0 C:/Program Files (x86)/Atmel/Studio/7.0/Packs/atmel/ATmega_DFP/1.6.364/xc8/avr/lib/avr5/memx-const\libatmega644pa.a(eerd_block.o)
 .data          0x0000000000000000        0x0 C:/Program Files (x86)/Atmel/Studio/7.0/Packs/atmel/ATmega_DFP/1.6.364/xc8/avr/lib/avr5/memx-const\libatmega644pa.a(eerd_block.o)
 .bss           0x0000000000000000        0x0 C:/Program Files (x86)/Atmel/Studio/7.0/Packs/atmel/ATmega_DFP/1.6.364/xc8/avr/lib/avr5/memx-const\libatmega644pa.a(eerd_block.o)
 .text.avrlibc  0x0000000000000000       0x24 C:/Program Files (x86)/Atmel/Studio/7.0/Packs/atmel/ATmega_DFP/1.6.364/xc8/avr/lib/avr5/memx-const\libatmega644pa.a(eerd_block.o)
 .stack.descriptors.hdr
                0x0000000000000000        0xe C:/Program Files (x86)/Atmel/Studio/7.0/Packs/atmel/ATmega_DFP/1.6.364/xc8/avr/lib/avr5/memx-const\libatmega644pa.a(eerd_block.o)
 .stack.descriptors
                0x0000000000000000       0x3e C:/Program Files (x86)/Atmel/Studio/7.0/Packs/atmel/ATmega_DFP/1.6.364/xc8/avr/lib/avr5/memx-const\libatmega644pa.a(eerd_block.o)
 .debug_line    0x0000000000000000       0xba C:/Program Files (x86)/Atmel/Studio/7.0/Packs/atmel/ATmega_DFP/1.6.364/xc8/avr/lib/avr5/memx-const\libatmega644pa.a(eerd_block.o)
 .debug_info    0x0000000000000000       0xad C:/Program Files (x86)/Atmel/Studio/7.0/Packs/atmel/ATmega_DFP/1.6.364/xc8/avr/lib/avr5/memx-const\libatmega644pa.a(eerd_block.o)
 .debug_abbrev  0x0000000000000000       0x14 C:/Program Files (x86)/Atmel/Studio/7.0/Packs/atmel/ATmega_DFP/1.6.364/xc8/avr/lib/avr5/memx-const\libatmega644pa.a(eerd_block.o)
 .debug_aranges
                0x0000000000000000       0x20 C:/Program Files (x86)/Atmel/Studio/7.0/Packs/atmel/ATmega_DFP/1.6.364/xc8/avr/lib/avr5/memx-const\libatmega644pa.a(eerd_block.o)
 .text          0x0000000000000000        0x0 C:/Program Files (x86)/Atmel/Studio/7.0/Packs/atmel/ATmega_DFP/1.6.364/xc8/avr/lib/avr5/memx-const\libatmega644pa.a(eerd_byte.o)
 .data          0x0000000000000000        0x0 C:/Program Files (x86)/Atmel/Studio/7.0/Packs/atmel/ATmega_DFP/1.6.364/xc8/avr/lib/avr5/memx-const\libatmega644pa.a(eerd_byte.o)
 .bss           0x0000000000000000        0x0 C:/Program Files (x86)/Atmel/Studio/7.0/Packs/atmel/ATmega_DFP/1.6.364/xc8/avr/lib/avr5/memx-const\libatmega644pa.a(eerd_byte.o)
 .text.avrlibc  0x0000000000000000       0x12 C:/Program Files (x86)/Atmel/Studio/7.0/Packs/atmel/ATmega_DFP/1.6.364/xc8/avr/lib/avr5/memx-const\libatmega644pa.a(eerd_byte.o)
 .stack.descriptors.hdr
                0x0000000000000000        0xe C:/Program Files (x86)/Atmel/Studio/7.0/Packs/atmel/ATmega_DFP/1.6.364/xc8/avr/lib/avr5/memx-const\libatmega644pa.a(eerd_byte.o)
 .stack.descriptors
                0x0000000000000000       0x1e C:/Program Files (x86)/Atmel/Studio/7.0/Packs/atmel/ATmega_DFP/1.6.364/xc8/avr/lib/avr5/memx-const\libatmega644pa.a(eerd_byte.o)
 .debug_line    0x0000000000000000       0x82 C:/Program Files (x86)/Atmel/Studio/7.0/Packs/atmel/ATmega_DFP/1.6.364/xc8/avr/lib/avr5/memx-const\libatmega644pa.a(eerd_byte.o)
 .debug_info    0x0000000000000000       0xac C:/Program Files (x86)/Atmel/Studio/7.0/Packs/atmel/ATmega_DFP/1.6.364/xc8/avr/lib/avr5/memx-const\libatmega644pa.a(eerd_byte.o)
 .debug_abbrev  0x0000000000000000       0x14 C:/Program Files (x86)/Atmel/Studio/7.0/Packs/atmel/ATmega_DFP/1.6.364/xc8/avr/lib/avr5/memx-const\libatmega644pa.a(eerd_byte.o)
 .debug_aranges
                0x0000000000000000       0x20 C:/Program Files (x86)/Atmel/Studio/7.0/Packs/atmel/ATmega_DFP/1.6.364/xc8/avr/lib/avr5/memx-const\libatmega644pa.a(eerd_byte.o)
 .text          0x0000000000000000        0x0 C:/Program Files (x86)/Atmel/Studio/7.0/Packs/atmel/ATmega_DFP/1.6.364/xc8/avr/lib/avr5/memx-const\libatmega644pa.a(eeupd_block_M.o)
 .data          0x0000000000000000        0x0 C:/Program Files (x86)/Atmel/Studio/7.0/Packs/atmel/ATmega_DFP/1.6.364/xc8/avr/lib/avr5/memx-const\libatmega644pa.a(eeupd_block_M.o)
 .bss           0x0000000000000000        0x0 C:/Program Files (x86)/Atmel/Studio/7.0/Packs/atmel/ATmega_DFP/1.6.364/xc8/avr/lib/avr5/memx-const\libatmega644pa.a(eeupd_block_M.o)
 .text.avrlibc  0x0000000000000000       0x44 C:/Program Files (x86)/Atmel/Studio/7.0/Packs/atmel/ATmega_DFP/1.6.364/xc8/avr/lib/avr5/memx-const\libatmega644pa.a(eeupd_block_M.o)
 .stack.descriptors.hdr
                0x0000000000000000        0xe C:/Program Files (x86)/Atmel/Studio/7.0/Packs/atmel/ATmega_DFP/1.6.364/xc8/avr/lib/avr5/memx-const\libatmega644pa.a(eeupd_block_M.o)
 .stack.descriptors
                0x0000000000000000       0x21 C:/Program Files (x86)/Atmel/Studio/7.0/Packs/atmel/ATmega_DFP/1.6.364/xc8/avr/lib/avr5/memx-const\libatmega644pa.a(eeupd_block_M.o)
 .debug_line    0x0000000000000000      0x110 C:/Program Files (x86)/Atmel/Studio/7.0/Packs/atmel/ATmega_DFP/1.6.364/xc8/avr/lib/avr5/memx-const\libatmega644pa.a(eeupd_block_M.o)
 .debug_info    0x0000000000000000       0xb0 C:/Program Files (x86)/Atmel/Studio/7.0/Packs/atmel/ATmega_DFP/1.6.364/xc8/avr/lib/avr5/memx-const\libatmega644pa.a(eeupd_block_M.o)
 .debug_abbrev  0x0000000000000000       0x14 C:/Program Files (x86)/Atmel/Studio/7.0/Packs/atmel/ATmega_DFP/1.6.364/xc8/avr/lib/avr5/memx-const\libatmega644pa.a(eeupd_block_M.o)
 .debug_aranges
                0x0000000000000000       0x20 C:/Program Files (x86)/Atmel/Studio/7.0/Packs/atmel/ATmega_DFP/1.6.364/xc8/avr/lib/avr5/memx-const\libatmega644pa.a(eeupd_block_M.o)
 .text          0x0000000000000000        0x0 C:/Program Files (x86)/Atmel/Studio/7.0/Packs/atmel/ATmega_DFP/1.6.364/xc8/avr/lib/avr5/memx-const\libatmega644pa.a(eeupd_byte.o)
 .data          0x0000000000000000        0x0 C:/Program Files (x86)/Atmel/Studio/7.0/Packs/atmel/ATmega_DFP/1.6.364/xc8/avr/lib/avr5/memx-const\libatmega644pa.a(eeupd_byte.o)
 .bss           0x0000000000000000        0x0 C:/Program Files (x86)/Atmel/Studio/7.0/Packs/atmel/ATmega_DFP/1.6.364/xc8/avr/lib/avr5/memx-const\libatmega644pa.a(eeupd_byte.o)
 .text.avrlibc  0x0000000000000000       0x24 C:/Program Files (x86)/Atmel/Studio/7.0/Packs/atmel/ATmega_DFP/1.6.364/xc8/avr/lib/avr5/memx-const\libatmega644pa.a(eeupd_byte.o)
 .stack.descriptors.hdr
                0x0000000000000000        0xe C:/Program Files (x86)/Atmel/Studio/7.0/Packs/atmel/ATmega_DFP/1.6.364/xc8/avr/lib/avr5/memx-const\libatmega644pa.a(eeupd_byte.o)
 .stack.descriptors
                0x0000000000000000       0x3f C:/Program Files (x86)/Atmel/Studio/7.0/Packs/atmel/ATmega_DFP/1.6.364/xc8/avr/lib/avr5/memx-const\libatmega644pa.a(eeupd_byte.o)
 .debug_line    0x0000000000000000       0xb9 C:/Program Files (x86)/Atmel/Studio/7.0/Packs/atmel/ATmega_DFP/1.6.364/xc8/avr/lib/avr5/memx-const\libatmega644pa.a(eeupd_byte.o)
 .debug_info    0x0000000000000000       0xad C:/Program Files (x86)/Atmel/Studio/7.0/Packs/atmel/ATmega_DFP/1.6.364/xc8/avr/lib/avr5/memx-const\libatmega644pa.a(eeupd_byte.o)
 .debug_abbrev  0x0000000000000000       0x14 C:/Program Files (x86)/Atmel/Studio/7.0/Packs/atmel/ATmega_DFP/1.6.364/xc8/avr/lib/avr5/memx-const\libatmega644pa.a(eeupd_byte.o)
 .debug_aranges
                0x0000000000000000       0x20 C:/Program Files (x86)/Atmel/Studio/7.0/Packs/atmel/ATmega_DFP/1.6.364/xc8/avr/lib/avr5/memx-const\libatmega644pa.a(eeupd_byte.o)
 .text          0x0000000000000000        0x0 c:/program files/microchip/xc8/v2.31/avr/bin/../lib/gcc/avr/5.4.0/avr5/memx-const\libgcc.a(_prologue.o)
 .data          0x0000000000000000        0x0 c:/program files/microchip/xc8/v2.31/avr/bin/../lib/gcc/avr/5.4.0/avr5/memx-const\libgcc.a(_prologue.o)
 .bss           0x0000000000000000        0x0 c:/program files/microchip/xc8/v2.31/avr/bin/../lib/gcc/avr/5.4.0/avr5/memx-const\libgcc.a(_prologue.o)
 .text.libgcc.mul
                0x0000000000000000        0x0 c:/program files/microchip/xc8/v2.31/avr/bin/../lib/gcc/avr/5.4.0/avr5/memx-const\libgcc.a(_prologue.o)
 .text.libgcc.div
                0x0000000000000000        0x0 c:/program files/microchip/xc8/v2.31/avr/bin/../lib/gcc/avr/5.4.0/avr5/memx-const\libgcc.a(_prologue.o)
 .text.libgcc   0x0000000000000000        0x0 c:/program files/microchip/xc8/v2.31/avr/bin/../lib/gcc/avr/5.4.0/avr5/memx-const\libgcc.a(_prologue.o)
 .text.libgcc.prologue
                0x0000000000000000       0x38 c:/program files/microchip/xc8/v2.31/avr/bin/../lib/gcc/avr/5.4.0/avr5/memx-const\libgcc.a(_prologue.o)
 .text.libgcc.builtins
                0x0000000000000000        0x0 c:/program files/microchip/xc8/v2.31/avr/bin/../lib/gcc/avr/5.4.0/avr5/memx-const\libgcc.a(_prologue.o)
 .text.libgcc.fmul
                0x0000000000000000        0x0 c:/program files/microchip/xc8/v2.31/avr/bin/../lib/gcc/avr/5.4.0/avr5/memx-const\libgcc.a(_prologue.o)
 .text.libgcc.fixed
                0x0000000000000000        0x0 c:/program files/microchip/xc8/v2.31/avr/bin/../lib/gcc/avr/5.4.0/avr5/memx-const\libgcc.a(_prologue.o)
 .text          0x0000000000000000        0x0 c:/program files/microchip/xc8/v2.31/avr/bin/../lib/gcc/avr/5.4.0/avr5/memx-const\libgcc.a(_epilogue.o)
 .data          0x0000000000000000        0x0 c:/program files/microchip/xc8/v2.31/avr/bin/../lib/gcc/avr/5.4.0/avr5/memx-const\libgcc.a(_epilogue.o)
 .bss           0x0000000000000000        0x0 c:/program files/microchip/xc8/v2.31/avr/bin/../lib/gcc/avr/5.4.0/avr5/memx-const\libgcc.a(_epilogue.o)
 .text.libgcc.mul
                0x0000000000000000        0x0 c:/program files/microchip/xc8/v2.31/avr/bin/../lib/gcc/avr/5.4.0/avr5/memx-const\libgcc.a(_epilogue.o)
 .text.libgcc.div
                0x0000000000000000        0x0 c:/program files/microchip/xc8/v2.31/avr/bin/../lib/gcc/avr/5.4.0/avr5/memx-const\libgcc.a(_epilogue.o)
 .text.libgcc   0x0000000000000000        0x0 c:/program files/microchip/xc8/v2.31/avr/bin/../lib/gcc/avr/5.4.0/avr5/memx-const\libgcc.a(_epilogue.o)
 .text.libgcc.prologue
                0x0000000000000000       0x36 c:/program files/microchip/xc8/v2.31/avr/bin/../lib/gcc/avr/5.4.0/avr5/memx-const\libgcc.a(_epilogue.o)
 .text.libgcc.builtins
                0x0000000000000000        0x0 c:/program files/microchip/xc8/v2.31/avr/bin/../lib/gcc/avr/5.4.0/avr5/memx-const\libgcc.a(_epilogue.o)
 .text.libgcc.fmul
                0x0000000000000000        0x0 c:/program files/microchip/xc8/v2.31/avr/bin/../lib/gcc/avr/5.4.0/avr5/memx-const\libgcc.a(_epilogue.o)
 .text.libgcc.fixed
                0x0000000000000000        0x0 c:/program files/microchip/xc8/v2.31/avr/bin/../lib/gcc/avr/5.4.0/avr5/memx-const\libgcc.a(_epilogue.o)
 .text          0x0000000000000000        0x0 c:/program files/microchip/xc8/v2.31/avr/bin/../lib/gcc/avr/5.4.0/avr5/memx-const\libgcc.a(_xload_1.o)
 .data          0x0000000000000000        0x0 c:/program files/microchip/xc8/v2.31/avr/bin/../lib/gcc/avr/5.4.0/avr5/memx-const\libgcc.a(_xload_1.o)
 .bss           0x0000000000000000        0x0 c:/program files/microchip/xc8/v2.31/avr/bin/../lib/gcc/avr/5.4.0/avr5/memx-const\libgcc.a(_xload_1.o)
 .text.libgcc.mul
                0x0000000000000000        0x0 c:/program files/microchip/xc8/v2.31/avr/bin/../lib/gcc/avr/5.4.0/avr5/memx-const\libgcc.a(_xload_1.o)
 .text.libgcc.div
                0x0000000000000000        0x0 c:/program files/microchip/xc8/v2.31/avr/bin/../lib/gcc/avr/5.4.0/avr5/memx-const\libgcc.a(_xload_1.o)
 .text.libgcc   0x0000000000000000        0xa c:/program files/microchip/xc8/v2.31/avr/bin/../lib/gcc/avr/5.4.0/avr5/memx-const\libgcc.a(_xload_1.o)
 .text.libgcc.prologue
                0x0000000000000000        0x0 c:/program files/microchip/xc8/v2.31/avr/bin/../lib/gcc/avr/5.4.0/avr5/memx-const\libgcc.a(_xload_1.o)
 .text.libgcc.builtins
                0x0000000000000000        0x0 c:/program files/microchip/xc8/v2.31/avr/bin/../lib/gcc/avr/5.4.0/avr5/memx-const\libgcc.a(_xload_1.o)
 .text.libgcc.fmul
                0x0000000000000000        0x0 c:/program files/microchip/xc8/v2.31/avr/bin/../lib/gcc/avr/5.4.0/avr5/memx-const\libgcc.a(_xload_1.o)
 .text.libgcc.fixed
                0x0000000000000000        0x0 c:/program files/microchip/xc8/v2.31/avr/bin/../lib/gcc/avr/5.4.0/avr5/memx-const\libgcc.a(_xload_1.o)

Memory Configuration

Name             Origin             Length             Attributes
text             0x0000000000000000 0x0000000000010000 xr
data             0x0000000000800100 0x0000000000001000 rw !x
eeprom           0x0000000000810000 0x0000000000000800 rw !x
fuse             0x0000000000820000 0x0000000000000003 rw !x
lock             0x0000000000830000 0x0000000000000400 rw !x
signature        0x0000000000840000 0x0000000000000400 rw !x
user_signatures  0x0000000000850000 0x0000000000000400 rw !x
*default*        0x0000000000000000 0xffffffffffffffff

Linker script and memory map

Address of section .data set to 0x800100
LOAD C:/Program Files (x86)/Atmel/Studio/7.0/Packs/atmel/ATmega_DFP/1.6.364/xc8/avr/lib/avr5/memx-const/crtatmega644pa.o
LOAD HAL/PM/PM_HAL.o
LOAD HAL/RN2483/RN2483_HAL.o
LOAD HAL/SCD30/SCD30_HAL.o
LOAD HAL/TC0/TC0_HAL.o
LOAD HAL/TC1/TC1_HAL.o
LOAD HAL/TC2/TC2_HAL.o
LOAD HAL/TWI/TWI_API.o
LOAD HAL/TWI/TWI_HAL.o
LOAD HAL/UART0/UART0_HAL.o
LOAD HAL/UART1/UART1_HAL.o
LOAD main.o
LOAD MODULES/ADC_module/ADC_module.o
LOAD MODULES/EEPROM_module/EEPROM_module.o
LOAD MODULES/LORA_module/join_network/join_network.o
LOAD MODULES/LORA_module/lora_module.o
LOAD MODULES/LORA_module/RN2483_protocol/RN2483_protocol.o
LOAD MODULES/LORA_module/send_uplink/send_uplink.o
LOAD MODULES/LORA_module/sleep_controller/sleep_controller.o
LOAD MODULES/LORA_module/util/util.o
LOAD MODULES/MRPP_module/mrpp.o
LOAD MODULES/MRPP_module/util/mrpp_data.o
LOAD MODULES/MRPP_module/util/mrpp_state.o
LOAD MODULES/RTC_module/RTC_module.o
LOAD MODULES/SCD30_module/SCD30_module.o
LOAD TEST/ADC_module/test_ADC_module.o
LOAD TEST/EEPROM_module/test_EEPROM_module.o
LOAD TEST/LORA_module/test_lora_module.o
LOAD TEST/MRPP_module/helpers/util.o
LOAD TEST/MRPP_module/test_MRPP_module.o
LOAD TEST/RTC_module/test_RTC_module.o
LOAD TEST/SCD30_module/test_SCD30_module.o
LOAD TEST/PM_HAL/test_PM_HAL.o
LOAD TEST/TC0_HAL/test_TC0_HAL.o
LOAD TEST/TC1_HAL/test_TC1_HAL.o
LOAD TEST/TC2_HAL/test_TC2_HAL.o
LOAD TEST/test_runner.o
LOAD TEST/UART0_HAL/test_UART0_HAL.o
LOAD util/CRC8/CRC8.o
START GROUP
LOAD c:/program files/microchip/xc8/v2.31/avr/bin/../lib/gcc/avr/5.4.0/../../../../avr/lib/avr5/memx-const\libm.a
END GROUP
START GROUP
LOAD c:/program files/microchip/xc8/v2.31/avr/bin/../lib/gcc/avr/5.4.0/avr5/memx-const\libgcc.a
LOAD c:/program files/microchip/xc8/v2.31/avr/bin/../lib/gcc/avr/5.4.0/../../../../avr/lib/avr5/memx-const\libm.a
LOAD c:/program files/microchip/xc8/v2.31/avr/bin/../lib/gcc/avr/5.4.0/../../../../avr/lib/avr5/memx-const\libc.a
LOAD C:/Program Files (x86)/Atmel/Studio/7.0/Packs/atmel/ATmega_DFP/1.6.364/xc8/avr/lib/avr5/memx-const\libatmega644pa.a
END GROUP
                0x0000000000000000                __TEXT_REGION_ORIGIN__ = DEFINED (__TEXT_REGION_ORIGIN__)?__TEXT_REGION_ORIGIN__:0x0
                [0x0000000000800100]                __DATA_REGION_ORIGIN__ = DEFINED (__DATA_REGION_ORIGIN__)?__DATA_REGION_ORIGIN__:0x800060
                [0x0000000000010000]                __TEXT_REGION_LENGTH__ = DEFINED (__TEXT_REGION_LENGTH__)?__TEXT_REGION_LENGTH__:0x20000
                [0x0000000000001000]                __DATA_REGION_LENGTH__ = DEFINED (__DATA_REGION_LENGTH__)?__DATA_REGION_LENGTH__:0xffa0
                [0x0000000000000800]                __EEPROM_REGION_LENGTH__ = DEFINED (__EEPROM_REGION_LENGTH__)?__EEPROM_REGION_LENGTH__:0x10000
                [0x0000000000000003]                __FUSE_REGION_LENGTH__ = DEFINED (__FUSE_REGION_LENGTH__)?__FUSE_REGION_LENGTH__:0x400
                0x0000000000000400                __LOCK_REGION_LENGTH__ = DEFINED (__LOCK_REGION_LENGTH__)?__LOCK_REGION_LENGTH__:0x400
                0x0000000000000400                __SIGNATURE_REGION_LENGTH__ = DEFINED (__SIGNATURE_REGION_LENGTH__)?__SIGNATURE_REGION_LENGTH__:0x400
                0x0000000000000400                __USER_SIGNATURE_REGION_LENGTH__ = DEFINED (__USER_SIGNATURE_REGION_LENGTH__)?__USER_SIGNATURE_REGION_LENGTH__:0x400

.hash
 *(.hash)

.dynsym
 *(.dynsym)

.dynstr
 *(.dynstr)

.gnu.version
 *(.gnu.version)

.gnu.version_d
 *(.gnu.version_d)

.gnu.version_r
 *(.gnu.version_r)

.rel.init
 *(.rel.init)

.rela.init
 *(.rela.init)

.rel.text
 *(.rel.text)
 *(.rel.text.*)
 *(.rel.gnu.linkonce.t*)

.rela.text
 *(.rela.text)
 *(.rela.text.*)
 *(.rela.gnu.linkonce.t*)

.rel.fini
 *(.rel.fini)

.rela.fini
 *(.rela.fini)

.rel.rodata
 *(.rel.rodata)
 *(.rel.rodata.*)
 *(.rel.gnu.linkonce.r*)

.rela.rodata
 *(.rela.rodata)
 *(.rela.rodata.*)
 *(.rela.gnu.linkonce.r*)

.rel.data
 *(.rel.data)
 *(.rel.data.*)
 *(.rel.gnu.linkonce.d*)

.rela.data
 *(.rela.data)
 *(.rela.data.*)
 *(.rela.gnu.linkonce.d*)

.rel.ctors
 *(.rel.ctors)

.rela.ctors
 *(.rela.ctors)

.rel.dtors
 *(.rel.dtors)

.rela.dtors
 *(.rela.dtors)

.rel.got
 *(.rel.got)

.rela.got
 *(.rela.got)

.rel.bss
 *(.rel.bss)

.rela.bss
 *(.rela.bss)

.rel.plt
 *(.rel.plt)

.rela.plt
 *(.rela.plt)

.text           0x0000000000000000       0xd2
 *(.vectors)
 .vectors       0x0000000000000000       0x7c C:/Program Files (x86)/Atmel/Studio/7.0/Packs/atmel/ATmega_DFP/1.6.364/xc8/avr/lib/avr5/memx-const/crtatmega644pa.o
                0x0000000000000000                __vector_default
                0x0000000000000000                __vectors
 *(.vectors)
 *(.progmem.gcc*)
 *(.dinit)
 .dinit         0x000000000000007c        0x5 data_init
                0x0000000000000082                . = ALIGN (0x2)
 *fill*         0x0000000000000081        0x1 
                0x0000000000000082                __trampolines_start = .
 *(.trampolines)
 .trampolines   0x0000000000000082        0x0 linker stubs
 *(.trampolines*)
                0x0000000000000082                __trampolines_end = .
 *libprintf_flt.a:*(.progmem.data)
 *libc.a:*(.progmem.data)
                0x0000000000000082                . = ALIGN (0x2)
 *(.jumptables)
 *(.jumptables*)
 *(.lowtext)
 *(.lowtext*)
                0x0000000000000082                __ctors_start = .
 *(.ctors)
                0x0000000000000082                __ctors_end = .
                0x0000000000000082                __dtors_start = .
 *(.dtors)
                0x0000000000000082                __dtors_end = .
 SORT(*)(.ctors)
 SORT(*)(.dtors)
 *(.init0)
 .init0         0x0000000000000082        0x0 C:/Program Files (x86)/Atmel/Studio/7.0/Packs/atmel/ATmega_DFP/1.6.364/xc8/avr/lib/avr5/memx-const/crtatmega644pa.o
                0x0000000000000082                __init
 *(.init0)
 *(.init1)
 *(.init1)
 *(.init2)
 .init2         0x0000000000000082        0xc C:/Program Files (x86)/Atmel/Studio/7.0/Packs/atmel/ATmega_DFP/1.6.364/xc8/avr/lib/avr5/memx-const/crtatmega644pa.o
 *(.init2)
 *(.init3)
 *(.init3)
 *(.init4)
 .init4         0x000000000000008e       0x3c c:/program files/microchip/xc8/v2.31/avr/bin/../lib/gcc/avr/5.4.0/avr5/memx-const\libgcc.a(_copy_data.o)
                0x000000000000008e                __do_copy_data
                0x00000000000000bc                __do_clear_bss
 *(.init4)
 *(.init5)
 *(.init5)
 *(.init6)
 *(.init6)
 *(.init7)
 *(.init7)
 *(.init8)
 *(.init8)
 *(.init9)
 .init9         0x00000000000000ca        0x4 C:/Program Files (x86)/Atmel/Studio/7.0/Packs/atmel/ATmega_DFP/1.6.364/xc8/avr/lib/avr5/memx-const/crtatmega644pa.o
 *(.init9)
                0x00000000000000ce                . = ALIGN (0x2)
 *(.fini9)
 .fini9         0x00000000000000ce        0x0 c:/program files/microchip/xc8/v2.31/avr/bin/../lib/gcc/avr/5.4.0/avr5/memx-const\libgcc.a(_exit.o)
                0x00000000000000ce                _exit
                0x00000000000000ce                exit
 *(.fini9)
 *(.fini8)
 *(.fini8)
 *(.fini7)
 *(.fini7)
 *(.fini6)
 *(.fini6)
 *(.fini5)
 *(.fini5)
 *(.fini4)
 *(.fini4)
 *(.fini3)
 *(.fini3)
 *(.fini2)
 *(.fini2)
 *(.fini1)
 *(.fini1)
 *(.fini0)
 .fini0         0x00000000000000ce        0x4 c:/program files/microchip/xc8/v2.31/avr/bin/../lib/gcc/avr/5.4.0/avr5/memx-const\libgcc.a(_exit.o)
 *(.fini0)
                0x00000000000000d2                _etext = .

.data           0x0000000000800100        0x0 load address 0x00000000000000d2
                [!provide]                        PROVIDE (__data_start, .)
 *(.gnu.linkonce.d*)
 *(.gnu.linkonce.r*)
                0x0000000000800100                . = ALIGN (0x2)
                0x0000000000800100                _edata = .
                [!provide]                        PROVIDE (__data_end, .)

.bss            0x0000000000800100      0x12e
                [!provide]                        PROVIDE (__bss_start, .)
 *(COMMON)
 COMMON         0x0000000000800100        0x2 HAL/TC0/TC0_HAL.o
                0x0000000000800100                _cb
 COMMON         0x0000000000800102      0x12c HAL/UART0/UART0_HAL.o
                0x0000000000800102                rx_buffer
                0x0000000000800166                tx_buffer
                [!provide]                        PROVIDE (__bss_end, .)
                0x00000000000000d2                __data_load_start = LOADADDR (.data)
                0x00000000000000d2                __data_load_end = (__data_load_start + SIZEOF (.data))

.noinit         0x000000000080022e        0x0
                [!provide]                        PROVIDE (__noinit_start, .)
 *(.noinit*)
                [!provide]                        PROVIDE (__noinit_end, .)
                0x000000000080022e                _end = .

.eeprom         0x0000000000810000        0x0
 *(.eeprom*)
                0x0000000000810000                __eeprom_end = .

.fuse
 *(.fuse)
 *(.lfuse)
 *(.hfuse)
 *(.efuse)

.lock
 *(.lock*)

.signature
 *(.signature*)

.user_signatures
 *(.user_signatures*)

.stab
 *(.stab)

.stabstr
 *(.stabstr)

.stab.excl
 *(.stab.excl)

.stab.exclstr
 *(.stab.exclstr)

.stab.index
 *(.stab.index)

.stab.indexstr
 *(.stab.indexstr)

.comment        0x0000000000000000       0x2f
 *(.comment)
 .comment       0x0000000000000000       0x2f HAL/PM/PM_HAL.o
                                         0x30 (size before relaxing)
 .comment       0x000000000000002f       0x30 HAL/TC0/TC0_HAL.o
 .comment       0x000000000000002f       0x30 HAL/TC1/TC1_HAL.o
 .comment       0x000000000000002f       0x30 HAL/TC2/TC2_HAL.o
 .comment       0x000000000000002f       0x30 HAL/UART0/UART0_HAL.o
 .comment       0x000000000000002f       0x30 HAL/UART1/UART1_HAL.o
 .comment       0x000000000000002f       0x30 main.o

.note.gnu.build-id
 *(.note.gnu.build-id)

.debug
 *(.debug)

.line
 *(.line)

.debug_srcinfo
 *(.debug_srcinfo)

.debug_sfnames
 *(.debug_sfnames)

.debug_aranges
 *(.debug_aranges)

.debug_pubnames
 *(.debug_pubnames)

.debug_info     0x0000000000000000      0x6cc
 *(.debug_info .gnu.linkonce.wi.*)
 .debug_info    0x0000000000000000      0x6cc C:/Program Files (x86)/Atmel/Studio/7.0/Packs/atmel/ATmega_DFP/1.6.364/xc8/avr/lib/avr5/memx-const/crtatmega644pa.o

.debug_abbrev   0x0000000000000000      0x66e
 *(.debug_abbrev)
 .debug_abbrev  0x0000000000000000      0x66e C:/Program Files (x86)/Atmel/Studio/7.0/Packs/atmel/ATmega_DFP/1.6.364/xc8/avr/lib/avr5/memx-const/crtatmega644pa.o

.debug_line     0x0000000000000000      0x154
 *(.debug_line .debug_line.* .debug_line_end)
 .debug_line    0x0000000000000000      0x154 C:/Program Files (x86)/Atmel/Studio/7.0/Packs/atmel/ATmega_DFP/1.6.364/xc8/avr/lib/avr5/memx-const/crtatmega644pa.o

.debug_frame
 *(.debug_frame)

.debug_str      0x0000000000000000      0x252
 *(.debug_str)
 .debug_str     0x0000000000000000      0x252 C:/Program Files (x86)/Atmel/Studio/7.0/Packs/atmel/ATmega_DFP/1.6.364/xc8/avr/lib/avr5/memx-const/crtatmega644pa.o

.debug_loc
 *(.debug_loc)

.debug_macinfo
 *(.debug_macinfo)

.debug_weaknames
 *(.debug_weaknames)

.debug_funcnames
 *(.debug_funcnames)

.debug_typenames
 *(.debug_typenames)

.debug_varnames
 *(.debug_varnames)

.debug_pubtypes
 *(.debug_pubtypes)

.debug_ranges
 *(.debug_ranges)

.debug_macro
 *(.debug_macro)
OUTPUT(methane_sensor_v1.elf elf32-avr)
LOAD linker stubs
LOAD data_init

.note.gnu.avr.deviceinfo
                0x0000000000000000       0x40
 .note.gnu.avr.deviceinfo
                0x0000000000000000       0x40 C:/Program Files (x86)/Atmel/Studio/7.0/Packs/atmel/ATmega_DFP/1.6.364/xc8/avr/lib/avr5/memx-const/crtatmega644pa.o

.text.startup.main
                0x00000000000000d2        0x2
 .text.startup.main
                0x00000000000000d2        0x2 main.o
                0x00000000000000d2                main

.text           0x00000000000000d4        0x2
 .text          0x00000000000000d4        0x2 C:/Program Files (x86)/Atmel/Studio/7.0/Packs/atmel/ATmega_DFP/1.6.364/xc8/avr/lib/avr5/memx-const/crtatmega644pa.o
                0x00000000000000d4                __vector_1
                0x00000000000000d4                __vector_24
                0x00000000000000d4                __vector_12
                0x00000000000000d4                __bad_interrupt
                0x00000000000000d4                __vector_6
                0x00000000000000d4                __vector_23
                0x00000000000000d4                __vector_25
                0x00000000000000d4                __vector_11
                0x00000000000000d4                __vector_17
                0x00000000000000d4                __vector_19
                0x00000000000000d4                __vector_7
                0x00000000000000d4                __vector_27
                0x00000000000000d4                __vector_5
                0x00000000000000d4                __vector_4
                0x00000000000000d4                __vector_2
                0x00000000000000d4                __vector_21
                0x00000000000000d4                __vector_15
                0x00000000000000d4                __vector_29
                0x00000000000000d4                __vector_8
                0x00000000000000d4                __vector_26
                0x00000000000000d4                __vector_14
                0x00000000000000d4                __vector_10
                0x00000000000000d4                __vector_18

.text.__vector_3
                0x00000000000000d6       0x14
 .text.__vector_3
                0x00000000000000d6       0x14 HAL/PM/PM_HAL.o
                0x00000000000000d6                __vector_3

.text.__vector_16
                0x00000000000000ea       0x4e
 .text.__vector_16
                0x00000000000000ea       0x4e HAL/TC0/TC0_HAL.o
                0x00000000000000ea                __vector_16

.text.__vector_13
                0x0000000000000138       0x4e
 .text.__vector_13
                0x0000000000000138       0x4e HAL/TC1/TC1_HAL.o
                0x0000000000000138                __vector_13

.text.__vector_9
                0x0000000000000186       0x94
 .text.__vector_9
                0x0000000000000186       0x94 HAL/TC2/TC2_HAL.o
                0x0000000000000186                __vector_9

.text.__vector_22
                0x000000000000021a       0x58
 .text.__vector_22
                0x000000000000021a       0x58 HAL/UART0/UART0_HAL.o
                0x000000000000021a                __vector_22

.text.__vector_20
                0x0000000000000272       0x7a
 .text.__vector_20
                0x0000000000000272       0x7a HAL/UART0/UART0_HAL.o
                0x0000000000000272                __vector_20

.text.__vector_30
                0x00000000000002ec       0x58
 .text.__vector_30
                0x00000000000002ec       0x58 HAL/UART1/UART1_HAL.o
                0x00000000000002ec                __vector_30

.text.__vector_28
                0x0000000000000344       0x84
 .text.__vector_28
                0x0000000000000344       0x84 HAL/UART1/UART1_HAL.o
                0x0000000000000344                __vector_28

.bss.cnt        0x000000000080022e        0x1
 .bss.cnt       0x000000000080022e        0x1 HAL/TC2/TC2_HAL.o

.bss.callbacks  0x000000000080022f        0xa
 .bss.callbacks
                0x000000000080022f        0xa HAL/TC2/TC2_HAL.o

.bss.rx_buffer_has_message
                0x0000000000800239        0x1
 .bss.rx_buffer_has_message
                0x0000000000800239        0x1 HAL/UART0/UART0_HAL.o
                0x0000000000800239                rx_buffer_has_message

.bss.rx_buffer_data_len
                0x000000000080023a        0x1
 .bss.rx_buffer_data_len
                0x000000000080023a        0x1 HAL/UART0/UART0_HAL.o
                0x000000000080023a                rx_buffer_data_len

.bss.tx_buffer_cursor
                0x000000000080023b        0x1
 .bss.tx_buffer_cursor
                0x000000000080023b        0x1 HAL/UART0/UART0_HAL.o
                0x000000000080023b                tx_buffer_cursor

.bss.tx_buffer_data_len
                0x000000000080023c        0x1
 .bss.tx_buffer_data_len
                0x000000000080023c        0x1 HAL/UART0/UART0_HAL.o
                0x000000000080023c                tx_buffer_data_len

.bss.rx_buffer_has_message
                0x000000000080023d        0x1
 .bss.rx_buffer_has_message
                0x000000000080023d        0x1 HAL/UART1/UART1_HAL.o

.bss.rx_buffer_data_len
                0x000000000080023e        0x1
 .bss.rx_buffer_data_len
                0x000000000080023e        0x1 HAL/UART1/UART1_HAL.o

.bss.rx_buffer  0x000000000080023f       0x64
 .bss.rx_buffer
                0x000000000080023f       0x64 HAL/UART1/UART1_HAL.o

.bss.tx_buffer_cursor
                0x00000000008002a3        0x1
 .bss.tx_buffer_cursor
                0x00000000008002a3        0x1 HAL/UART1/UART1_HAL.o

.bss.tx_buffer_data_len
                0x00000000008002a4        0x1
 .bss.tx_buffer_data_len
                0x00000000008002a4        0x1 HAL/UART1/UART1_HAL.o

.bss.tx_buffer  0x00000000008002a5      0x12c
 .bss.tx_buffer
                0x00000000008002a5      0x12c HAL/UART1/UART1_HAL.o
